Archive member included to satisfy reference by file (symbol)

F:/ST/STM32CubeIDE_1.12.0/STM32CubeIDE/plugins/com.st.stm32cube.ide.mcu.externaltools.gnu-tools-for-stm32.11.3.rel1.win32_1.1.0.202305231506/tools/bin/../lib/gcc/arm-none-eabi/11.3.1/../../../../arm-none-eabi/lib/thumb/v7e-m+fp/hard\libc_nano.a(libc_a-exit.o)
                              F:/ST/STM32CubeIDE_1.12.0/STM32CubeIDE/plugins/com.st.stm32cube.ide.mcu.externaltools.gnu-tools-for-stm32.11.3.rel1.win32_1.1.0.202305231506/tools/bin/../lib/gcc/arm-none-eabi/11.3.1/../../../../arm-none-eabi/lib/thumb/v7e-m+fp/hard/crt0.o (exit)
F:/ST/STM32CubeIDE_1.12.0/STM32CubeIDE/plugins/com.st.stm32cube.ide.mcu.externaltools.gnu-tools-for-stm32.11.3.rel1.win32_1.1.0.202305231506/tools/bin/../lib/gcc/arm-none-eabi/11.3.1/../../../../arm-none-eabi/lib/thumb/v7e-m+fp/hard\libc_nano.a(libc_a-nano-vfprintf_float.o)
                              (_printf_float)
F:/ST/STM32CubeIDE_1.12.0/STM32CubeIDE/plugins/com.st.stm32cube.ide.mcu.externaltools.gnu-tools-for-stm32.11.3.rel1.win32_1.1.0.202305231506/tools/bin/../lib/gcc/arm-none-eabi/11.3.1/../../../../arm-none-eabi/lib/thumb/v7e-m+fp/hard\libc_nano.a(libc_a-nano-vfprintf_i.o)
                              F:/ST/STM32CubeIDE_1.12.0/STM32CubeIDE/plugins/com.st.stm32cube.ide.mcu.externaltools.gnu-tools-for-stm32.11.3.rel1.win32_1.1.0.202305231506/tools/bin/../lib/gcc/arm-none-eabi/11.3.1/../../../../arm-none-eabi/lib/thumb/v7e-m+fp/hard\libc_nano.a(libc_a-nano-vfprintf_float.o) (_printf_common)
F:/ST/STM32CubeIDE_1.12.0/STM32CubeIDE/plugins/com.st.stm32cube.ide.mcu.externaltools.gnu-tools-for-stm32.11.3.rel1.win32_1.1.0.202305231506/tools/bin/../lib/gcc/arm-none-eabi/11.3.1/../../../../arm-none-eabi/lib/thumb/v7e-m+fp/hard\libc_nano.a(libc_a-nano-vfscanf_float.o)
                              (_scanf_float)
F:/ST/STM32CubeIDE_1.12.0/STM32CubeIDE/plugins/com.st.stm32cube.ide.mcu.externaltools.gnu-tools-for-stm32.11.3.rel1.win32_1.1.0.202305231506/tools/bin/../lib/gcc/arm-none-eabi/11.3.1/../../../../arm-none-eabi/lib/thumb/v7e-m+fp/hard\libc_nano.a(libc_a-findfp.o)
                              F:/ST/STM32CubeIDE_1.12.0/STM32CubeIDE/plugins/com.st.stm32cube.ide.mcu.externaltools.gnu-tools-for-stm32.11.3.rel1.win32_1.1.0.202305231506/tools/bin/../lib/gcc/arm-none-eabi/11.3.1/../../../../arm-none-eabi/lib/thumb/v7e-m+fp/hard\libc_nano.a(libc_a-exit.o) (__stdio_exit_handler)
F:/ST/STM32CubeIDE_1.12.0/STM32CubeIDE/plugins/com.st.stm32cube.ide.mcu.externaltools.gnu-tools-for-stm32.11.3.rel1.win32_1.1.0.202305231506/tools/bin/../lib/gcc/arm-none-eabi/11.3.1/../../../../arm-none-eabi/lib/thumb/v7e-m+fp/hard\libc_nano.a(libc_a-fwalk.o)
                              F:/ST/STM32CubeIDE_1.12.0/STM32CubeIDE/plugins/com.st.stm32cube.ide.mcu.externaltools.gnu-tools-for-stm32.11.3.rel1.win32_1.1.0.202305231506/tools/bin/../lib/gcc/arm-none-eabi/11.3.1/../../../../arm-none-eabi/lib/thumb/v7e-m+fp/hard\libc_nano.a(libc_a-findfp.o) (_fwalk_sglue)
F:/ST/STM32CubeIDE_1.12.0/STM32CubeIDE/plugins/com.st.stm32cube.ide.mcu.externaltools.gnu-tools-for-stm32.11.3.rel1.win32_1.1.0.202305231506/tools/bin/../lib/gcc/arm-none-eabi/11.3.1/../../../../arm-none-eabi/lib/thumb/v7e-m+fp/hard\libc_nano.a(libc_a-snprintf.o)
                              ./Core/Src/pawprint.o (snprintf)
F:/ST/STM32CubeIDE_1.12.0/STM32CubeIDE/plugins/com.st.stm32cube.ide.mcu.externaltools.gnu-tools-for-stm32.11.3.rel1.win32_1.1.0.202305231506/tools/bin/../lib/gcc/arm-none-eabi/11.3.1/../../../../arm-none-eabi/lib/thumb/v7e-m+fp/hard\libc_nano.a(libc_a-sprintf.o)
                              F:/ST/STM32CubeIDE_1.12.0/STM32CubeIDE/plugins/com.st.stm32cube.ide.mcu.externaltools.gnu-tools-for-stm32.11.3.rel1.win32_1.1.0.202305231506/tools/bin/../lib/gcc/arm-none-eabi/11.3.1/../../../../arm-none-eabi/lib/thumb/v7e-m+fp/hard\libc_nano.a(libc_a-nano-vfscanf_float.o) (sprintf)
F:/ST/STM32CubeIDE_1.12.0/STM32CubeIDE/plugins/com.st.stm32cube.ide.mcu.externaltools.gnu-tools-for-stm32.11.3.rel1.win32_1.1.0.202305231506/tools/bin/../lib/gcc/arm-none-eabi/11.3.1/../../../../arm-none-eabi/lib/thumb/v7e-m+fp/hard\libc_nano.a(libc_a-stdio.o)
                              F:/ST/STM32CubeIDE_1.12.0/STM32CubeIDE/plugins/com.st.stm32cube.ide.mcu.externaltools.gnu-tools-for-stm32.11.3.rel1.win32_1.1.0.202305231506/tools/bin/../lib/gcc/arm-none-eabi/11.3.1/../../../../arm-none-eabi/lib/thumb/v7e-m+fp/hard\libc_nano.a(libc_a-findfp.o) (__sread)
F:/ST/STM32CubeIDE_1.12.0/STM32CubeIDE/plugins/com.st.stm32cube.ide.mcu.externaltools.gnu-tools-for-stm32.11.3.rel1.win32_1.1.0.202305231506/tools/bin/../lib/gcc/arm-none-eabi/11.3.1/../../../../arm-none-eabi/lib/thumb/v7e-m+fp/hard\libc_nano.a(libc_a-memmove.o)
                              ./Core/Src/pawprint.o (memmove)
[...]
Memory Configuration

Name             Origin             Length             Attributes
RAM              0x0000000020000000 0x0000000000018000 xrw
RAM2             0x0000000010000000 0x0000000000008000 xrw
FLASH            0x0000000008000000 0x0000000000100000 xr
*default*        0x0000000000000000 0xffffffffffffffff

Linker script and memory map

LOAD F:/ST/STM32CubeIDE_1.12.0/STM32CubeIDE/plugins/com.st.stm32cube.ide.mcu.externaltools.gnu-tools-for-stm32.11.3.rel1.win32_1.1.0.202305231506/tools/bin/../lib/gcc/arm-none-eabi/11.3.1/thumb/v7e-m+fp/hard/crti.o
LOAD F:/ST/STM32CubeIDE_1.12.0/STM32CubeIDE/plugins/com.st.stm32cube.ide.mcu.externaltools.gnu-tools-for-stm32.11.3.rel1.win32_1.1.0.202305231506/tools/bin/../lib/gcc/arm-none-eabi/11.3.1/thumb/v7e-m+fp/hard/crtbegin.o
LOAD F:/ST/STM32CubeIDE_1.12.0/STM32CubeIDE/plugins/com.st.stm32cube.ide.mcu.externaltools.gnu-tools-for-stm32.11.3.rel1.win32_1.1.0.202305231506/tools/bin/../lib/gcc/arm-none-eabi/11.3.1/../../../../arm-none-eabi/lib/thumb/v7e-m+fp/hard/crt0.o
LOAD ./Core/Src/lis2mdl.o
LOAD ./Core/Src/lsm6dso.o
LOAD ./Core/Src/main.o
LOAD ./Core/Src/pawprint.o
LOAD ./Core/Src/st_fifo.o
LOAD ./Core/Src/stm32l4xx_hal_msp.o
LOAD ./Core/Src/stm32l4xx_it.o
LOAD ./Core/Src/stts751.o
LOAD ./Core/Src/syscalls.o
LOAD ./Core/Src/sysmem.o
LOAD ./Core/Src/system_stm32l4xx.o
LOAD ./Core/Startup/startup_stm32l476rgtx.o
LOAD ./Drivers/STM32L4xx_HAL_Driver/Src/stm32l4xx_hal.o
LOAD ./Drivers/STM32L4xx_HAL_Driver/Src/stm32l4xx_hal_cortex.o
LOAD ./Drivers/STM32L4xx_HAL_Driver/Src/stm32l4xx_hal_dma.o
LOAD ./Drivers/STM32L4xx_HAL_Driver/Src/stm32l4xx_hal_dma_ex.o
LOAD ./Drivers/STM32L4xx_HAL_Driver/Src/stm32l4xx_hal_exti.o
LOAD ./Drivers/STM32L4xx_HAL_Driver/Src/stm32l4xx_hal_flash.o
LOAD ./Drivers/STM32L4xx_HAL_Driver/Src/stm32l4xx_hal_flash_ex.o
LOAD ./Drivers/STM32L4xx_HAL_Driver/Src/stm32l4xx_hal_flash_ramfunc.o
LOAD ./Drivers/STM32L4xx_HAL_Driver/Src/stm32l4xx_hal_gpio.o
LOAD ./Drivers/STM32L4xx_HAL_Driver/Src/stm32l4xx_hal_i2c.o
LOAD ./Drivers/STM32L4xx_HAL_Driver/Src/stm32l4xx_hal_i2c_ex.o
LOAD ./Drivers/STM32L4xx_HAL_Driver/Src/stm32l4xx_hal_pcd.o
LOAD ./Drivers/STM32L4xx_HAL_Driver/Src/stm32l4xx_hal_pcd_ex.o
LOAD ./Drivers/STM32L4xx_HAL_Driver/Src/stm32l4xx_hal_pwr.o
LOAD ./Drivers/STM32L4xx_HAL_Driver/Src/stm32l4xx_hal_pwr_ex.o
LOAD ./Drivers/STM32L4xx_HAL_Driver/Src/stm32l4xx_hal_rcc.o
LOAD ./Drivers/STM32L4xx_HAL_Driver/Src/stm32l4xx_hal_rcc_ex.o
LOAD ./Drivers/STM32L4xx_HAL_Driver/Src/stm32l4xx_hal_rtc.o
LOAD ./Drivers/STM32L4xx_HAL_Driver/Src/stm32l4xx_hal_rtc_ex.o
LOAD ./Drivers/STM32L4xx_HAL_Driver/Src/stm32l4xx_hal_sd.o
LOAD ./Drivers/STM32L4xx_HAL_Driver/Src/stm32l4xx_hal_sd_ex.o
LOAD ./Drivers/STM32L4xx_HAL_Driver/Src/stm32l4xx_hal_tim.o
LOAD ./Drivers/STM32L4xx_HAL_Driver/Src/stm32l4xx_hal_tim_ex.o
LOAD ./Drivers/STM32L4xx_HAL_Driver/Src/stm32l4xx_ll_sdmmc.o
LOAD ./Drivers/STM32L4xx_HAL_Driver/Src/stm32l4xx_ll_usb.o
LOAD ./FATFS/App/fatfs.o
LOAD ./FATFS/Target/bsp_driver_sd.o
LOAD ./FATFS/Target/fatfs_platform.o
LOAD ./FATFS/Target/sd_diskio.o
LOAD ./Middlewares/ST/STM32_USB_Device_Library/Class/CDC/Src/usbd_cdc.o
LOAD ./Middlewares/ST/STM32_USB_Device_Library/Core/Src/usbd_core.o
LOAD ./Middlewares/ST/STM32_USB_Device_Library/Core/Src/usbd_ctlreq.o
LOAD ./Middlewares/ST/STM32_USB_Device_Library/Core/Src/usbd_ioreq.o
LOAD ./Middlewares/Third_Party/FatFs/src/diskio.o
LOAD ./Middlewares/Third_Party/FatFs/src/ff.o
LOAD ./Middlewares/Third_Party/FatFs/src/ff_gen_drv.o
LOAD ./Middlewares/Third_Party/FatFs/src/option/syscall.o
LOAD ./USB_DEVICE/App/usb_device.o
LOAD ./USB_DEVICE/App/usbd_cdc_if.o
LOAD ./USB_DEVICE/App/usbd_desc.o
LOAD ./USB_DEVICE/Target/usbd_conf.o
START GROUP
LOAD F:/ST/STM32CubeIDE_1.12.0/STM32CubeIDE/plugins/com.st.stm32cube.ide.mcu.externaltools.gnu-tools-for-stm32.11.3.rel1.win32_1.1.0.202305231506/tools/bin/../lib/gcc/arm-none-eabi/11.3.1/../../../../arm-none-eabi/lib/thumb/v7e-m+fp/hard\libc_nano.a
LOAD F:/ST/STM32CubeIDE_1.12.0/STM32CubeIDE/plugins/com.st.stm32cube.ide.mcu.externaltools.gnu-tools-for-stm32.11.3.rel1.win32_1.1.0.202305231506/tools/bin/../lib/gcc/arm-none-eabi/11.3.1/../../../../arm-none-eabi/lib/thumb/v7e-m+fp/hard\libm.a
END GROUP
START GROUP
LOAD F:/ST/STM32CubeIDE_1.12.0/STM32CubeIDE/plugins/com.st.stm32cube.ide.mcu.externaltools.gnu-tools-for-stm32.11.3.rel1.win32_1.1.0.202305231506/tools/bin/../lib/gcc/arm-none-eabi/11.3.1/thumb/v7e-m+fp/hard\libgcc.a
LOAD F:/ST/STM32CubeIDE_1.12.0/STM32CubeIDE/plugins/com.st.stm32cube.ide.mcu.externaltools.gnu-tools-for-stm32.11.3.rel1.win32_1.1.0.202305231506/tools/bin/../lib/gcc/arm-none-eabi/11.3.1/../../../../arm-none-eabi/lib/thumb/v7e-m+fp/hard\libc_nano.a
END GROUP
START GROUP
LOAD F:/ST/STM32CubeIDE_1.12.0/STM32CubeIDE/plugins/com.st.stm32cube.ide.mcu.externaltools.gnu-tools-for-stm32.11.3.rel1.win32_1.1.0.202305231506/tools/bin/../lib/gcc/arm-none-eabi/11.3.1/thumb/v7e-m+fp/hard\libgcc.a
LOAD F:/ST/STM32CubeIDE_1.12.0/STM32CubeIDE/plugins/com.st.stm32cube.ide.mcu.externaltools.gnu-tools-for-stm32.11.3.rel1.win32_1.1.0.202305231506/tools/bin/../lib/gcc/arm-none-eabi/11.3.1/../../../../arm-none-eabi/lib/thumb/v7e-m+fp/hard\libc_nano.a
LOAD F:/ST/STM32CubeIDE_1.12.0/STM32CubeIDE/plugins/com.st.stm32cube.ide.mcu.externaltools.gnu-tools-for-stm32.11.3.rel1.win32_1.1.0.202305231506/tools/bin/../lib/gcc/arm-none-eabi/11.3.1/../../../../arm-none-eabi/lib/thumb/v7e-m+fp/hard\libnosys.a
END GROUP
START GROUP
LOAD F:/ST/STM32CubeIDE_1.12.0/STM32CubeIDE/plugins/com.st.stm32cube.ide.mcu.externaltools.gnu-tools-for-stm32.11.3.rel1.win32_1.1.0.202305231506/tools/bin/../lib/gcc/arm-none-eabi/11.3.1/thumb/v7e-m+fp/hard\libgcc.a
LOAD F:/ST/STM32CubeIDE_1.12.0/STM32CubeIDE/plugins/com.st.stm32cube.ide.mcu.externaltools.gnu-tools-for-stm32.11.3.rel1.win32_1.1.0.202305231506/tools/bin/../lib/gcc/arm-none-eabi/11.3.1/../../../../arm-none-eabi/lib/thumb/v7e-m+fp/hard\libc_nano.a
LOAD F:/ST/STM32CubeIDE_1.12.0/STM32CubeIDE/plugins/com.st.stm32cube.ide.mcu.externaltools.gnu-tools-for-stm32.11.3.rel1.win32_1.1.0.202305231506/tools/bin/../lib/gcc/arm-none-eabi/11.3.1/../../../../arm-none-eabi/lib/thumb/v7e-m+fp/hard\libnosys.a
END GROUP
LOAD F:/ST/STM32CubeIDE_1.12.0/STM32CubeIDE/plugins/com.st.stm32cube.ide.mcu.externaltools.gnu-tools-for-stm32.11.3.rel1.win32_1.1.0.202305231506/tools/bin/../lib/gcc/arm-none-eabi/11.3.1/thumb/v7e-m+fp/hard/crtend.o
LOAD F:/ST/STM32CubeIDE_1.12.0/STM32CubeIDE/plugins/com.st.stm32cube.ide.mcu.externaltools.gnu-tools-for-stm32.11.3.rel1.win32_1.1.0.202305231506/tools/bin/../lib/gcc/arm-none-eabi/11.3.1/thumb/v7e-m+fp/hard/crtn.o
                0x0000000020018000                _estack = (ORIGIN (RAM) + LENGTH (RAM))
                0x0000000000000400                _Min_Heap_Size = 0x400
                0x0000000000000800                _Min_Stack_Size = 0x800

.isr_vector     0x0000000008000000      0x188
                0x0000000008000000                . = ALIGN (0x4)
 *(.isr_vector)
 .isr_vector    0x0000000008000000      0x188 ./Core/Startup/startup_stm32l476rgtx.o
                0x0000000008000000                g_pfnVectors
                0x0000000008000188                . = ALIGN (0x4)

.text           0x0000000008000190    0x15398
                0x0000000008000190                . = ALIGN (0x4)
 *(.text)
 .text          0x0000000008000190       0x40 F:/ST/STM32CubeIDE_1.12.0/STM32CubeIDE/plugins/com.st.stm32cube.ide.mcu.externaltools.gnu-tools-for-stm32.11.3.rel1.win32_1.1.0.202305231506/tools/bin/../lib/gcc/arm-none-eabi/11.3.1/thumb/v7e-m+fp/hard/crtbegin.o
 .text          0x00000000080001d0       0xa0 F:/ST/STM32CubeIDE_1.12.0/STM32CubeIDE/plugins/com.st.stm32cube.ide.mcu.externaltools.gnu-tools-for-stm32.11.3.rel1.win32_1.1.0.202305231506/tools/bin/../lib/gcc/arm-none-eabi/11.3.1/../../../../arm-none-eabi/lib/thumb/v7e-m+fp/hard\libc_nano.a(libc_a-memchr.o)
                0x00000000080001d0                memchr
 .text          0x0000000008000270       0x10 F:/ST/STM32CubeIDE_1.12.0/STM32CubeIDE/plugins/com.st.stm32cube.ide.mcu.externaltools.gnu-tools-for-stm32.11.3.rel1.win32_1.1.0.202305231506/tools/bin/../lib/gcc/arm-none-eabi/11.3.1/../../../../arm-none-eabi/lib/thumb/v7e-m+fp/hard\libc_nano.a(libc_a-strlen.o)
                0x0000000008000270                strlen
 .text          0x0000000008000280      0x378 F:/ST/STM32CubeIDE_1.12.0/STM32CubeIDE/plugins/com.st.stm32cube.ide.mcu.externaltools.gnu-tools-for-stm32.11.3.rel1.win32_1.1.0.202305231506/tools/bin/../lib/gcc/arm-none-eabi/11.3.1/thumb/v7e-m+fp/hard\libgcc.a(_arm_addsubdf3.o)
                0x0000000008000280                __aeabi_drsub
                0x0000000008000288                __aeabi_dsub
                0x0000000008000288                __subdf3
                0x000000000800028c                __aeabi_dadd
                0x000000000800028c                __adddf3
                0x0000000008000504                __floatunsidf
                0x0000000008000504                __aeabi_ui2d
                0x0000000008000524                __floatsidf
                0x0000000008000524                __aeabi_i2d
                0x0000000008000548                __aeabi_f2d
                0x0000000008000548                __extendsfdf2
                0x000000000800058c                __floatundidf
                0x000000000800058c                __aeabi_ul2d
                0x000000000800059c                __floatdidf
                0x000000000800059c                __aeabi_l2d
 .text          0x00000000080005f8      0x424 F:/ST/STM32CubeIDE_1.12.0/STM32CubeIDE/plugins/com.st.stm32cube.ide.mcu.externaltools.gnu-tools-for-stm32.11.3.rel1.win32_1.1.0.202305231506/tools/bin/../lib/gcc/arm-none-eabi/11.3.1/thumb/v7e-m+fp/hard\libgcc.a(_arm_muldivdf3.o)
                0x00000000080005f8                __aeabi_dmul
                0x00000000080005f8                __muldf3
                0x000000000800084c                __divdf3
                0x000000000800084c                __aeabi_ddiv
 .text          0x0000000008000a1c      0x110 F:/ST/STM32CubeIDE_1.12.0/STM32CubeIDE/plugins/com.st.stm32cube.ide.mcu.externaltools.gnu-tools-for-stm32.11.3.rel1.win32_1.1.0.202305231506/tools/bin/../lib/gcc/arm-none-eabi/11.3.1/thumb/v7e-m+fp/hard\libgcc.a(_arm_cmpdf2.o)
                0x0000000008000a1c                __gtdf2
                0x0000000008000a1c                __gedf2
                0x0000000008000a24                __ltdf2
                0x0000000008000a24                __ledf2
                0x0000000008000a2c                __nedf2
                0x0000000008000a2c                __eqdf2
                0x0000000008000a2c                __cmpdf2
                0x0000000008000aa8                __aeabi_cdrcmple
                0x0000000008000ab8                __aeabi_cdcmpeq
                0x0000000008000ab8                __aeabi_cdcmple
                0x0000000008000ac8                __aeabi_dcmpeq
                0x0000000008000adc                __aeabi_dcmplt
                0x0000000008000af0                __aeabi_dcmple
                0x0000000008000b04                __aeabi_dcmpge
                0x0000000008000b18                __aeabi_dcmpgt
 .text          0x0000000008000b2c       0x2c F:/ST/STM32CubeIDE_1.12.0/STM32CubeIDE/plugins/com.st.stm32cube.ide.mcu.externaltools.gnu-tools-for-stm32.11.3.rel1.win32_1.1.0.202305231506/tools/bin/../lib/gcc/arm-none-eabi/11.3.1/thumb/v7e-m+fp/hard\libgcc.a(_arm_unorddf2.o)
                0x0000000008000b2c                __unorddf2
                0x0000000008000b2c                __aeabi_dcmpun
 .text          0x0000000008000b58       0x50 F:/ST/STM32CubeIDE_1.12.0/STM32CubeIDE/plugins/com.st.stm32cube.ide.mcu.externaltools.gnu-tools-for-stm32.11.3.rel1.win32_1.1.0.202305231506/tools/bin/../lib/gcc/arm-none-eabi/11.3.1/thumb/v7e-m+fp/hard\libgcc.a(_arm_fixdfsi.o)
                0x0000000008000b58                __aeabi_d2iz
                0x0000000008000b58                __fixdfsi
 .text          0x0000000008000ba8       0x40 F:/ST/STM32CubeIDE_1.12.0/STM32CubeIDE/plugins/com.st.stm32cube.ide.mcu.externaltools.gnu-tools-for-stm32.11.3.rel1.win32_1.1.0.202305231506/tools/bin/../lib/gcc/arm-none-eabi/11.3.1/thumb/v7e-m+fp/hard\libgcc.a(_arm_fixunsdfsi.o)
                0x0000000008000ba8                __aeabi_d2uiz
                0x0000000008000ba8                __fixunsdfsi
 .text          0x0000000008000be8       0xa0 F:/ST/STM32CubeIDE_1.12.0/STM32CubeIDE/plugins/com.st.stm32cube.ide.mcu.externaltools.gnu-tools-for-stm32.11.3.rel1.win32_1.1.0.202305231506/tools/bin/../lib/gcc/arm-none-eabi/11.3.1/thumb/v7e-m+fp/hard\libgcc.a(_arm_truncdfsf2.o)
                0x0000000008000be8                __truncdfsf2
                0x0000000008000be8                __aeabi_d2f
 .text          0x0000000008000c88       0x30 F:/ST/STM32CubeIDE_1.12.0/STM32CubeIDE/plugins/com.st.stm32cube.ide.mcu.externaltools.gnu-tools-for-stm32.11.3.rel1.win32_1.1.0.202305231506/tools/bin/../lib/gcc/arm-none-eabi/11.3.1/thumb/v7e-m+fp/hard\libgcc.a(_fixdfdi.o)
                0x0000000008000c88                __fixdfdi
                0x0000000008000c88                __aeabi_d2lz
 .text          0x0000000008000cb8       0x3c F:/ST/STM32CubeIDE_1.12.0/STM32CubeIDE/plugins/com.st.stm32cube.ide.mcu.externaltools.gnu-tools-for-stm32.11.3.rel1.win32_1.1.0.202305231506/tools/bin/../lib/gcc/arm-none-eabi/11.3.1/thumb/v7e-m+fp/hard\libgcc.a(_fixunsdfdi.o)
                0x0000000008000cb8                __fixunsdfdi
                0x0000000008000cb8                __aeabi_d2ulz
 *(.text*)
 .text.LIS2MDL_ReadReg
                0x0000000008000cf4       0x34 ./Core/Src/lis2mdl.o
                0x0000000008000cf4                LIS2MDL_ReadReg
 .text.LIS2MDL_WriteReg
                0x0000000008000d28       0x34 ./Core/Src/lis2mdl.o
                0x0000000008000d28                LIS2MDL_WriteReg
 .text.LSM6DSO_ReadReg
                0x0000000008000d5c       0x34 ./Core/Src/lsm6dso.o
                0x0000000008000d5c                LSM6DSO_ReadReg
 .text.LSM6DSO_ReadRegs
                0x0000000008000d90       0x3c ./Core/Src/lsm6dso.o
                0x0000000008000d90                LSM6DSO_ReadRegs
 .text.LSM6DSO_WriteReg
                0x0000000008000dcc       0x34 ./Core/Src/lsm6dso.o
                0x0000000008000dcc                LSM6DSO_WriteReg
 .text.HAL_GPIO_EXTI_Callback
                0x0000000008000e00       0x16 ./Core/Src/main.o
                0x0000000008000e00                HAL_GPIO_EXTI_Callback
 *fill*         0x0000000008000e16        0x2 
 .text.main     0x0000000008000e18      0x1cc ./Core/Src/main.o
                0x0000000008000e18                main
 .text.SystemClock_Config
                0x0000000008000fe4       0xa2 ./Core/Src/main.o
                0x0000000008000fe4                SystemClock_Config
 *fill*         0x0000000008001086        0x2 
 .text.MX_I2C3_Init
                0x0000000008001088       0x80 ./Core/Src/main.o
 .text.MX_RTC_Init
                0x0000000008001108       0xb8 ./Core/Src/main.o
 .text.MX_SDMMC1_SD_Init
                0x00000000080011c0       0x48 ./Core/Src/main.o
 .text.MX_DMA_Init
                0x0000000008001208       0x3c ./Core/Src/main.o
 .text.MX_GPIO_Init
                0x0000000008001244       0xf4 ./Core/Src/main.o
 .text.Error_Handler
                0x0000000008001338        0xa ./Core/Src/main.o
                0x0000000008001338                Error_Handler
 .text.pawprint_init
                0x0000000008001342      0x3e4 ./Core/Src/pawprint.o
                0x0000000008001342                pawprint_init
 *fill*         0x0000000008001726        0x2 
 .text.pawprint_readFIFO
                0x0000000008001728      0x4e4 ./Core/Src/pawprint.o
                0x0000000008001728                pawprint_readFIFO
 .text.lsm6dso_from_fs2_to_mg
                0x0000000008001c0c       0x30 ./Core/Src/pawprint.o
                0x0000000008001c0c                lsm6dso_from_fs2_to_mg
 .text.lsm6dso_from_fs125_to_mdps
                0x0000000008001c3c       0x30 ./Core/Src/pawprint.o
                0x0000000008001c3c                lsm6dso_from_fs125_to_mdps
 .text.lis2mdl_from_lsb_to_mgauss
                0x0000000008001c6c       0x2c ./Core/Src/pawprint.o
                0x0000000008001c6c                lis2mdl_from_lsb_to_mgauss
 .text.HAL_MspInit
                0x0000000008001c98       0x48 ./Core/Src/stm32l4xx_hal_msp.o
                0x0000000008001c98                HAL_MspInit
 .text.HAL_I2C_MspInit
                0x0000000008001ce0       0xbc ./Core/Src/stm32l4xx_hal_msp.o
                0x0000000008001ce0                HAL_I2C_MspInit
 .text.HAL_RTC_MspInit
                0x0000000008001d9c       0x64 ./Core/Src/stm32l4xx_hal_msp.o
                0x0000000008001d9c                HAL_RTC_MspInit
 .text.HAL_SD_MspInit
                0x0000000008001e00      0x188 ./Core/Src/stm32l4xx_hal_msp.o
                0x0000000008001e00                HAL_SD_MspInit
 .text.NMI_Handler
                0x0000000008001f88        0x6 ./Core/Src/stm32l4xx_it.o
                0x0000000008001f88                NMI_Handler
 .text.HardFault_Handler
                0x0000000008001f8e        0x6 ./Core/Src/stm32l4xx_it.o
                0x0000000008001f8e                HardFault_Handler
 .text.MemManage_Handler
                0x0000000008001f94        0x6 ./Core/Src/stm32l4xx_it.o
                0x0000000008001f94                MemManage_Handler
 .text.BusFault_Handler
                0x0000000008001f9a        0x6 ./Core/Src/stm32l4xx_it.o
                0x0000000008001f9a                BusFault_Handler
 .text.UsageFault_Handler
                0x0000000008001fa0        0x6 ./Core/Src/stm32l4xx_it.o
                0x0000000008001fa0                UsageFault_Handler
 .text.SVC_Handler
                0x0000000008001fa6        0xe ./Core/Src/stm32l4xx_it.o
                0x0000000008001fa6                SVC_Handler
 .text.DebugMon_Handler
                0x0000000008001fb4        0xe ./Core/Src/stm32l4xx_it.o
                0x0000000008001fb4                DebugMon_Handler
 .text.PendSV_Handler
                0x0000000008001fc2        0xe ./Core/Src/stm32l4xx_it.o
                0x0000000008001fc2                PendSV_Handler
 .text.SysTick_Handler
                0x0000000008001fd0        0xc ./Core/Src/stm32l4xx_it.o
                0x0000000008001fd0                SysTick_Handler
 .text.EXTI2_IRQHandler
                0x0000000008001fdc        0xe ./Core/Src/stm32l4xx_it.o
                0x0000000008001fdc                EXTI2_IRQHandler
 .text.EXTI3_IRQHandler
                0x0000000008001fea        0xe ./Core/Src/stm32l4xx_it.o
                0x0000000008001fea                EXTI3_IRQHandler
 .text.SDMMC1_IRQHandler
                0x0000000008001ff8       0x14 ./Core/Src/stm32l4xx_it.o
                0x0000000008001ff8                SDMMC1_IRQHandler
 .text.DMA2_Channel4_IRQHandler
                0x000000000800200c       0x14 ./Core/Src/stm32l4xx_it.o
                0x000000000800200c                DMA2_Channel4_IRQHandler
 .text.OTG_FS_IRQHandler
                0x0000000008002020       0x14 ./Core/Src/stm32l4xx_it.o
                0x0000000008002020                OTG_FS_IRQHandler
 .text.STTS751_ReadReg
                0x0000000008002034       0x34 ./Core/Src/stts751.o
                0x0000000008002034                STTS751_ReadReg
 .text._getpid  0x0000000008002068       0x10 ./Core/Src/syscalls.o
                0x0000000008002068                _getpid
 .text._kill    0x0000000008002078       0x20 ./Core/Src/syscalls.o
                0x0000000008002078                _kill
 .text._exit    0x0000000008002098       0x14 ./Core/Src/syscalls.o
                0x0000000008002098                _exit
 .text._read    0x00000000080020ac       0x3a ./Core/Src/syscalls.o
                0x00000000080020ac                _read
 .text._write   0x00000000080020e6       0x38 ./Core/Src/syscalls.o
                0x00000000080020e6                _write
 .text._close   0x000000000800211e       0x18 ./Core/Src/syscalls.o
                0x000000000800211e                _close
 .text._fstat   0x0000000008002136       0x20 ./Core/Src/syscalls.o
                0x0000000008002136                _fstat
 .text._isatty  0x0000000008002156       0x16 ./Core/Src/syscalls.o
                0x0000000008002156                _isatty
 .text._lseek   0x000000000800216c       0x1a ./Core/Src/syscalls.o
                0x000000000800216c                _lseek
 *fill*         0x0000000008002186        0x2 
 .text._sbrk    0x0000000008002188       0x6c ./Core/Src/sysmem.o
                0x0000000008002188                _sbrk
 .text.SystemInit
                0x00000000080021f4       0x24 ./Core/Src/system_stm32l4xx.o
                0x00000000080021f4                SystemInit
 .text.Reset_Handler
                0x0000000008002218       0x50 ./Core/Startup/startup_stm32l476rgtx.o
                0x0000000008002218                Reset_Handler
 .text.Default_Handler
                0x0000000008002268        0x2 ./Core/Startup/startup_stm32l476rgtx.o
                0x0000000008002268                RTC_Alarm_IRQHandler
                0x0000000008002268                TIM8_TRG_COM_IRQHandler
                0x0000000008002268                TIM8_CC_IRQHandler
                0x0000000008002268                TIM1_CC_IRQHandler
                0x0000000008002268                TSC_IRQHandler
                0x0000000008002268                TAMP_STAMP_IRQHandler
                0x0000000008002268                LPTIM2_IRQHandler
                0x0000000008002268                DFSDM1_FLT1_IRQHandler
                0x0000000008002268                I2C3_ER_IRQHandler
                0x0000000008002268                DFSDM1_FLT2_IRQHandler
                0x0000000008002268                EXTI0_IRQHandler
                0x0000000008002268                I2C2_EV_IRQHandler
                0x0000000008002268                CAN1_RX0_IRQHandler
                0x0000000008002268                FPU_IRQHandler
                0x0000000008002268                TIM1_UP_TIM16_IRQHandler
                0x0000000008002268                ADC1_2_IRQHandler
                0x0000000008002268                SPI1_IRQHandler
                0x0000000008002268                TIM6_DAC_IRQHandler
                0x0000000008002268                TIM8_UP_IRQHandler
                0x0000000008002268                DMA2_Channel2_IRQHandler
                0x0000000008002268                DMA1_Channel4_IRQHandler
                0x0000000008002268                SAI2_IRQHandler
                0x0000000008002268                DFSDM1_FLT3_IRQHandler
                0x0000000008002268                USART3_IRQHandler
                0x0000000008002268                DMA1_Channel7_IRQHandler
                0x0000000008002268                CAN1_RX1_IRQHandler
                0x0000000008002268                LCD_IRQHandler
                0x0000000008002268                UART5_IRQHandler
                0x0000000008002268                ADC3_IRQHandler
                0x0000000008002268                TIM4_IRQHandler
                0x0000000008002268                DMA2_Channel1_IRQHandler
                0x0000000008002268                QUADSPI_IRQHandler
                0x0000000008002268                I2C1_EV_IRQHandler
                0x0000000008002268                DMA1_Channel6_IRQHandler
                0x0000000008002268                UART4_IRQHandler
                0x0000000008002268                TIM3_IRQHandler
                0x0000000008002268                RCC_IRQHandler
                0x0000000008002268                DMA1_Channel1_IRQHandler
                0x0000000008002268                Default_Handler
                0x0000000008002268                DMA2_Channel7_IRQHandler
                0x0000000008002268                EXTI15_10_IRQHandler
                0x0000000008002268                TIM7_IRQHandler
                0x0000000008002268                TIM5_IRQHandler
                0x0000000008002268                I2C3_EV_IRQHandler
                0x0000000008002268                EXTI9_5_IRQHandler
                0x0000000008002268                RTC_WKUP_IRQHandler
                0x0000000008002268                PVD_PVM_IRQHandler
                0x0000000008002268                SPI2_IRQHandler
                0x0000000008002268                CAN1_TX_IRQHandler
                0x0000000008002268                DMA2_Channel5_IRQHandler
                0x0000000008002268                DMA1_Channel5_IRQHandler
                0x0000000008002268                EXTI4_IRQHandler
                0x0000000008002268                RNG_IRQHandler
                0x0000000008002268                TIM1_TRG_COM_TIM17_IRQHandler
                0x0000000008002268                DMA1_Channel3_IRQHandler
                0x0000000008002268                COMP_IRQHandler
                0x0000000008002268                WWDG_IRQHandler
                0x0000000008002268                LPUART1_IRQHandler
                0x0000000008002268                DMA2_Channel6_IRQHandler
                0x0000000008002268                TIM2_IRQHandler
                0x0000000008002268                EXTI1_IRQHandler
                0x0000000008002268                USART2_IRQHandler
                0x0000000008002268                DFSDM1_FLT0_IRQHandler
                0x0000000008002268                I2C2_ER_IRQHandler
                0x0000000008002268                DMA1_Channel2_IRQHandler
                0x0000000008002268                TIM8_BRK_IRQHandler
                0x0000000008002268                CAN1_SCE_IRQHandler
                0x0000000008002268                FLASH_IRQHandler
                0x0000000008002268                USART1_IRQHandler
                0x0000000008002268                SPI3_IRQHandler
                0x0000000008002268                I2C1_ER_IRQHandler
                0x0000000008002268                FMC_IRQHandler
                0x0000000008002268                SWPMI1_IRQHandler
                0x0000000008002268                LPTIM1_IRQHandler
                0x0000000008002268                SAI1_IRQHandler
                0x0000000008002268                DMA2_Channel3_IRQHandler
                0x0000000008002268                TIM1_BRK_TIM15_IRQHandler
 .text.HAL_Init
                0x000000000800226a       0x30 ./Drivers/STM32L4xx_HAL_Driver/Src/stm32l4xx_hal.o
                0x000000000800226a                HAL_Init
 *fill*         0x000000000800229a        0x2 
 .text.HAL_InitTick
                0x000000000800229c       0x78 ./Drivers/STM32L4xx_HAL_Driver/Src/stm32l4xx_hal.o
                0x000000000800229c                HAL_InitTick
 .text.HAL_IncTick
                0x0000000008002314       0x28 ./Drivers/STM32L4xx_HAL_Driver/Src/stm32l4xx_hal.o
                0x0000000008002314                HAL_IncTick
 .text.HAL_GetTick
                0x000000000800233c       0x18 ./Drivers/STM32L4xx_HAL_Driver/Src/stm32l4xx_hal.o
                0x000000000800233c                HAL_GetTick
 .text.HAL_Delay
                0x0000000008002354       0x48 ./Drivers/STM32L4xx_HAL_Driver/Src/stm32l4xx_hal.o
                0x0000000008002354                HAL_Delay
 .text.__NVIC_SetPriorityGrouping
                0x000000000800239c       0x48 ./Drivers/STM32L4xx_HAL_Driver/Src/stm32l4xx_hal_cortex.o
 .text.__NVIC_GetPriorityGrouping
                0x00000000080023e4       0x1c ./Drivers/STM32L4xx_HAL_Driver/Src/stm32l4xx_hal_cortex.o
 .text.__NVIC_EnableIRQ
                0x0000000008002400       0x3c ./Drivers/STM32L4xx_HAL_Driver/Src/stm32l4xx_hal_cortex.o
 .text.__NVIC_SetPriority
                0x000000000800243c       0x54 ./Drivers/STM32L4xx_HAL_Driver/Src/stm32l4xx_hal_cortex.o
 .text.NVIC_EncodePriority
                0x0000000008002490       0x66 ./Drivers/STM32L4xx_HAL_Driver/Src/stm32l4xx_hal_cortex.o
 *fill*         0x00000000080024f6        0x2 
 .text.SysTick_Config
                0x00000000080024f8       0x44 ./Drivers/STM32L4xx_HAL_Driver/Src/stm32l4xx_hal_cortex.o
 .text.HAL_NVIC_SetPriorityGrouping
                0x000000000800253c       0x16 ./Drivers/STM32L4xx_HAL_Driver/Src/stm32l4xx_hal_cortex.o
                0x000000000800253c                HAL_NVIC_SetPriorityGrouping
 .text.HAL_NVIC_SetPriority
                0x0000000008002552       0x38 ./Drivers/STM32L4xx_HAL_Driver/Src/stm32l4xx_hal_cortex.o
                0x0000000008002552                HAL_NVIC_SetPriority
 .text.HAL_NVIC_EnableIRQ
                0x000000000800258a       0x1c ./Drivers/STM32L4xx_HAL_Driver/Src/stm32l4xx_hal_cortex.o
                0x000000000800258a                HAL_NVIC_EnableIRQ
 .text.HAL_SYSTICK_Config
                0x00000000080025a6       0x18 ./Drivers/STM32L4xx_HAL_Driver/Src/stm32l4xx_hal_cortex.o
                0x00000000080025a6                HAL_SYSTICK_Config
 *fill*         0x00000000080025be        0x2 
 .text.HAL_DMA_Init
                0x00000000080025c0      0x170 ./Drivers/STM32L4xx_HAL_Driver/Src/stm32l4xx_hal_dma.o
                0x00000000080025c0                HAL_DMA_Init
 .text.HAL_DMA_Start_IT
                0x0000000008002730       0xc0 ./Drivers/STM32L4xx_HAL_Driver/Src/stm32l4xx_hal_dma.o
                0x0000000008002730                HAL_DMA_Start_IT
 .text.HAL_DMA_Abort_IT
                0x00000000080027f0       0x82 ./Drivers/STM32L4xx_HAL_Driver/Src/stm32l4xx_hal_dma.o
                0x00000000080027f0                HAL_DMA_Abort_IT
 .text.HAL_DMA_IRQHandler
                0x0000000008002872      0x15e ./Drivers/STM32L4xx_HAL_Driver/Src/stm32l4xx_hal_dma.o
                0x0000000008002872                HAL_DMA_IRQHandler
 .text.DMA_SetConfig
                0x00000000080029d0       0x60 ./Drivers/STM32L4xx_HAL_Driver/Src/stm32l4xx_hal_dma.o
 .text.HAL_GPIO_Init
                0x0000000008002a30      0x354 ./Drivers/STM32L4xx_HAL_Driver/Src/stm32l4xx_hal_gpio.o
                0x0000000008002a30                HAL_GPIO_Init
 .text.HAL_GPIO_ReadPin
                0x0000000008002d84       0x30 ./Drivers/STM32L4xx_HAL_Driver/Src/stm32l4xx_hal_gpio.o
                0x0000000008002d84                HAL_GPIO_ReadPin
 .text.HAL_GPIO_EXTI_IRQHandler
                0x0000000008002db4       0x30 ./Drivers/STM32L4xx_HAL_Driver/Src/stm32l4xx_hal_gpio.o
                0x0000000008002db4                HAL_GPIO_EXTI_IRQHandler
 .text.HAL_I2C_Init
                0x0000000008002de4      0x136 ./Drivers/STM32L4xx_HAL_Driver/Src/stm32l4xx_hal_i2c.o
                0x0000000008002de4                HAL_I2C_Init
 *fill*         0x0000000008002f1a        0x2 
 .text.HAL_I2C_Mem_Write
                0x0000000008002f1c      0x230 ./Drivers/STM32L4xx_HAL_Driver/Src/stm32l4xx_hal_i2c.o
                0x0000000008002f1c                HAL_I2C_Mem_Write
 .text.HAL_I2C_Mem_Read
                0x000000000800314c      0x234 ./Drivers/STM32L4xx_HAL_Driver/Src/stm32l4xx_hal_i2c.o
                0x000000000800314c                HAL_I2C_Mem_Read
 .text.I2C_RequestMemoryWrite
                0x0000000008003380       0xa8 ./Drivers/STM32L4xx_HAL_Driver/Src/stm32l4xx_hal_i2c.o
 .text.I2C_RequestMemoryRead
                0x0000000008003428       0xa8 ./Drivers/STM32L4xx_HAL_Driver/Src/stm32l4xx_hal_i2c.o
 .text.I2C_Flush_TXDR
                0x00000000080034d0       0x48 ./Drivers/STM32L4xx_HAL_Driver/Src/stm32l4xx_hal_i2c.o
 .text.I2C_WaitOnFlagUntilTimeout
                0x0000000008003518       0x9e ./Drivers/STM32L4xx_HAL_Driver/Src/stm32l4xx_hal_i2c.o
 .text.I2C_WaitOnTXISFlagUntilTimeout
                0x00000000080035b6       0x8e ./Drivers/STM32L4xx_HAL_Driver/Src/stm32l4xx_hal_i2c.o
 .text.I2C_WaitOnSTOPFlagUntilTimeout
                0x0000000008003644       0x86 ./Drivers/STM32L4xx_HAL_Driver/Src/stm32l4xx_hal_i2c.o
 *fill*         0x00000000080036ca        0x2 
 .text.I2C_IsErrorOccurred
                0x00000000080036cc      0x1c0 ./Drivers/STM32L4xx_HAL_Driver/Src/stm32l4xx_hal_i2c.o
 .text.I2C_TransferConfig
                0x000000000800388c       0x64 ./Drivers/STM32L4xx_HAL_Driver/Src/stm32l4xx_hal_i2c.o
 .text.HAL_I2CEx_ConfigAnalogFilter
                0x00000000080038f0       0x96 ./Drivers/STM32L4xx_HAL_Driver/Src/stm32l4xx_hal_i2c_ex.o
                0x00000000080038f0                HAL_I2CEx_ConfigAnalogFilter
 .text.HAL_I2CEx_ConfigDigitalFilter
                0x0000000008003986       0x98 ./Drivers/STM32L4xx_HAL_Driver/Src/stm32l4xx_hal_i2c_ex.o
                0x0000000008003986                HAL_I2CEx_ConfigDigitalFilter
 .text.HAL_PCD_Init
                0x0000000008003a1e      0x248 ./Drivers/STM32L4xx_HAL_Driver/Src/stm32l4xx_hal_pcd.o
                0x0000000008003a1e                HAL_PCD_Init
 .text.HAL_PCD_Start
                0x0000000008003c66       0x5e ./Drivers/STM32L4xx_HAL_Driver/Src/stm32l4xx_hal_pcd.o
                0x0000000008003c66                HAL_PCD_Start
 .text.HAL_PCD_IRQHandler
                0x0000000008003cc4      0x926 ./Drivers/STM32L4xx_HAL_Driver/Src/stm32l4xx_hal_pcd.o
                0x0000000008003cc4                HAL_PCD_IRQHandler
 .text.HAL_PCD_SetAddress
                0x00000000080045ea       0x4a ./Drivers/STM32L4xx_HAL_Driver/Src/stm32l4xx_hal_pcd.o
                0x00000000080045ea                HAL_PCD_SetAddress
 .text.HAL_PCD_EP_Open
                0x0000000008004634       0xd0 ./Drivers/STM32L4xx_HAL_Driver/Src/stm32l4xx_hal_pcd.o
                0x0000000008004634                HAL_PCD_EP_Open
 .text.HAL_PCD_EP_Close
                0x0000000008004704       0x94 ./Drivers/STM32L4xx_HAL_Driver/Src/stm32l4xx_hal_pcd.o
                0x0000000008004704                HAL_PCD_EP_Close
 .text.HAL_PCD_EP_Receive
                0x0000000008004798       0x64 ./Drivers/STM32L4xx_HAL_Driver/Src/stm32l4xx_hal_pcd.o
                0x0000000008004798                HAL_PCD_EP_Receive
 .text.HAL_PCD_EP_GetRxCount
                0x00000000080047fc       0x30 ./Drivers/STM32L4xx_HAL_Driver/Src/stm32l4xx_hal_pcd.o
                0x00000000080047fc                HAL_PCD_EP_GetRxCount
 .text.HAL_PCD_EP_Transmit
                0x000000000800482c       0x62 ./Drivers/STM32L4xx_HAL_Driver/Src/stm32l4xx_hal_pcd.o
                0x000000000800482c                HAL_PCD_EP_Transmit
 .text.HAL_PCD_EP_SetStall
                0x000000000800488e       0xc4 ./Drivers/STM32L4xx_HAL_Driver/Src/stm32l4xx_hal_pcd.o
                0x000000000800488e                HAL_PCD_EP_SetStall
 .text.HAL_PCD_EP_ClrStall
                0x0000000008004952       0xac ./Drivers/STM32L4xx_HAL_Driver/Src/stm32l4xx_hal_pcd.o
                0x0000000008004952                HAL_PCD_EP_ClrStall
 .text.HAL_PCD_EP_Abort
                0x00000000080049fe       0x62 ./Drivers/STM32L4xx_HAL_Driver/Src/stm32l4xx_hal_pcd.o
                0x00000000080049fe                HAL_PCD_EP_Abort
 .text.PCD_WriteEmptyTxFifo
                0x0000000008004a60      0x110 ./Drivers/STM32L4xx_HAL_Driver/Src/stm32l4xx_hal_pcd.o
 .text.PCD_EP_OutXfrComplete_int
                0x0000000008004b70       0x9c ./Drivers/STM32L4xx_HAL_Driver/Src/stm32l4xx_hal_pcd.o
 .text.PCD_EP_OutSetupPacket_int
                0x0000000008004c0c       0x68 ./Drivers/STM32L4xx_HAL_Driver/Src/stm32l4xx_hal_pcd.o
 .text.HAL_PCDEx_SetTxFiFo
                0x0000000008004c74       0x8e ./Drivers/STM32L4xx_HAL_Driver/Src/stm32l4xx_hal_pcd_ex.o
                0x0000000008004c74                HAL_PCDEx_SetTxFiFo
 .text.HAL_PCDEx_SetRxFiFo
                0x0000000008004d02       0x22 ./Drivers/STM32L4xx_HAL_Driver/Src/stm32l4xx_hal_pcd_ex.o
                0x0000000008004d02                HAL_PCDEx_SetRxFiFo
 .text.HAL_PCDEx_ActivateLPM
                0x0000000008004d24       0x48 ./Drivers/STM32L4xx_HAL_Driver/Src/stm32l4xx_hal_pcd_ex.o
                0x0000000008004d24                HAL_PCDEx_ActivateLPM
 .text.HAL_PWREx_GetVoltageRange
                0x0000000008004d6c       0x1c ./Drivers/STM32L4xx_HAL_Driver/Src/stm32l4xx_hal_pwr_ex.o
                0x0000000008004d6c                HAL_PWREx_GetVoltageRange
 .text.HAL_PWREx_ControlVoltageScaling
                0x0000000008004d88       0xac ./Drivers/STM32L4xx_HAL_Driver/Src/stm32l4xx_hal_pwr_ex.o
                0x0000000008004d88                HAL_PWREx_ControlVoltageScaling
 .text.HAL_PWREx_EnableVddUSB
                0x0000000008004e34       0x20 ./Drivers/STM32L4xx_HAL_Driver/Src/stm32l4xx_hal_pwr_ex.o
                0x0000000008004e34                HAL_PWREx_EnableVddUSB
 .text.HAL_PWREx_EnterSHUTDOWNMode
                0x0000000008004e54       0x34 ./Drivers/STM32L4xx_HAL_Driver/Src/stm32l4xx_hal_pwr_ex.o
                0x0000000008004e54                HAL_PWREx_EnterSHUTDOWNMode
 .text.HAL_RCC_OscConfig
                0x0000000008004e88      0x7b8 ./Drivers/STM32L4xx_HAL_Driver/Src/stm32l4xx_hal_rcc.o
                0x0000000008004e88                HAL_RCC_OscConfig
 .text.HAL_RCC_ClockConfig
                0x0000000008005640      0x200 ./Drivers/STM32L4xx_HAL_Driver/Src/stm32l4xx_hal_rcc.o
                0x0000000008005640                HAL_RCC_ClockConfig
 .text.HAL_RCC_GetSysClockFreq
                0x0000000008005840      0x118 ./Drivers/STM32L4xx_HAL_Driver/Src/stm32l4xx_hal_rcc.o
                0x0000000008005840                HAL_RCC_GetSysClockFreq
 .text.HAL_RCC_GetHCLKFreq
                0x0000000008005958       0x18 ./Drivers/STM32L4xx_HAL_Driver/Src/stm32l4xx_hal_rcc.o
                0x0000000008005958                HAL_RCC_GetHCLKFreq
 .text.HAL_RCC_GetPCLK1Freq
                0x0000000008005970       0x2c ./Drivers/STM32L4xx_HAL_Driver/Src/stm32l4xx_hal_rcc.o
                0x0000000008005970                HAL_RCC_GetPCLK1Freq
 .text.HAL_RCC_GetPCLK2Freq
                0x000000000800599c       0x2c ./Drivers/STM32L4xx_HAL_Driver/Src/stm32l4xx_hal_rcc.o
                0x000000000800599c                HAL_RCC_GetPCLK2Freq
 .text.RCC_SetFlashLatencyFromMSIRange
                0x00000000080059c8       0xc0 ./Drivers/STM32L4xx_HAL_Driver/Src/stm32l4xx_hal_rcc.o
 .text.HAL_RCCEx_PeriphCLKConfig
                0x0000000008005a88      0x5d4 ./Drivers/STM32L4xx_HAL_Driver/Src/stm32l4xx_hal_rcc_ex.o
                0x0000000008005a88                HAL_RCCEx_PeriphCLKConfig
 .text.HAL_RCCEx_GetPeriphCLKFreq
                0x000000000800605c      0xadc ./Drivers/STM32L4xx_HAL_Driver/Src/stm32l4xx_hal_rcc_ex.o
                0x000000000800605c                HAL_RCCEx_GetPeriphCLKFreq
 .text.RCCEx_PLLSAI1_Config
                0x0000000008006b38      0x1e8 ./Drivers/STM32L4xx_HAL_Driver/Src/stm32l4xx_hal_rcc_ex.o
 .text.RCCEx_PLLSAI2_Config
                0x0000000008006d20      0x1bc ./Drivers/STM32L4xx_HAL_Driver/Src/stm32l4xx_hal_rcc_ex.o
 .text.RCCEx_GetSAIxPeriphCLKFreq
                0x0000000008006edc      0x1e0 ./Drivers/STM32L4xx_HAL_Driver/Src/stm32l4xx_hal_rcc_ex.o
 .text.HAL_RTC_Init
                0x00000000080070bc      0x110 ./Drivers/STM32L4xx_HAL_Driver/Src/stm32l4xx_hal_rtc.o
                0x00000000080070bc                HAL_RTC_Init
 .text.HAL_RTC_SetTime
                0x00000000080071cc      0x13a ./Drivers/STM32L4xx_HAL_Driver/Src/stm32l4xx_hal_rtc.o
                0x00000000080071cc                HAL_RTC_SetTime
 .text.HAL_RTC_SetDate
                0x0000000008007306      0x10e ./Drivers/STM32L4xx_HAL_Driver/Src/stm32l4xx_hal_rtc.o
                0x0000000008007306                HAL_RTC_SetDate
 .text.HAL_RTC_WaitForSynchro
                0x0000000008007414       0x48 ./Drivers/STM32L4xx_HAL_Driver/Src/stm32l4xx_hal_rtc.o
                0x0000000008007414                HAL_RTC_WaitForSynchro
 .text.RTC_EnterInitMode
                0x000000000800745c       0x66 ./Drivers/STM32L4xx_HAL_Driver/Src/stm32l4xx_hal_rtc.o
                0x000000000800745c                RTC_EnterInitMode
 *fill*         0x00000000080074c2        0x2 
 .text.RTC_ExitInitMode
                0x00000000080074c4       0x7c ./Drivers/STM32L4xx_HAL_Driver/Src/stm32l4xx_hal_rtc.o
                0x00000000080074c4                RTC_ExitInitMode
 .text.RTC_ByteToBcd2
                0x0000000008007540       0x40 ./Drivers/STM32L4xx_HAL_Driver/Src/stm32l4xx_hal_rtc.o
                0x0000000008007540                RTC_ByteToBcd2
 .text.HAL_SD_Init
                0x0000000008007580       0x60 ./Drivers/STM32L4xx_HAL_Driver/Src/stm32l4xx_hal_sd.o
                0x0000000008007580                HAL_SD_Init
 .text.HAL_SD_InitCard
                0x00000000080075e0      0x14c ./Drivers/STM32L4xx_HAL_Driver/Src/stm32l4xx_hal_sd.o
                0x00000000080075e0                HAL_SD_InitCard
 .text.HAL_SD_ReadBlocks_DMA
                0x000000000800772c      0x190 ./Drivers/STM32L4xx_HAL_Driver/Src/stm32l4xx_hal_sd.o
                0x000000000800772c                HAL_SD_ReadBlocks_DMA
 .text.HAL_SD_WriteBlocks_DMA
                0x00000000080078bc      0x198 ./Drivers/STM32L4xx_HAL_Driver/Src/stm32l4xx_hal_sd.o
                0x00000000080078bc                HAL_SD_WriteBlocks_DMA
 .text.HAL_SD_IRQHandler
                0x0000000008007a54      0x2ec ./Drivers/STM32L4xx_HAL_Driver/Src/stm32l4xx_hal_sd.o
                0x0000000008007a54                HAL_SD_IRQHandler
 .text.HAL_SD_ErrorCallback
                0x0000000008007d40       0x14 ./Drivers/STM32L4xx_HAL_Driver/Src/stm32l4xx_hal_sd.o
                0x0000000008007d40                HAL_SD_ErrorCallback
 .text.HAL_SD_GetCardCSD
                0x0000000008007d54      0x348 ./Drivers/STM32L4xx_HAL_Driver/Src/stm32l4xx_hal_sd.o
                0x0000000008007d54                HAL_SD_GetCardCSD
 .text.HAL_SD_GetCardInfo
                0x000000000800809c       0x58 ./Drivers/STM32L4xx_HAL_Driver/Src/stm32l4xx_hal_sd.o
                0x000000000800809c                HAL_SD_GetCardInfo
 .text.HAL_SD_ConfigWideBusOperation
                0x00000000080080f4      0x178 ./Drivers/STM32L4xx_HAL_Driver/Src/stm32l4xx_hal_sd.o
                0x00000000080080f4                HAL_SD_ConfigWideBusOperation
 .text.HAL_SD_GetCardState
                0x000000000800826c       0x40 ./Drivers/STM32L4xx_HAL_Driver/Src/stm32l4xx_hal_sd.o
                0x000000000800826c                HAL_SD_GetCardState
 .text.SD_DMATransmitCplt
                0x00000000080082ac       0x2a ./Drivers/STM32L4xx_HAL_Driver/Src/stm32l4xx_hal_sd.o
 .text.SD_DMAReceiveCplt
                0x00000000080082d6       0x70 ./Drivers/STM32L4xx_HAL_Driver/Src/stm32l4xx_hal_sd.o
 *fill*         0x0000000008008346        0x2 
 .text.SD_DMAError
                0x0000000008008348       0x98 ./Drivers/STM32L4xx_HAL_Driver/Src/stm32l4xx_hal_sd.o
 .text.SD_DMATxAbort
                0x00000000080083e0       0x6e ./Drivers/STM32L4xx_HAL_Driver/Src/stm32l4xx_hal_sd.o
 .text.SD_DMARxAbort
                0x000000000800844e       0x6e ./Drivers/STM32L4xx_HAL_Driver/Src/stm32l4xx_hal_sd.o
 .text.SD_InitCard
                0x00000000080084bc      0x19c ./Drivers/STM32L4xx_HAL_Driver/Src/stm32l4xx_hal_sd.o
 .text.SD_PowerON
                0x0000000008008658      0x11c ./Drivers/STM32L4xx_HAL_Driver/Src/stm32l4xx_hal_sd.o
 .text.SD_SendStatus
                0x0000000008008774       0x50 ./Drivers/STM32L4xx_HAL_Driver/Src/stm32l4xx_hal_sd.o
 .text.SD_WideBus_Enable
                0x00000000080087c4       0x96 ./Drivers/STM32L4xx_HAL_Driver/Src/stm32l4xx_hal_sd.o
 .text.SD_WideBus_Disable
                0x000000000800885a       0x96 ./Drivers/STM32L4xx_HAL_Driver/Src/stm32l4xx_hal_sd.o
 .text.SD_FindSCR
                0x00000000080088f0      0x194 ./Drivers/STM32L4xx_HAL_Driver/Src/stm32l4xx_hal_sd.o
 .text.SD_Read_IT
                0x0000000008008a84       0xa2 ./Drivers/STM32L4xx_HAL_Driver/Src/stm32l4xx_hal_sd.o
 .text.SD_Write_IT
                0x0000000008008b26       0xaa ./Drivers/STM32L4xx_HAL_Driver/Src/stm32l4xx_hal_sd.o
 .text.SDMMC_Init
                0x0000000008008bd0       0x5a ./Drivers/STM32L4xx_HAL_Driver/Src/stm32l4xx_ll_sdmmc.o
                0x0000000008008bd0                SDMMC_Init
 .text.SDMMC_ReadFIFO
                0x0000000008008c2a       0x1a ./Drivers/STM32L4xx_HAL_Driver/Src/stm32l4xx_ll_sdmmc.o
                0x0000000008008c2a                SDMMC_ReadFIFO
 .text.SDMMC_WriteFIFO
                0x0000000008008c44       0x22 ./Drivers/STM32L4xx_HAL_Driver/Src/stm32l4xx_ll_sdmmc.o
                0x0000000008008c44                SDMMC_WriteFIFO
 .text.SDMMC_PowerState_ON
                0x0000000008008c66       0x1e ./Drivers/STM32L4xx_HAL_Driver/Src/stm32l4xx_ll_sdmmc.o
                0x0000000008008c66                SDMMC_PowerState_ON
 .text.SDMMC_GetPowerState
                0x0000000008008c84       0x1c ./Drivers/STM32L4xx_HAL_Driver/Src/stm32l4xx_ll_sdmmc.o
                0x0000000008008c84                SDMMC_GetPowerState
 .text.SDMMC_SendCommand
                0x0000000008008ca0       0x54 ./Drivers/STM32L4xx_HAL_Driver/Src/stm32l4xx_ll_sdmmc.o
                0x0000000008008ca0                SDMMC_SendCommand
 .text.SDMMC_GetCommandResponse
                0x0000000008008cf4       0x1a ./Drivers/STM32L4xx_HAL_Driver/Src/stm32l4xx_ll_sdmmc.o
                0x0000000008008cf4                SDMMC_GetCommandResponse
 .text.SDMMC_GetResponse
                0x0000000008008d0e       0x26 ./Drivers/STM32L4xx_HAL_Driver/Src/stm32l4xx_ll_sdmmc.o
                0x0000000008008d0e                SDMMC_GetResponse
 .text.SDMMC_ConfigData
                0x0000000008008d34       0x58 ./Drivers/STM32L4xx_HAL_Driver/Src/stm32l4xx_ll_sdmmc.o
                0x0000000008008d34                SDMMC_ConfigData
 .text.SDMMC_CmdBlockLength
                0x0000000008008d8c       0x44 ./Drivers/STM32L4xx_HAL_Driver/Src/stm32l4xx_ll_sdmmc.o
                0x0000000008008d8c                SDMMC_CmdBlockLength
 .text.SDMMC_CmdReadSingleBlock
                0x0000000008008dd0       0x44 ./Drivers/STM32L4xx_HAL_Driver/Src/stm32l4xx_ll_sdmmc.o
                0x0000000008008dd0                SDMMC_CmdReadSingleBlock
 .text.SDMMC_CmdReadMultiBlock
                0x0000000008008e14       0x44 ./Drivers/STM32L4xx_HAL_Driver/Src/stm32l4xx_ll_sdmmc.o
                0x0000000008008e14                SDMMC_CmdReadMultiBlock
 .text.SDMMC_CmdWriteSingleBlock
                0x0000000008008e58       0x44 ./Drivers/STM32L4xx_HAL_Driver/Src/stm32l4xx_ll_sdmmc.o
                0x0000000008008e58                SDMMC_CmdWriteSingleBlock
 .text.SDMMC_CmdWriteMultiBlock
                0x0000000008008e9c       0x44 ./Drivers/STM32L4xx_HAL_Driver/Src/stm32l4xx_ll_sdmmc.o
                0x0000000008008e9c                SDMMC_CmdWriteMultiBlock
 .text.SDMMC_CmdStopTransfer
                0x0000000008008ee0       0x44 ./Drivers/STM32L4xx_HAL_Driver/Src/stm32l4xx_ll_sdmmc.o
                0x0000000008008ee0                SDMMC_CmdStopTransfer
 .text.SDMMC_CmdSelDesel
                0x0000000008008f24       0x46 ./Drivers/STM32L4xx_HAL_Driver/Src/stm32l4xx_ll_sdmmc.o
                0x0000000008008f24                SDMMC_CmdSelDesel
 .text.SDMMC_CmdGoIdleState
                0x0000000008008f6a       0x3c ./Drivers/STM32L4xx_HAL_Driver/Src/stm32l4xx_ll_sdmmc.o
                0x0000000008008f6a                SDMMC_CmdGoIdleState
 .text.SDMMC_CmdOperCond
                0x0000000008008fa6       0x3e ./Drivers/STM32L4xx_HAL_Driver/Src/stm32l4xx_ll_sdmmc.o
                0x0000000008008fa6                SDMMC_CmdOperCond
 .text.SDMMC_CmdAppCommand
                0x0000000008008fe4       0x44 ./Drivers/STM32L4xx_HAL_Driver/Src/stm32l4xx_ll_sdmmc.o
                0x0000000008008fe4                SDMMC_CmdAppCommand
 .text.SDMMC_CmdAppOperCommand
                0x0000000008009028       0x46 ./Drivers/STM32L4xx_HAL_Driver/Src/stm32l4xx_ll_sdmmc.o
                0x0000000008009028                SDMMC_CmdAppOperCommand
 .text.SDMMC_CmdBusWidth
                0x000000000800906e       0x44 ./Drivers/STM32L4xx_HAL_Driver/Src/stm32l4xx_ll_sdmmc.o
                0x000000000800906e                SDMMC_CmdBusWidth
 .text.SDMMC_CmdSendSCR
                0x00000000080090b2       0x42 ./Drivers/STM32L4xx_HAL_Driver/Src/stm32l4xx_ll_sdmmc.o
                0x00000000080090b2                SDMMC_CmdSendSCR
 .text.SDMMC_CmdSendCID
                0x00000000080090f4       0x3c ./Drivers/STM32L4xx_HAL_Driver/Src/stm32l4xx_ll_sdmmc.o
                0x00000000080090f4                SDMMC_CmdSendCID
 .text.SDMMC_CmdSendCSD
                0x0000000008009130       0x3e ./Drivers/STM32L4xx_HAL_Driver/Src/stm32l4xx_ll_sdmmc.o
                0x0000000008009130                SDMMC_CmdSendCSD
 .text.SDMMC_CmdSetRelAdd
                0x000000000800916e       0x42 ./Drivers/STM32L4xx_HAL_Driver/Src/stm32l4xx_ll_sdmmc.o
                0x000000000800916e                SDMMC_CmdSetRelAdd
 .text.SDMMC_CmdSendStatus
                0x00000000080091b0       0x44 ./Drivers/STM32L4xx_HAL_Driver/Src/stm32l4xx_ll_sdmmc.o
                0x00000000080091b0                SDMMC_CmdSendStatus
 .text.SDMMC_GetCmdResp1
                0x00000000080091f4      0x1dc ./Drivers/STM32L4xx_HAL_Driver/Src/stm32l4xx_ll_sdmmc.o
                0x00000000080091f4                SDMMC_GetCmdResp1
 .text.SDMMC_GetCmdResp2
                0x00000000080093d0       0x90 ./Drivers/STM32L4xx_HAL_Driver/Src/stm32l4xx_ll_sdmmc.o
                0x00000000080093d0                SDMMC_GetCmdResp2
 .text.SDMMC_GetCmdResp3
                0x0000000008009460       0x7c ./Drivers/STM32L4xx_HAL_Driver/Src/stm32l4xx_ll_sdmmc.o
                0x0000000008009460                SDMMC_GetCmdResp3
 .text.SDMMC_GetCmdResp6
                0x00000000080094dc       0xec ./Drivers/STM32L4xx_HAL_Driver/Src/stm32l4xx_ll_sdmmc.o
                0x00000000080094dc                SDMMC_GetCmdResp6
 .text.SDMMC_GetCmdResp7
                0x00000000080095c8       0x9c ./Drivers/STM32L4xx_HAL_Driver/Src/stm32l4xx_ll_sdmmc.o
                0x00000000080095c8                SDMMC_GetCmdResp7
 .text.SDMMC_GetCmdError
                0x0000000008009664       0x58 ./Drivers/STM32L4xx_HAL_Driver/Src/stm32l4xx_ll_sdmmc.o
 .text.USB_CoreInit
                0x00000000080096bc       0x58 ./Drivers/STM32L4xx_HAL_Driver/Src/stm32l4xx_ll_usb.o
                0x00000000080096bc                USB_CoreInit
 .text.USB_SetTurnaroundTime
                0x0000000008009714      0x138 ./Drivers/STM32L4xx_HAL_Driver/Src/stm32l4xx_ll_usb.o
                0x0000000008009714                USB_SetTurnaroundTime
 .text.USB_EnableGlobalInt
                0x000000000800984c       0x22 ./Drivers/STM32L4xx_HAL_Driver/Src/stm32l4xx_ll_usb.o
                0x000000000800984c                USB_EnableGlobalInt
 .text.USB_DisableGlobalInt
                0x000000000800986e       0x22 ./Drivers/STM32L4xx_HAL_Driver/Src/stm32l4xx_ll_usb.o
                0x000000000800986e                USB_DisableGlobalInt
 .text.USB_SetCurrentMode
                0x0000000008009890       0x98 ./Drivers/STM32L4xx_HAL_Driver/Src/stm32l4xx_ll_usb.o
                0x0000000008009890                USB_SetCurrentMode
 .text.USB_DevInit
                0x0000000008009928      0x284 ./Drivers/STM32L4xx_HAL_Driver/Src/stm32l4xx_ll_usb.o
                0x0000000008009928                USB_DevInit
 .text.USB_FlushTxFifo
                0x0000000008009bac       0x68 ./Drivers/STM32L4xx_HAL_Driver/Src/stm32l4xx_ll_usb.o
                0x0000000008009bac                USB_FlushTxFifo
 .text.USB_FlushRxFifo
                0x0000000008009c14       0x60 ./Drivers/STM32L4xx_HAL_Driver/Src/stm32l4xx_ll_usb.o
                0x0000000008009c14                USB_FlushRxFifo
 .text.USB_SetDevSpeed
                0x0000000008009c74       0x32 ./Drivers/STM32L4xx_HAL_Driver/Src/stm32l4xx_ll_usb.o
                0x0000000008009c74                USB_SetDevSpeed
 .text.USB_GetDevSpeed
                0x0000000008009ca6       0x3e ./Drivers/STM32L4xx_HAL_Driver/Src/stm32l4xx_ll_usb.o
                0x0000000008009ca6                USB_GetDevSpeed
 .text.USB_ActivateEndpoint
                0x0000000008009ce4      0x10e ./Drivers/STM32L4xx_HAL_Driver/Src/stm32l4xx_ll_usb.o
                0x0000000008009ce4                USB_ActivateEndpoint
 *fill*         0x0000000008009df2        0x2 
 .text.USB_DeactivateEndpoint
                0x0000000008009df4      0x1b8 ./Drivers/STM32L4xx_HAL_Driver/Src/stm32l4xx_ll_usb.o
                0x0000000008009df4                USB_DeactivateEndpoint
 .text.USB_EPStartXfer
                0x0000000008009fac      0x464 ./Drivers/STM32L4xx_HAL_Driver/Src/stm32l4xx_ll_usb.o
                0x0000000008009fac                USB_EPStartXfer
 .text.USB_EPStopXfer
                0x000000000800a410      0x154 ./Drivers/STM32L4xx_HAL_Driver/Src/stm32l4xx_ll_usb.o
                0x000000000800a410                USB_EPStopXfer
 .text.USB_WritePacket
                0x000000000800a564       0x74 ./Drivers/STM32L4xx_HAL_Driver/Src/stm32l4xx_ll_usb.o
                0x000000000800a564                USB_WritePacket
 .text.USB_ReadPacket
                0x000000000800a5d8       0xb0 ./Drivers/STM32L4xx_HAL_Driver/Src/stm32l4xx_ll_usb.o
                0x000000000800a5d8                USB_ReadPacket
 .text.USB_EPSetStall
                0x000000000800a688       0xdc ./Drivers/STM32L4xx_HAL_Driver/Src/stm32l4xx_ll_usb.o
                0x000000000800a688                USB_EPSetStall
 .text.USB_EPClearStall
                0x000000000800a764       0xcc ./Drivers/STM32L4xx_HAL_Driver/Src/stm32l4xx_ll_usb.o
                0x000000000800a764                USB_EPClearStall
 .text.USB_SetDevAddress
                0x000000000800a830       0x4c ./Drivers/STM32L4xx_HAL_Driver/Src/stm32l4xx_ll_usb.o
                0x000000000800a830                USB_SetDevAddress
 .text.USB_DevConnect
                0x000000000800a87c       0x42 ./Drivers/STM32L4xx_HAL_Driver/Src/stm32l4xx_ll_usb.o
                0x000000000800a87c                USB_DevConnect
 .text.USB_DevDisconnect
                0x000000000800a8be       0x42 ./Drivers/STM32L4xx_HAL_Driver/Src/stm32l4xx_ll_usb.o
                0x000000000800a8be                USB_DevDisconnect
 .text.USB_ReadInterrupts
                0x000000000800a900       0x26 ./Drivers/STM32L4xx_HAL_Driver/Src/stm32l4xx_ll_usb.o
                0x000000000800a900                USB_ReadInterrupts
 .text.USB_ReadDevAllOutEpInterrupt
                0x000000000800a926       0x34 ./Drivers/STM32L4xx_HAL_Driver/Src/stm32l4xx_ll_usb.o
                0x000000000800a926                USB_ReadDevAllOutEpInterrupt
 .text.USB_ReadDevAllInEpInterrupt
                0x000000000800a95a       0x34 ./Drivers/STM32L4xx_HAL_Driver/Src/stm32l4xx_ll_usb.o
                0x000000000800a95a                USB_ReadDevAllInEpInterrupt
 .text.USB_ReadDevOutEPInterrupt
                0x000000000800a98e       0x3c ./Drivers/STM32L4xx_HAL_Driver/Src/stm32l4xx_ll_usb.o
                0x000000000800a98e                USB_ReadDevOutEPInterrupt
 .text.USB_ReadDevInEPInterrupt
                0x000000000800a9ca       0x5c ./Drivers/STM32L4xx_HAL_Driver/Src/stm32l4xx_ll_usb.o
                0x000000000800a9ca                USB_ReadDevInEPInterrupt
 .text.USB_GetMode
                0x000000000800aa26       0x1c ./Drivers/STM32L4xx_HAL_Driver/Src/stm32l4xx_ll_usb.o
                0x000000000800aa26                USB_GetMode
 .text.USB_ActivateSetup
                0x000000000800aa42       0x46 ./Drivers/STM32L4xx_HAL_Driver/Src/stm32l4xx_ll_usb.o
                0x000000000800aa42                USB_ActivateSetup
 .text.USB_EP0_OutStart
                0x000000000800aa88       0x90 ./Drivers/STM32L4xx_HAL_Driver/Src/stm32l4xx_ll_usb.o
                0x000000000800aa88                USB_EP0_OutStart
 .text.USB_CoreReset
                0x000000000800ab18       0x68 ./Drivers/STM32L4xx_HAL_Driver/Src/stm32l4xx_ll_usb.o
 .text.MX_FATFS_Init
                0x000000000800ab80       0x24 ./FATFS/App/fatfs.o
                0x000000000800ab80                MX_FATFS_Init
 .text.get_fattime
                0x000000000800aba4       0x10 ./FATFS/App/fatfs.o
                0x000000000800aba4                get_fattime
 .text.BSP_SD_Init
                0x000000000800abb4       0x4c ./FATFS/Target/bsp_driver_sd.o
                0x000000000800abb4                BSP_SD_Init
 .text.BSP_SD_ReadBlocks_DMA
                0x000000000800ac00       0x64 ./FATFS/Target/bsp_driver_sd.o
                0x000000000800ac00                BSP_SD_ReadBlocks_DMA
 .text.BSP_SD_WriteBlocks_DMA
                0x000000000800ac64       0x64 ./FATFS/Target/bsp_driver_sd.o
                0x000000000800ac64                BSP_SD_WriteBlocks_DMA
 .text.BSP_SD_GetCardState
                0x000000000800acc8       0x20 ./FATFS/Target/bsp_driver_sd.o
                0x000000000800acc8                BSP_SD_GetCardState
 .text.BSP_SD_GetCardInfo
                0x000000000800ace8       0x1c ./FATFS/Target/bsp_driver_sd.o
                0x000000000800ace8                BSP_SD_GetCardInfo
 .text.HAL_SD_AbortCallback
                0x000000000800ad04       0x14 ./FATFS/Target/bsp_driver_sd.o
                0x000000000800ad04                HAL_SD_AbortCallback
 .text.HAL_SD_TxCpltCallback
                0x000000000800ad18       0x14 ./FATFS/Target/bsp_driver_sd.o
                0x000000000800ad18                HAL_SD_TxCpltCallback
 .text.HAL_SD_RxCpltCallback
                0x000000000800ad2c       0x14 ./FATFS/Target/bsp_driver_sd.o
                0x000000000800ad2c                HAL_SD_RxCpltCallback
 .text.BSP_SD_AbortCallback
                0x000000000800ad40        0xe ./FATFS/Target/bsp_driver_sd.o
                0x000000000800ad40                BSP_SD_AbortCallback
 .text.BSP_SD_IsDetected
                0x000000000800ad4e       0x24 ./FATFS/Target/bsp_driver_sd.o
                0x000000000800ad4e                BSP_SD_IsDetected
 *fill*         0x000000000800ad72        0x2 
 .text.BSP_PlatformIsDetected
                0x000000000800ad74       0x2c ./FATFS/Target/fatfs_platform.o
                0x000000000800ad74                BSP_PlatformIsDetected
 .text.SD_CheckStatusWithTimeout
                0x000000000800ada0       0x3a ./FATFS/Target/sd_diskio.o
 *fill*         0x000000000800adda        0x2 
 .text.SD_CheckStatus
                0x000000000800addc       0x3c ./FATFS/Target/sd_diskio.o
 .text.SD_initialize
                0x000000000800ae18       0x38 ./FATFS/Target/sd_diskio.o
                0x000000000800ae18                SD_initialize
 .text.SD_status
                0x000000000800ae50       0x1c ./FATFS/Target/sd_diskio.o
                0x000000000800ae50                SD_status
 .text.SD_read  0x000000000800ae6c       0xac ./FATFS/Target/sd_diskio.o
                0x000000000800ae6c                SD_read
 .text.SD_write
                0x000000000800af18       0xac ./FATFS/Target/sd_diskio.o
                0x000000000800af18                SD_write
 .text.SD_ioctl
                0x000000000800afc4       0xb0 ./FATFS/Target/sd_diskio.o
                0x000000000800afc4                SD_ioctl
 .text.BSP_SD_WriteCpltCallback
                0x000000000800b074       0x18 ./FATFS/Target/sd_diskio.o
                0x000000000800b074                BSP_SD_WriteCpltCallback
 .text.BSP_SD_ReadCpltCallback
                0x000000000800b08c       0x18 ./FATFS/Target/sd_diskio.o
                0x000000000800b08c                BSP_SD_ReadCpltCallback
 .text.USBD_CDC_Init
                0x000000000800b0a4      0x1f0 ./Middlewares/ST/STM32_USB_Device_Library/Class/CDC/Src/usbd_cdc.o
 .text.USBD_CDC_DeInit
                0x000000000800b294      0x104 ./Middlewares/ST/STM32_USB_Device_Library/Class/CDC/Src/usbd_cdc.o
 .text.USBD_CDC_Setup
                0x000000000800b398      0x1b8 ./Middlewares/ST/STM32_USB_Device_Library/Class/CDC/Src/usbd_cdc.o
 .text.USBD_CDC_DataIn
                0x000000000800b550       0xfe ./Middlewares/ST/STM32_USB_Device_Library/Class/CDC/Src/usbd_cdc.o
 .text.USBD_CDC_DataOut
                0x000000000800b64e       0x70 ./Middlewares/ST/STM32_USB_Device_Library/Class/CDC/Src/usbd_cdc.o
 .text.USBD_CDC_EP0_RxReady
                0x000000000800b6be       0x76 ./Middlewares/ST/STM32_USB_Device_Library/Class/CDC/Src/usbd_cdc.o
 .text.USBD_CDC_GetFSCfgDesc
                0x000000000800b734       0x70 ./Middlewares/ST/STM32_USB_Device_Library/Class/CDC/Src/usbd_cdc.o
 .text.USBD_CDC_GetHSCfgDesc
                0x000000000800b7a4       0x70 ./Middlewares/ST/STM32_USB_Device_Library/Class/CDC/Src/usbd_cdc.o
 .text.USBD_CDC_GetOtherSpeedCfgDesc
                0x000000000800b814       0x70 ./Middlewares/ST/STM32_USB_Device_Library/Class/CDC/Src/usbd_cdc.o
 .text.USBD_CDC_GetDeviceQualifierDescriptor
                0x000000000800b884       0x20 ./Middlewares/ST/STM32_USB_Device_Library/Class/CDC/Src/usbd_cdc.o
                0x000000000800b884                USBD_CDC_GetDeviceQualifierDescriptor
 .text.USBD_CDC_RegisterInterface
                0x000000000800b8a4       0x34 ./Middlewares/ST/STM32_USB_Device_Library/Class/CDC/Src/usbd_cdc.o
                0x000000000800b8a4                USBD_CDC_RegisterInterface
 .text.USBD_CDC_SetTxBuffer
                0x000000000800b8d8       0x44 ./Middlewares/ST/STM32_USB_Device_Library/Class/CDC/Src/usbd_cdc.o
                0x000000000800b8d8                USBD_CDC_SetTxBuffer
 .text.USBD_CDC_SetRxBuffer
                0x000000000800b91c       0x3a ./Middlewares/ST/STM32_USB_Device_Library/Class/CDC/Src/usbd_cdc.o
                0x000000000800b91c                USBD_CDC_SetRxBuffer
 *fill*         0x000000000800b956        0x2 
 .text.USBD_CDC_ReceivePacket
                0x000000000800b958       0x6c ./Middlewares/ST/STM32_USB_Device_Library/Class/CDC/Src/usbd_cdc.o
                0x000000000800b958                USBD_CDC_ReceivePacket
 .text.USBD_Init
                0x000000000800b9c4       0x60 ./Middlewares/ST/STM32_USB_Device_Library/Core/Src/usbd_core.o
                0x000000000800b9c4                USBD_Init
 .text.USBD_RegisterClass
                0x000000000800ba24       0x6c ./Middlewares/ST/STM32_USB_Device_Library/Core/Src/usbd_core.o
                0x000000000800ba24                USBD_RegisterClass
 .text.USBD_Start
                0x000000000800ba90       0x18 ./Middlewares/ST/STM32_USB_Device_Library/Core/Src/usbd_core.o
                0x000000000800ba90                USBD_Start
 .text.USBD_RunTestMode
                0x000000000800baa8       0x16 ./Middlewares/ST/STM32_USB_Device_Library/Core/Src/usbd_core.o
                0x000000000800baa8                USBD_RunTestMode
 .text.USBD_SetClassConfig
                0x000000000800babe       0x38 ./Middlewares/ST/STM32_USB_Device_Library/Core/Src/usbd_core.o
                0x000000000800babe                USBD_SetClassConfig
 .text.USBD_ClrClassConfig
                0x000000000800baf6       0x34 ./Middlewares/ST/STM32_USB_Device_Library/Core/Src/usbd_core.o
                0x000000000800baf6                USBD_ClrClassConfig
 .text.USBD_LL_SetupStage
                0x000000000800bb2a       0xaa ./Middlewares/ST/STM32_USB_Device_Library/Core/Src/usbd_core.o
                0x000000000800bb2a                USBD_LL_SetupStage
 .text.USBD_LL_DataOutStage
                0x000000000800bbd4      0x166 ./Middlewares/ST/STM32_USB_Device_Library/Core/Src/usbd_core.o
                0x000000000800bbd4                USBD_LL_DataOutStage
 .text.USBD_LL_DataInStage
                0x000000000800bd3a      0x164 ./Middlewares/ST/STM32_USB_Device_Library/Core/Src/usbd_core.o
                0x000000000800bd3a                USBD_LL_DataInStage
 .text.USBD_LL_Reset
                0x000000000800be9e       0xa4 ./Middlewares/ST/STM32_USB_Device_Library/Core/Src/usbd_core.o
                0x000000000800be9e                USBD_LL_Reset
 .text.USBD_LL_SetSpeed
                0x000000000800bf42       0x20 ./Middlewares/ST/STM32_USB_Device_Library/Core/Src/usbd_core.o
                0x000000000800bf42                USBD_LL_SetSpeed
 .text.USBD_LL_Suspend
                0x000000000800bf62       0x38 ./Middlewares/ST/STM32_USB_Device_Library/Core/Src/usbd_core.o
                0x000000000800bf62                USBD_LL_Suspend
 .text.USBD_LL_Resume
                0x000000000800bf9a       0x30 ./Middlewares/ST/STM32_USB_Device_Library/Core/Src/usbd_core.o
                0x000000000800bf9a                USBD_LL_Resume
 .text.USBD_LL_SOF
                0x000000000800bfca       0x40 ./Middlewares/ST/STM32_USB_Device_Library/Core/Src/usbd_core.o
                0x000000000800bfca                USBD_LL_SOF
 .text.USBD_LL_IsoINIncomplete
                0x000000000800c00a       0x64 ./Middlewares/ST/STM32_USB_Device_Library/Core/Src/usbd_core.o
                0x000000000800c00a                USBD_LL_IsoINIncomplete
 .text.USBD_LL_IsoOUTIncomplete
                0x000000000800c06e       0x64 ./Middlewares/ST/STM32_USB_Device_Library/Core/Src/usbd_core.o
                0x000000000800c06e                USBD_LL_IsoOUTIncomplete
 .text.USBD_LL_DevConnected
                0x000000000800c0d2       0x16 ./Middlewares/ST/STM32_USB_Device_Library/Core/Src/usbd_core.o
                0x000000000800c0d2                USBD_LL_DevConnected
 .text.USBD_LL_DevDisconnected
                0x000000000800c0e8       0x46 ./Middlewares/ST/STM32_USB_Device_Library/Core/Src/usbd_core.o
                0x000000000800c0e8                USBD_LL_DevDisconnected
 .text.USBD_CoreFindIF
                0x000000000800c12e       0x1a ./Middlewares/ST/STM32_USB_Device_Library/Core/Src/usbd_core.o
                0x000000000800c12e                USBD_CoreFindIF
 .text.USBD_CoreFindEP
                0x000000000800c148       0x1a ./Middlewares/ST/STM32_USB_Device_Library/Core/Src/usbd_core.o
                0x000000000800c148                USBD_CoreFindEP
 .text.USBD_GetEpDesc
                0x000000000800c162       0x74 ./Middlewares/ST/STM32_USB_Device_Library/Core/Src/usbd_core.o
                0x000000000800c162                USBD_GetEpDesc
 .text.USBD_GetNextDesc
                0x000000000800c1d6       0x3a ./Middlewares/ST/STM32_USB_Device_Library/Core/Src/usbd_core.o
                0x000000000800c1d6                USBD_GetNextDesc
 .text.SWAPBYTE
                0x000000000800c210       0x3c ./Middlewares/ST/STM32_USB_Device_Library/Core/Src/usbd_ctlreq.o
 .text.USBD_StdDevReq
                0x000000000800c24c       0xe4 ./Middlewares/ST/STM32_USB_Device_Library/Core/Src/usbd_ctlreq.o
                0x000000000800c24c                USBD_StdDevReq
 .text.USBD_StdItfReq
                0x000000000800c330       0xd8 ./Middlewares/ST/STM32_USB_Device_Library/Core/Src/usbd_ctlreq.o
                0x000000000800c330                USBD_StdItfReq
 .text.USBD_StdEPReq
                0x000000000800c408      0x33a ./Middlewares/ST/STM32_USB_Device_Library/Core/Src/usbd_ctlreq.o
                0x000000000800c408                USBD_StdEPReq
 *fill*         0x000000000800c742        0x2 
 .text.USBD_GetDescriptor
                0x000000000800c744      0x328 ./Middlewares/ST/STM32_USB_Device_Library/Core/Src/usbd_ctlreq.o
 .text.USBD_SetAddress
                0x000000000800ca6c       0x88 ./Middlewares/ST/STM32_USB_Device_Library/Core/Src/usbd_ctlreq.o
 .text.USBD_SetConfig
                0x000000000800caf4      0x154 ./Middlewares/ST/STM32_USB_Device_Library/Core/Src/usbd_ctlreq.o
 .text.USBD_GetConfig
                0x000000000800cc48       0x6c ./Middlewares/ST/STM32_USB_Device_Library/Core/Src/usbd_ctlreq.o
 .text.USBD_GetStatus
                0x000000000800ccb4       0x68 ./Middlewares/ST/STM32_USB_Device_Library/Core/Src/usbd_ctlreq.o
 .text.USBD_SetFeature
                0x000000000800cd1c       0x52 ./Middlewares/ST/STM32_USB_Device_Library/Core/Src/usbd_ctlreq.o
 .text.USBD_ClrFeature
                0x000000000800cd6e       0x44 ./Middlewares/ST/STM32_USB_Device_Library/Core/Src/usbd_ctlreq.o
 .text.USBD_ParseSetupRequest
                0x000000000800cdb2       0x74 ./Middlewares/ST/STM32_USB_Device_Library/Core/Src/usbd_ctlreq.o
                0x000000000800cdb2                USBD_ParseSetupRequest
 .text.USBD_CtlError
                0x000000000800ce26       0x22 ./Middlewares/ST/STM32_USB_Device_Library/Core/Src/usbd_ctlreq.o
                0x000000000800ce26                USBD_CtlError
 .text.USBD_GetString
                0x000000000800ce48       0x8c ./Middlewares/ST/STM32_USB_Device_Library/Core/Src/usbd_ctlreq.o
                0x000000000800ce48                USBD_GetString
 .text.USBD_GetLen
                0x000000000800ced4       0x34 ./Middlewares/ST/STM32_USB_Device_Library/Core/Src/usbd_ctlreq.o
 .text.USBD_CtlSendData
                0x000000000800cf08       0x36 ./Middlewares/ST/STM32_USB_Device_Library/Core/Src/usbd_ioreq.o
                0x000000000800cf08                USBD_CtlSendData
 .text.USBD_CtlContinueSendData
                0x000000000800cf3e       0x22 ./Middlewares/ST/STM32_USB_Device_Library/Core/Src/usbd_ioreq.o
                0x000000000800cf3e                USBD_CtlContinueSendData
 .text.USBD_CtlPrepareRx
                0x000000000800cf60       0x3a ./Middlewares/ST/STM32_USB_Device_Library/Core/Src/usbd_ioreq.o
                0x000000000800cf60                USBD_CtlPrepareRx
 .text.USBD_CtlContinueRx
                0x000000000800cf9a       0x22 ./Middlewares/ST/STM32_USB_Device_Library/Core/Src/usbd_ioreq.o
                0x000000000800cf9a                USBD_CtlContinueRx
 .text.USBD_CtlSendStatus
                0x000000000800cfbc       0x26 ./Middlewares/ST/STM32_USB_Device_Library/Core/Src/usbd_ioreq.o
                0x000000000800cfbc                USBD_CtlSendStatus
 .text.USBD_CtlReceiveStatus
                0x000000000800cfe2       0x26 ./Middlewares/ST/STM32_USB_Device_Library/Core/Src/usbd_ioreq.o
                0x000000000800cfe2                USBD_CtlReceiveStatus
 .text.disk_status
                0x000000000800d008       0x34 ./Middlewares/Third_Party/FatFs/src/diskio.o
                0x000000000800d008                disk_status
 .text.disk_initialize
                0x000000000800d03c       0x4c ./Middlewares/Third_Party/FatFs/src/diskio.o
                0x000000000800d03c                disk_initialize
 .text.disk_read
                0x000000000800d088       0x40 ./Middlewares/Third_Party/FatFs/src/diskio.o
                0x000000000800d088                disk_read
 .text.disk_write
                0x000000000800d0c8       0x40 ./Middlewares/Third_Party/FatFs/src/diskio.o
                0x000000000800d0c8                disk_write
 .text.disk_ioctl
                0x000000000800d108       0x3c ./Middlewares/Third_Party/FatFs/src/diskio.o
                0x000000000800d108                disk_ioctl
 .text.ld_word  0x000000000800d144       0x30 ./Middlewares/Third_Party/FatFs/src/ff.o
 .text.ld_dword
                0x000000000800d174       0x46 ./Middlewares/Third_Party/FatFs/src/ff.o
 .text.st_word  0x000000000800d1ba       0x36 ./Middlewares/Third_Party/FatFs/src/ff.o
 .text.st_dword
                0x000000000800d1f0       0x58 ./Middlewares/Third_Party/FatFs/src/ff.o
 .text.mem_cpy  0x000000000800d248       0x42 ./Middlewares/Third_Party/FatFs/src/ff.o
 .text.mem_set  0x000000000800d28a       0x36 ./Middlewares/Third_Party/FatFs/src/ff.o
 .text.mem_cmp  0x000000000800d2c0       0x4e ./Middlewares/Third_Party/FatFs/src/ff.o
 .text.chk_chr  0x000000000800d30e       0x36 ./Middlewares/Third_Party/FatFs/src/ff.o
 .text.chk_lock
                0x000000000800d344       0xb8 ./Middlewares/Third_Party/FatFs/src/ff.o
 .text.enq_lock
                0x000000000800d3fc       0x44 ./Middlewares/Third_Party/FatFs/src/ff.o
 .text.inc_lock
                0x000000000800d440      0x11c ./Middlewares/Third_Party/FatFs/src/ff.o
 .text.clear_lock
                0x000000000800d55c       0x48 ./Middlewares/Third_Party/FatFs/src/ff.o
 .text.sync_window
                0x000000000800d5a4       0x88 ./Middlewares/Third_Party/FatFs/src/ff.o
 .text.move_window
                0x000000000800d62c       0x5a ./Middlewares/Third_Party/FatFs/src/ff.o
 *fill*         0x000000000800d686        0x2 
 .text.sync_fs  0x000000000800d688       0xdc ./Middlewares/Third_Party/FatFs/src/ff.o
 .text.clust2sect
                0x000000000800d764       0x3e ./Middlewares/Third_Party/FatFs/src/ff.o
 .text.get_fat  0x000000000800d7a2      0x150 ./Middlewares/Third_Party/FatFs/src/ff.o
 .text.put_fat  0x000000000800d8f2      0x1d4 ./Middlewares/Third_Party/FatFs/src/ff.o
 .text.remove_chain
                0x000000000800dac6       0xca ./Middlewares/Third_Party/FatFs/src/ff.o
 .text.create_chain
                0x000000000800db90      0x130 ./Middlewares/Third_Party/FatFs/src/ff.o
 .text.clmt_clust
                0x000000000800dcc0       0x68 ./Middlewares/Third_Party/FatFs/src/ff.o
 .text.dir_sdi  0x000000000800dd28       0xf6 ./Middlewares/Third_Party/FatFs/src/ff.o
 .text.dir_next
                0x000000000800de1e      0x18a ./Middlewares/Third_Party/FatFs/src/ff.o
 .text.dir_alloc
                0x000000000800dfa8       0x8e ./Middlewares/Third_Party/FatFs/src/ff.o
 .text.ld_clust
                0x000000000800e036       0x3e ./Middlewares/Third_Party/FatFs/src/ff.o
 .text.st_clust
                0x000000000800e074       0x40 ./Middlewares/Third_Party/FatFs/src/ff.o
 .text.dir_find
                0x000000000800e0b4       0xaa ./Middlewares/Third_Party/FatFs/src/ff.o
 .text.dir_register
                0x000000000800e15e       0x64 ./Middlewares/Third_Party/FatFs/src/ff.o
 *fill*         0x000000000800e1c2        0x2 
 .text.create_name
                0x000000000800e1c4      0x128 ./Middlewares/Third_Party/FatFs/src/ff.o
 .text.follow_path
                0x000000000800e2ec       0xe2 ./Middlewares/Third_Party/FatFs/src/ff.o
 .text.get_ldnumber
                0x000000000800e3ce       0x88 ./Middlewares/Third_Party/FatFs/src/ff.o
 *fill*         0x000000000800e456        0x2 
 .text.check_fs
                0x000000000800e458       0xac ./Middlewares/Third_Party/FatFs/src/ff.o
 .text.find_volume
                0x000000000800e504      0x498 ./Middlewares/Third_Party/FatFs/src/ff.o
 .text.validate
                0x000000000800e99c       0x6a ./Middlewares/Third_Party/FatFs/src/ff.o
 *fill*         0x000000000800ea06        0x2 
 .text.f_mount  0x000000000800ea08       0x8c ./Middlewares/Third_Party/FatFs/src/ff.o
                0x000000000800ea08                f_mount
 .text.f_open   0x000000000800ea94      0x37c ./Middlewares/Third_Party/FatFs/src/ff.o
                0x000000000800ea94                f_open
 .text.f_write  0x000000000800ee10      0x2ea ./Middlewares/Third_Party/FatFs/src/ff.o
                0x000000000800ee10                f_write
 .text.f_sync   0x000000000800f0fa       0xfc ./Middlewares/Third_Party/FatFs/src/ff.o
                0x000000000800f0fa                f_sync
 *fill*         0x000000000800f1f6        0x2 
 .text.f_mkfs   0x000000000800f1f8      0x858 ./Middlewares/Third_Party/FatFs/src/ff.o
                0x000000000800f1f8                f_mkfs
 .text.putc_bfd
                0x000000000800fa50       0x7a ./Middlewares/Third_Party/FatFs/src/ff.o
 .text.putc_flush
                0x000000000800faca       0x4a ./Middlewares/Third_Party/FatFs/src/ff.o
 .text.putc_init
                0x000000000800fb14       0x2a ./Middlewares/Third_Party/FatFs/src/ff.o
 *fill*         0x000000000800fb3e        0x2 
 .text.f_printf
                0x000000000800fb40      0x43c ./Middlewares/Third_Party/FatFs/src/ff.o
                0x000000000800fb40                f_printf
 .text.FATFS_LinkDriverEx
                0x000000000800ff7c       0x98 ./Middlewares/Third_Party/FatFs/src/ff_gen_drv.o
                0x000000000800ff7c                FATFS_LinkDriverEx
 .text.FATFS_LinkDriver
                0x0000000008010014       0x1e ./Middlewares/Third_Party/FatFs/src/ff_gen_drv.o
                0x0000000008010014                FATFS_LinkDriver
 *fill*         0x0000000008010032        0x2 
 .text.MX_USB_DEVICE_Init
                0x0000000008010034       0x60 ./USB_DEVICE/App/usb_device.o
                0x0000000008010034                MX_USB_DEVICE_Init
 .text.CDC_Init_FS
                0x0000000008010094       0x28 ./USB_DEVICE/App/usbd_cdc_if.o
 .text.CDC_DeInit_FS
                0x00000000080100bc       0x10 ./USB_DEVICE/App/usbd_cdc_if.o
 .text.CDC_Control_FS
                0x00000000080100cc       0xbc ./USB_DEVICE/App/usbd_cdc_if.o
 .text.CDC_Receive_FS
                0x0000000008010188       0x54 ./USB_DEVICE/App/usbd_cdc_if.o
 .text.CDC_TransmitCplt_FS
                0x00000000080101dc       0x22 ./USB_DEVICE/App/usbd_cdc_if.o
 *fill*         0x00000000080101fe        0x2 
 .text.USBD_FS_DeviceDescriptor
                0x0000000008010200       0x24 ./USB_DEVICE/App/usbd_desc.o
                0x0000000008010200                USBD_FS_DeviceDescriptor
 .text.USBD_FS_LangIDStrDescriptor
                0x0000000008010224       0x24 ./USB_DEVICE/App/usbd_desc.o
                0x0000000008010224                USBD_FS_LangIDStrDescriptor
 .text.USBD_FS_ProductStrDescriptor
                0x0000000008010248       0x3c ./USB_DEVICE/App/usbd_desc.o
                0x0000000008010248                USBD_FS_ProductStrDescriptor
 .text.USBD_FS_ManufacturerStrDescriptor
                0x0000000008010284       0x28 ./USB_DEVICE/App/usbd_desc.o
                0x0000000008010284                USBD_FS_ManufacturerStrDescriptor
 .text.USBD_FS_SerialStrDescriptor
                0x00000000080102ac       0x24 ./USB_DEVICE/App/usbd_desc.o
                0x00000000080102ac                USBD_FS_SerialStrDescriptor
 .text.USBD_FS_ConfigStrDescriptor
                0x00000000080102d0       0x3c ./USB_DEVICE/App/usbd_desc.o
                0x00000000080102d0                USBD_FS_ConfigStrDescriptor
 .text.USBD_FS_InterfaceStrDescriptor
                0x000000000801030c       0x3c ./USB_DEVICE/App/usbd_desc.o
                0x000000000801030c                USBD_FS_InterfaceStrDescriptor
 .text.USBD_FS_USR_BOSDescriptor
                0x0000000008010348       0x24 ./USB_DEVICE/App/usbd_desc.o
                0x0000000008010348                USBD_FS_USR_BOSDescriptor
 .text.Get_SerialNum
                0x000000000801036c       0x58 ./USB_DEVICE/App/usbd_desc.o
 .text.IntToUnicode
                0x00000000080103c4       0x7e ./USB_DEVICE/App/usbd_desc.o
 *fill*         0x0000000008010442        0x2 
 .text.HAL_PCD_MspInit
                0x0000000008010444      0x108 ./USB_DEVICE/Target/usbd_conf.o
                0x0000000008010444                HAL_PCD_MspInit
 .text.HAL_PCD_SetupStageCallback
                0x000000000801054c       0x24 ./USB_DEVICE/Target/usbd_conf.o
                0x000000000801054c                HAL_PCD_SetupStageCallback
 .text.HAL_PCD_DataOutStageCallback
                0x0000000008010570       0x36 ./USB_DEVICE/Target/usbd_conf.o
                0x0000000008010570                HAL_PCD_DataOutStageCallback
 .text.HAL_PCD_DataInStageCallback
                0x00000000080105a6       0x34 ./USB_DEVICE/Target/usbd_conf.o
                0x00000000080105a6                HAL_PCD_DataInStageCallback
 .text.HAL_PCD_SOFCallback
                0x00000000080105da       0x1c ./USB_DEVICE/Target/usbd_conf.o
                0x00000000080105da                HAL_PCD_SOFCallback
 .text.HAL_PCD_ResetCallback
                0x00000000080105f6       0x3c ./USB_DEVICE/Target/usbd_conf.o
                0x00000000080105f6                HAL_PCD_ResetCallback
 *fill*         0x0000000008010632        0x2 
 .text.HAL_PCD_SuspendCallback
                0x0000000008010634       0x4c ./USB_DEVICE/Target/usbd_conf.o
                0x0000000008010634                HAL_PCD_SuspendCallback
 .text.HAL_PCD_ResumeCallback
                0x0000000008010680       0x50 ./USB_DEVICE/Target/usbd_conf.o
                0x0000000008010680                HAL_PCD_ResumeCallback
 .text.HAL_PCD_ISOOUTIncompleteCallback
                0x00000000080106d0       0x24 ./USB_DEVICE/Target/usbd_conf.o
                0x00000000080106d0                HAL_PCD_ISOOUTIncompleteCallback
 .text.HAL_PCD_ISOINIncompleteCallback
                0x00000000080106f4       0x24 ./USB_DEVICE/Target/usbd_conf.o
                0x00000000080106f4                HAL_PCD_ISOINIncompleteCallback
 .text.HAL_PCD_ConnectCallback
                0x0000000008010718       0x1c ./USB_DEVICE/Target/usbd_conf.o
                0x0000000008010718                HAL_PCD_ConnectCallback
 .text.HAL_PCD_DisconnectCallback
                0x0000000008010734       0x1c ./USB_DEVICE/Target/usbd_conf.o
                0x0000000008010734                HAL_PCD_DisconnectCallback
 .text.USBD_LL_Init
                0x0000000008010750       0x98 ./USB_DEVICE/Target/usbd_conf.o
                0x0000000008010750                USBD_LL_Init
 .text.USBD_LL_Start
                0x00000000080107e8       0x64 ./USB_DEVICE/Target/usbd_conf.o
                0x00000000080107e8                USBD_LL_Start
 .text.USBD_LL_OpenEP
                0x000000000801084c       0x7c ./USB_DEVICE/Target/usbd_conf.o
                0x000000000801084c                USBD_LL_OpenEP
 .text.USBD_LL_CloseEP
                0x00000000080108c8       0x6c ./USB_DEVICE/Target/usbd_conf.o
                0x00000000080108c8                USBD_LL_CloseEP
 .text.USBD_LL_StallEP
                0x0000000008010934       0x6c ./USB_DEVICE/Target/usbd_conf.o
                0x0000000008010934                USBD_LL_StallEP
 .text.USBD_LL_ClearStallEP
                0x00000000080109a0       0x6c ./USB_DEVICE/Target/usbd_conf.o
                0x00000000080109a0                USBD_LL_ClearStallEP
 .text.USBD_LL_IsStallEP
                0x0000000008010a0c       0x58 ./USB_DEVICE/Target/usbd_conf.o
                0x0000000008010a0c                USBD_LL_IsStallEP
 .text.USBD_LL_SetUSBAddress
                0x0000000008010a64       0x6c ./USB_DEVICE/Target/usbd_conf.o
                0x0000000008010a64                USBD_LL_SetUSBAddress
 .text.USBD_LL_Transmit
                0x0000000008010ad0       0x70 ./USB_DEVICE/Target/usbd_conf.o
                0x0000000008010ad0                USBD_LL_Transmit
 .text.USBD_LL_PrepareReceive
                0x0000000008010b40       0x70 ./USB_DEVICE/Target/usbd_conf.o
                0x0000000008010b40                USBD_LL_PrepareReceive
 .text.USBD_LL_GetRxDataSize
                0x0000000008010bb0       0x26 ./USB_DEVICE/Target/usbd_conf.o
                0x0000000008010bb0                USBD_LL_GetRxDataSize
 *fill*         0x0000000008010bd6        0x2 
 .text.HAL_PCDEx_LPM_Callback
                0x0000000008010bd8       0x9c ./USB_DEVICE/Target/usbd_conf.o
                0x0000000008010bd8                HAL_PCDEx_LPM_Callback
 .text.USBD_static_malloc
                0x0000000008010c74       0x1c ./USB_DEVICE/Target/usbd_conf.o
                0x0000000008010c74                USBD_static_malloc
 .text.USBD_static_free
                0x0000000008010c90       0x14 ./USB_DEVICE/Target/usbd_conf.o
                0x0000000008010c90                USBD_static_free
 .text.SystemClockConfig_Resume
                0x0000000008010ca4        0xc ./USB_DEVICE/Target/usbd_conf.o
 .text.__cvt    0x0000000008010cb0       0xc4 F:/ST/STM32CubeIDE_1.12.0/STM32CubeIDE/plugins/com.st.stm32cube.ide.mcu.externaltools.gnu-tools-for-stm32.11.3.rel1.win32_1.1.0.202305231506/tools/bin/../lib/gcc/arm-none-eabi/11.3.1/../../../../arm-none-eabi/lib/thumb/v7e-m+fp/hard\libc_nano.a(libc_a-nano-vfprintf_float.o)
                0x0000000008010cb0                __cvt
 .text.__exponent
                0x0000000008010d74       0x7c F:/ST/STM32CubeIDE_1.12.0/STM32CubeIDE/plugins/com.st.stm32cube.ide.mcu.externaltools.gnu-tools-for-stm32.11.3.rel1.win32_1.1.0.202305231506/tools/bin/../lib/gcc/arm-none-eabi/11.3.1/../../../../arm-none-eabi/lib/thumb/v7e-m+fp/hard\libc_nano.a(libc_a-nano-vfprintf_float.o)
                0x0000000008010d74                __exponent
 .text._printf_float
                0x0000000008010df0      0x46c F:/ST/STM32CubeIDE_1.12.0/STM32CubeIDE/plugins/com.st.stm32cube.ide.mcu.externaltools.gnu-tools-for-stm32.11.3.rel1.win32_1.1.0.202305231506/tools/bin/../lib/gcc/arm-none-eabi/11.3.1/../../../../arm-none-eabi/lib/thumb/v7e-m+fp/hard\libc_nano.a(libc_a-nano-vfprintf_float.o)
                0x0000000008010df0                _printf_float
 .text._printf_common
                0x000000000801125c       0xda F:/ST/STM32CubeIDE_1.12.0/STM32CubeIDE/plugins/com.st.stm32cube.ide.mcu.externaltools.gnu-tools-for-stm32.11.3.rel1.win32_1.1.0.202305231506/tools/bin/../lib/gcc/arm-none-eabi/11.3.1/../../../../arm-none-eabi/lib/thumb/v7e-m+fp/hard\libc_nano.a(libc_a-nano-vfprintf_i.o)
                0x000000000801125c                _printf_common
 *fill*         0x0000000008011336        0x2 
 .text._printf_i
                0x0000000008011338      0x244 F:/ST/STM32CubeIDE_1.12.0/STM32CubeIDE/plugins/com.st.stm32cube.ide.mcu.externaltools.gnu-tools-for-stm32.11.3.rel1.win32_1.1.0.202305231506/tools/bin/../lib/gcc/arm-none-eabi/11.3.1/../../../../arm-none-eabi/lib/thumb/v7e-m+fp/hard\libc_nano.a(libc_a-nano-vfprintf_i.o)
                0x0000000008011338                _printf_i
 .text._scanf_float
                0x000000000801157c      0x420 F:/ST/STM32CubeIDE_1.12.0/STM32CubeIDE/plugins/com.st.stm32cube.ide.mcu.externaltools.gnu-tools-for-stm32.11.3.rel1.win32_1.1.0.202305231506/tools/bin/../lib/gcc/arm-none-eabi/11.3.1/../../../../arm-none-eabi/lib/thumb/v7e-m+fp/hard\libc_nano.a(libc_a-nano-vfscanf_float.o)
                0x000000000801157c                _scanf_float
 .text.std      0x000000000801199c       0x48 F:/ST/STM32CubeIDE_1.12.0/STM32CubeIDE/plugins/com.st.stm32cube.ide.mcu.externaltools.gnu-tools-for-stm32.11.3.rel1.win32_1.1.0.202305231506/tools/bin/../lib/gcc/arm-none-eabi/11.3.1/../../../../arm-none-eabi/lib/thumb/v7e-m+fp/hard\libc_nano.a(libc_a-findfp.o)
 .text.stdio_exit_handler
                0x00000000080119e4       0x18 F:/ST/STM32CubeIDE_1.12.0/STM32CubeIDE/plugins/com.st.stm32cube.ide.mcu.externaltools.gnu-tools-for-stm32.11.3.rel1.win32_1.1.0.202305231506/tools/bin/../lib/gcc/arm-none-eabi/11.3.1/../../../../arm-none-eabi/lib/thumb/v7e-m+fp/hard\libc_nano.a(libc_a-findfp.o)
 .text.cleanup_stdio
                0x00000000080119fc       0x40 F:/ST/STM32CubeIDE_1.12.0/STM32CubeIDE/plugins/com.st.stm32cube.ide.mcu.externaltools.gnu-tools-for-stm32.11.3.rel1.win32_1.1.0.202305231506/tools/bin/../lib/gcc/arm-none-eabi/11.3.1/../../../../arm-none-eabi/lib/thumb/v7e-m+fp/hard\libc_nano.a(libc_a-findfp.o)
 .text.global_stdio_init.part.0
                0x0000000008011a3c       0x3c F:/ST/STM32CubeIDE_1.12.0/STM32CubeIDE/plugins/com.st.stm32cube.ide.mcu.externaltools.gnu-tools-for-stm32.11.3.rel1.win32_1.1.0.202305231506/tools/bin/../lib/gcc/arm-none-eabi/11.3.1/../../../../arm-none-eabi/lib/thumb/v7e-m+fp/hard\libc_nano.a(libc_a-findfp.o)
 .text.__sfp_lock_acquire
                0x0000000008011a78        0xc F:/ST/STM32CubeIDE_1.12.0/STM32CubeIDE/plugins/com.st.stm32cube.ide.mcu.externaltools.gnu-tools-for-stm32.11.3.rel1.win32_1.1.0.202305231506/tools/bin/../lib/gcc/arm-none-eabi/11.3.1/../../../../arm-none-eabi/lib/thumb/v7e-m+fp/hard\libc_nano.a(libc_a-findfp.o)
                0x0000000008011a78                __sfp_lock_acquire
 .text.__sfp_lock_release
                0x0000000008011a84        0xc F:/ST/STM32CubeIDE_1.12.0/STM32CubeIDE/plugins/com.st.stm32cube.ide.mcu.externaltools.gnu-tools-for-stm32.11.3.rel1.win32_1.1.0.202305231506/tools/bin/../lib/gcc/arm-none-eabi/11.3.1/../../../../arm-none-eabi/lib/thumb/v7e-m+fp/hard\libc_nano.a(libc_a-findfp.o)
                0x0000000008011a84                __sfp_lock_release
 .text.__sinit  0x0000000008011a90       0x30 F:/ST/STM32CubeIDE_1.12.0/STM32CubeIDE/plugins/com.st.stm32cube.ide.mcu.externaltools.gnu-tools-for-stm32.11.3.rel1.win32_1.1.0.202305231506/tools/bin/../lib/gcc/arm-none-eabi/11.3.1/../../../../arm-none-eabi/lib/thumb/v7e-m+fp/hard\libc_nano.a(libc_a-findfp.o)
                0x0000000008011a90                __sinit
 .text._fwalk_sglue
                0x0000000008011ac0       0x3c F:/ST/STM32CubeIDE_1.12.0/STM32CubeIDE/plugins/com.st.stm32cube.ide.mcu.externaltools.gnu-tools-for-stm32.11.3.rel1.win32_1.1.0.202305231506/tools/bin/../lib/gcc/arm-none-eabi/11.3.1/../../../../arm-none-eabi/lib/thumb/v7e-m+fp/hard\libc_nano.a(libc_a-fwalk.o)
                0x0000000008011ac0                _fwalk_sglue
 .text.snprintf
                0x0000000008011afc       0x68 F:/ST/STM32CubeIDE_1.12.0/STM32CubeIDE/plugins/com.st.stm32cube.ide.mcu.externaltools.gnu-tools-for-stm32.11.3.rel1.win32_1.1.0.202305231506/tools/bin/../lib/gcc/arm-none-eabi/11.3.1/../../../../arm-none-eabi/lib/thumb/v7e-m+fp/hard\libc_nano.a(libc_a-snprintf.o)
                0x0000000008011afc                sniprintf
                0x0000000008011afc                snprintf
 .text.sprintf  0x0000000008011b64       0x40 F:/ST/STM32CubeIDE_1.12.0/STM32CubeIDE/plugins/com.st.stm32cube.ide.mcu.externaltools.gnu-tools-for-stm32.11.3.rel1.win32_1.1.0.202305231506/tools/bin/../lib/gcc/arm-none-eabi/11.3.1/../../../../arm-none-eabi/lib/thumb/v7e-m+fp/hard\libc_nano.a(libc_a-sprintf.o)
                0x0000000008011b64                siprintf
                0x0000000008011b64                sprintf
 .text.__sread  0x0000000008011ba4       0x22 F:/ST/STM32CubeIDE_1.12.0/STM32CubeIDE/plugins/com.st.stm32cube.ide.mcu.externaltools.gnu-tools-for-stm32.11.3.rel1.win32_1.1.0.202305231506/tools/bin/../lib/gcc/arm-none-eabi/11.3.1/../../../../arm-none-eabi/lib/thumb/v7e-m+fp/hard\libc_nano.a(libc_a-stdio.o)
                0x0000000008011ba4                __sread
 .text.__swrite
                0x0000000008011bc6       0x38 F:/ST/STM32CubeIDE_1.12.0/STM32CubeIDE/plugins/com.st.stm32cube.ide.mcu.externaltools.gnu-tools-for-stm32.11.3.rel1.win32_1.1.0.202305231506/tools/bin/../lib/gcc/arm-none-eabi/11.3.1/../../../../arm-none-eabi/lib/thumb/v7e-m+fp/hard\libc_nano.a(libc_a-stdio.o)
                0x0000000008011bc6                __swrite
 .text.__sseek  0x0000000008011bfe       0x24 F:/ST/STM32CubeIDE_1.12.0/STM32CubeIDE/plugins/com.st.stm32cube.ide.mcu.externaltools.gnu-tools-for-stm32.11.3.rel1.win32_1.1.0.202305231506/tools/bin/../lib/gcc/arm-none-eabi/11.3.1/../../../../arm-none-eabi/lib/thumb/v7e-m+fp/hard\libc_nano.a(libc_a-stdio.o)
                0x0000000008011bfe                __sseek
 .text.__sclose
                0x0000000008011c22        0x8 F:/ST/STM32CubeIDE_1.12.0/STM32CubeIDE/plugins/com.st.stm32cube.ide.mcu.externaltools.gnu-tools-for-stm32.11.3.rel1.win32_1.1.0.202305231506/tools/bin/../lib/gcc/arm-none-eabi/11.3.1/../../../../arm-none-eabi/lib/thumb/v7e-m+fp/hard\libc_nano.a(libc_a-stdio.o)
                0x0000000008011c22                __sclose
 .text.memmove  0x0000000008011c2a       0x34 F:/ST/STM32CubeIDE_1.12.0/STM32CubeIDE/plugins/com.st.stm32cube.ide.mcu.externaltools.gnu-tools-for-stm32.11.3.rel1.win32_1.1.0.202305231506/tools/bin/../lib/gcc/arm-none-eabi/11.3.1/../../../../arm-none-eabi/lib/thumb/v7e-m+fp/hard\libc_nano.a(libc_a-memmove.o)
                0x0000000008011c2a                memmove
 .text.memset   0x0000000008011c5e       0x10 F:/ST/STM32CubeIDE_1.12.0/STM32CubeIDE/plugins/com.st.stm32cube.ide.mcu.externaltools.gnu-tools-for-stm32.11.3.rel1.win32_1.1.0.202305231506/tools/bin/../lib/gcc/arm-none-eabi/11.3.1/../../../../arm-none-eabi/lib/thumb/v7e-m+fp/hard\libc_nano.a(libc_a-memset.o)
                0x0000000008011c5e                memset
 *fill*         0x0000000008011c6e        0x2 
 .text._localeconv_r
                0x0000000008011c70        0x8 F:/ST/STM32CubeIDE_1.12.0/STM32CubeIDE/plugins/com.st.stm32cube.ide.mcu.externaltools.gnu-tools-for-stm32.11.3.rel1.win32_1.1.0.202305231506/tools/bin/../lib/gcc/arm-none-eabi/11.3.1/../../../../arm-none-eabi/lib/thumb/v7e-m+fp/hard\libc_nano.a(libc_a-localeconv.o)
                0x0000000008011c70                _localeconv_r
 .text._close_r
                0x0000000008011c78       0x20 F:/ST/STM32CubeIDE_1.12.0/STM32CubeIDE/plugins/com.st.stm32cube.ide.mcu.externaltools.gnu-tools-for-stm32.11.3.rel1.win32_1.1.0.202305231506/tools/bin/../lib/gcc/arm-none-eabi/11.3.1/../../../../arm-none-eabi/lib/thumb/v7e-m+fp/hard\libc_nano.a(libc_a-closer.o)
                0x0000000008011c78                _close_r
 .text._lseek_r
                0x0000000008011c98       0x24 F:/ST/STM32CubeIDE_1.12.0/STM32CubeIDE/plugins/com.st.stm32cube.ide.mcu.externaltools.gnu-tools-for-stm32.11.3.rel1.win32_1.1.0.202305231506/tools/bin/../lib/gcc/arm-none-eabi/11.3.1/../../../../arm-none-eabi/lib/thumb/v7e-m+fp/hard\libc_nano.a(libc_a-lseekr.o)
                0x0000000008011c98                _lseek_r
 .text._read_r  0x0000000008011cbc       0x24 F:/ST/STM32CubeIDE_1.12.0/STM32CubeIDE/plugins/com.st.stm32cube.ide.mcu.externaltools.gnu-tools-for-stm32.11.3.rel1.win32_1.1.0.202305231506/tools/bin/../lib/gcc/arm-none-eabi/11.3.1/../../../../arm-none-eabi/lib/thumb/v7e-m+fp/hard\libc_nano.a(libc_a-readr.o)
                0x0000000008011cbc                _read_r
 .text._write_r
                0x0000000008011ce0       0x24 F:/ST/STM32CubeIDE_1.12.0/STM32CubeIDE/plugins/com.st.stm32cube.ide.mcu.externaltools.gnu-tools-for-stm32.11.3.rel1.win32_1.1.0.202305231506/tools/bin/../lib/gcc/arm-none-eabi/11.3.1/../../../../arm-none-eabi/lib/thumb/v7e-m+fp/hard\libc_nano.a(libc_a-writer.o)
                0x0000000008011ce0                _write_r
 .text.__errno  0x0000000008011d04        0xc F:/ST/STM32CubeIDE_1.12.0/STM32CubeIDE/plugins/com.st.stm32cube.ide.mcu.externaltools.gnu-tools-for-stm32.11.3.rel1.win32_1.1.0.202305231506/tools/bin/../lib/gcc/arm-none-eabi/11.3.1/../../../../arm-none-eabi/lib/thumb/v7e-m+fp/hard\libc_nano.a(libc_a-errno.o)
                0x0000000008011d04                __errno
 .text.__libc_init_array
                0x0000000008011d10       0x48 F:/ST/STM32CubeIDE_1.12.0/STM32CubeIDE/plugins/com.st.stm32cube.ide.mcu.externaltools.gnu-tools-for-stm32.11.3.rel1.win32_1.1.0.202305231506/tools/bin/../lib/gcc/arm-none-eabi/11.3.1/../../../../arm-none-eabi/lib/thumb/v7e-m+fp/hard\libc_nano.a(libc_a-init.o)
                0x0000000008011d10                __libc_init_array
 .text.__retarget_lock_acquire_recursive