Archive member included to satisfy reference by file (symbol)

F:/ST/STM32CubeIDE_1.12.0/STM32CubeIDE/plugins/com.st.stm32cube.ide.mcu.externaltools.gnu-tools-for-stm32.11.3.rel1.win32_1.1.0.202305231506/tools/bin/../lib/gcc/arm-none-eabi/11.3.1/../../../../arm-none-eabi/lib/thumb/v7e-m+fp/hard\libc_nano.a(libc_a-exit.o)
                              F:/ST/STM32CubeIDE_1.12.0/STM32CubeIDE/plugins/com.st.stm32cube.ide.mcu.externaltools.gnu-tools-for-stm32.11.3.rel1.win32_1.1.0.202305231506/tools/bin/../lib/gcc/arm-none-eabi/11.3.1/../../../../arm-none-eabi/lib/thumb/v7e-m+fp/hard/crt0.o (exit)
F:/ST/STM32CubeIDE_1.12.0/STM32CubeIDE/plugins/com.st.stm32cube.ide.mcu.externaltools.gnu-tools-for-stm32.11.3.rel1.win32_1.1.0.202305231506/tools/bin/../lib/gcc/arm-none-eabi/11.3.1/../../../../arm-none-eabi/lib/thumb/v7e-m+fp/hard\libc_nano.a(libc_a-nano-vfprintf_float.o)
                              (_printf_float)
F:/ST/STM32CubeIDE_1.12.0/STM32CubeIDE/plugins/com.st.stm32cube.ide.mcu.externaltools.gnu-tools-for-stm32.11.3.rel1.win32_1.1.0.202305231506/tools/bin/../lib/gcc/arm-none-eabi/11.3.1/../../../../arm-none-eabi/lib/thumb/v7e-m+fp/hard\libc_nano.a(libc_a-nano-vfprintf_i.o)
                              F:/ST/STM32CubeIDE_1.12.0/STM32CubeIDE/plugins/com.st.stm32cube.ide.mcu.externaltools.gnu-tools-for-stm32.11.3.rel1.win32_1.1.0.202305231506/tools/bin/../lib/gcc/arm-none-eabi/11.3.1/../../../../arm-none-eabi/lib/thumb/v7e-m+fp/hard\libc_nano.a(libc_a-nano-vfprintf_float.o) (_printf_common)
F:/ST/STM32CubeIDE_1.12.0/STM32CubeIDE/plugins/com.st.stm32cube.ide.mcu.externaltools.gnu-tools-for-stm32.11.3.rel1.win32_1.1.0.202305231506/tools/bin/../lib/gcc/arm-none-eabi/11.3.1/../../../../arm-none-eabi/lib/thumb/v7e-m+fp/hard\libc_nano.a(libc_a-nano-vfscanf_float.o)
                              (_scanf_float)
F:/ST/STM32CubeIDE_1.12.0/STM32CubeIDE/plugins/com.st.stm32cube.ide.mcu.externaltools.gnu-tools-for-stm32.11.3.rel1.win32_1.1.0.202305231506/tools/bin/../lib/gcc/arm-none-eabi/11.3.1/../../../../arm-none-eabi/lib/thumb/v7e-m+fp/hard\libc_nano.a(libc_a-findfp.o)
                              F:/ST/STM32CubeIDE_1.12.0/STM32CubeIDE/plugins/com.st.stm32cube.ide.mcu.externaltools.gnu-tools-for-stm32.11.3.rel1.win32_1.1.0.202305231506/tools/bin/../lib/gcc/arm-none-eabi/11.3.1/../../../../arm-none-eabi/lib/thumb/v7e-m+fp/hard\libc_nano.a(libc_a-exit.o) (__stdio_exit_handler)
F:/ST/STM32CubeIDE_1.12.0/STM32CubeIDE/plugins/com.st.stm32cube.ide.mcu.externaltools.gnu-tools-for-stm32.11.3.rel1.win32_1.1.0.202305231506/tools/bin/../lib/gcc/arm-none-eabi/11.3.1/../../../../arm-none-eabi/lib/thumb/v7e-m+fp/hard\libc_nano.a(libc_a-fwalk.o)
                              F:/ST/STM32CubeIDE_1.12.0/STM32CubeIDE/plugins/com.st.stm32cube.ide.mcu.externaltools.gnu-tools-for-stm32.11.3.rel1.win32_1.1.0.202305231506/tools/bin/../lib/gcc/arm-none-eabi/11.3.1/../../../../arm-none-eabi/lib/thumb/v7e-m+fp/hard\libc_nano.a(libc_a-findfp.o) (_fwalk_sglue)
F:/ST/STM32CubeIDE_1.12.0/STM32CubeIDE/plugins/com.st.stm32cube.ide.mcu.externaltools.gnu-tools-for-stm32.11.3.rel1.win32_1.1.0.202305231506/tools/bin/../lib/gcc/arm-none-eabi/11.3.1/../../../../arm-none-eabi/lib/thumb/v7e-m+fp/hard\libc_nano.a(libc_a-sprintf.o)
                              ./Core/Src/pawprint.o (sprintf)
F:/ST/STM32CubeIDE_1.12.0/STM32CubeIDE/plugins/com.st.stm32cube.ide.mcu.externaltools.gnu-tools-for-stm32.11.3.rel1.win32_1.1.0.202305231506/tools/bin/../lib/gcc/arm-none-eabi/11.3.1/../../../../arm-none-eabi/lib/thumb/v7e-m+fp/hard\libc_nano.a(libc_a-stdio.o)
                              F:/ST/STM32CubeIDE_1.12.0/STM32CubeIDE/plugins/com.st.stm32cube.ide.mcu.externaltools.gnu-tools-for-stm32.11.3.rel1.win32_1.1.0.202305231506/tools/bin/../lib/gcc/arm-none-eabi/11.3.1/../../../../arm-none-eabi/lib/thumb/v7e-m+fp/hard\libc_nano.a(libc_a-findfp.o) (__sread)
F:/ST/STM32CubeIDE_1.12.0/STM32CubeIDE/plugins/com.st.stm32cube.ide.mcu.externaltools.gnu-tools-for-stm32.11.3.rel1.win32_1.1.0.202305231506/tools/bin/../lib/gcc/arm-none-eabi/11.3.1/../../../../arm-none-eabi/lib/thumb/v7e-m+fp/hard\libc_nano.a(libc_a-memset.o)
                              F:/ST/STM32CubeIDE_1.12.0/STM32CubeIDE/plugins/com.st.stm32cube.ide.mcu.externaltools.gnu-tools-for-stm32.11.3.rel1.win32_1.1.0.202305231506/tools/bin/../lib/gcc/arm-none-eabi/11.3.1/../../../../arm-none-eabi/lib/thumb/v7e-m+fp/hard/crt0.o (memset)
F:/ST/STM32CubeIDE_1.12.0/STM32CubeIDE/plugins/com.st.stm32cube.ide.mcu.externaltools.gnu-tools-for-stm32.11.3.rel1.win32_1.1.0.202305231506/tools/bin/../lib/gcc/arm-none-eabi/11.3.1/../../../../arm-none-eabi/lib/thumb/v7e-m+fp/hard\libc_nano.a(libc_a-localeconv.o)
                              F:/ST/STM32CubeIDE_1.12.0/STM32CubeIDE/plugins/com.st.stm32cube.ide.mcu.externaltools.gnu-tools-for-stm32.11.3.rel1.win32_1.1.0.202305231506/tools/bin/../lib/gcc/arm-none-eabi/11.3.1/../../../../arm-none-eabi/lib/thumb/v7e-m+fp/hard\libc_nano.a(libc_a-nano-vfprintf_float.o) (_localeconv_r)
[...]
Memory Configuration

Name             Origin             Length             Attributes
RAM              0x0000000020000000 0x0000000000018000 xrw
RAM2             0x0000000010000000 0x0000000000008000 xrw
FLASH            0x0000000008000000 0x0000000000100000 xr
*default*        0x0000000000000000 0xffffffffffffffff

Linker script and memory map

LOAD F:/ST/STM32CubeIDE_1.12.0/STM32CubeIDE/plugins/com.st.stm32cube.ide.mcu.externaltools.gnu-tools-for-stm32.11.3.rel1.win32_1.1.0.202305231506/tools/bin/../lib/gcc/arm-none-eabi/11.3.1/thumb/v7e-m+fp/hard/crti.o
LOAD F:/ST/STM32CubeIDE_1.12.0/STM32CubeIDE/plugins/com.st.stm32cube.ide.mcu.externaltools.gnu-tools-for-stm32.11.3.rel1.win32_1.1.0.202305231506/tools/bin/../lib/gcc/arm-none-eabi/11.3.1/thumb/v7e-m+fp/hard/crtbegin.o
LOAD F:/ST/STM32CubeIDE_1.12.0/STM32CubeIDE/plugins/com.st.stm32cube.ide.mcu.externaltools.gnu-tools-for-stm32.11.3.rel1.win32_1.1.0.202305231506/tools/bin/../lib/gcc/arm-none-eabi/11.3.1/../../../../arm-none-eabi/lib/thumb/v7e-m+fp/hard/crt0.o
LOAD ./Core/Src/lis2mdl.o
LOAD ./Core/Src/lsm6dso.o
LOAD ./Core/Src/main.o
LOAD ./Core/Src/pawprint.o
LOAD ./Core/Src/st_fifo.o
LOAD ./Core/Src/stm32l4xx_hal_msp.o
LOAD ./Core/Src/stm32l4xx_it.o
LOAD ./Core/Src/stts751.o
LOAD ./Core/Src/syscalls.o
LOAD ./Core/Src/sysmem.o
LOAD ./Core/Src/system_stm32l4xx.o
LOAD ./Core/Startup/startup_stm32l476rgtx.o
LOAD ./Drivers/STM32L4xx_HAL_Driver/Src/stm32l4xx_hal.o
LOAD ./Drivers/STM32L4xx_HAL_Driver/Src/stm32l4xx_hal_cortex.o
LOAD ./Drivers/STM32L4xx_HAL_Driver/Src/stm32l4xx_hal_dma.o
LOAD ./Drivers/STM32L4xx_HAL_Driver/Src/stm32l4xx_hal_dma_ex.o
LOAD ./Drivers/STM32L4xx_HAL_Driver/Src/stm32l4xx_hal_exti.o
LOAD ./Drivers/STM32L4xx_HAL_Driver/Src/stm32l4xx_hal_flash.o
LOAD ./Drivers/STM32L4xx_HAL_Driver/Src/stm32l4xx_hal_flash_ex.o
LOAD ./Drivers/STM32L4xx_HAL_Driver/Src/stm32l4xx_hal_flash_ramfunc.o
LOAD ./Drivers/STM32L4xx_HAL_Driver/Src/stm32l4xx_hal_gpio.o
LOAD ./Drivers/STM32L4xx_HAL_Driver/Src/stm32l4xx_hal_i2c.o
LOAD ./Drivers/STM32L4xx_HAL_Driver/Src/stm32l4xx_hal_i2c_ex.o
LOAD ./Drivers/STM32L4xx_HAL_Driver/Src/stm32l4xx_hal_pcd.o
LOAD ./Drivers/STM32L4xx_HAL_Driver/Src/stm32l4xx_hal_pcd_ex.o
LOAD ./Drivers/STM32L4xx_HAL_Driver/Src/stm32l4xx_hal_pwr.o
LOAD ./Drivers/STM32L4xx_HAL_Driver/Src/stm32l4xx_hal_pwr_ex.o
LOAD ./Drivers/STM32L4xx_HAL_Driver/Src/stm32l4xx_hal_rcc.o
LOAD ./Drivers/STM32L4xx_HAL_Driver/Src/stm32l4xx_hal_rcc_ex.o
LOAD ./Drivers/STM32L4xx_HAL_Driver/Src/stm32l4xx_hal_rtc.o
LOAD ./Drivers/STM32L4xx_HAL_Driver/Src/stm32l4xx_hal_rtc_ex.o
LOAD ./Drivers/STM32L4xx_HAL_Driver/Src/stm32l4xx_hal_sd.o
LOAD ./Drivers/STM32L4xx_HAL_Driver/Src/stm32l4xx_hal_sd_ex.o
LOAD ./Drivers/STM32L4xx_HAL_Driver/Src/stm32l4xx_hal_tim.o
LOAD ./Drivers/STM32L4xx_HAL_Driver/Src/stm32l4xx_hal_tim_ex.o
LOAD ./Drivers/STM32L4xx_HAL_Driver/Src/stm32l4xx_ll_sdmmc.o
LOAD ./Drivers/STM32L4xx_HAL_Driver/Src/stm32l4xx_ll_usb.o
LOAD ./FATFS/App/fatfs.o
LOAD ./FATFS/Target/bsp_driver_sd.o
LOAD ./FATFS/Target/fatfs_platform.o
LOAD ./FATFS/Target/sd_diskio.o
LOAD ./Middlewares/ST/STM32_USB_Device_Library/Class/CDC/Src/usbd_cdc.o
LOAD ./Middlewares/ST/STM32_USB_Device_Library/Core/Src/usbd_core.o
LOAD ./Middlewares/ST/STM32_USB_Device_Library/Core/Src/usbd_ctlreq.o
LOAD ./Middlewares/ST/STM32_USB_Device_Library/Core/Src/usbd_ioreq.o
LOAD ./Middlewares/Third_Party/FatFs/src/diskio.o
LOAD ./Middlewares/Third_Party/FatFs/src/ff.o
LOAD ./Middlewares/Third_Party/FatFs/src/ff_gen_drv.o
LOAD ./Middlewares/Third_Party/FatFs/src/option/syscall.o
LOAD ./USB_DEVICE/App/usb_device.o
LOAD ./USB_DEVICE/App/usbd_cdc_if.o
LOAD ./USB_DEVICE/App/usbd_desc.o
LOAD ./USB_DEVICE/Target/usbd_conf.o
START GROUP
LOAD F:/ST/STM32CubeIDE_1.12.0/STM32CubeIDE/plugins/com.st.stm32cube.ide.mcu.externaltools.gnu-tools-for-stm32.11.3.rel1.win32_1.1.0.202305231506/tools/bin/../lib/gcc/arm-none-eabi/11.3.1/../../../../arm-none-eabi/lib/thumb/v7e-m+fp/hard\libc_nano.a
LOAD F:/ST/STM32CubeIDE_1.12.0/STM32CubeIDE/plugins/com.st.stm32cube.ide.mcu.externaltools.gnu-tools-for-stm32.11.3.rel1.win32_1.1.0.202305231506/tools/bin/../lib/gcc/arm-none-eabi/11.3.1/../../../../arm-none-eabi/lib/thumb/v7e-m+fp/hard\libm.a
END GROUP
START GROUP
LOAD F:/ST/STM32CubeIDE_1.12.0/STM32CubeIDE/plugins/com.st.stm32cube.ide.mcu.externaltools.gnu-tools-for-stm32.11.3.rel1.win32_1.1.0.202305231506/tools/bin/../lib/gcc/arm-none-eabi/11.3.1/thumb/v7e-m+fp/hard\libgcc.a
LOAD F:/ST/STM32CubeIDE_1.12.0/STM32CubeIDE/plugins/com.st.stm32cube.ide.mcu.externaltools.gnu-tools-for-stm32.11.3.rel1.win32_1.1.0.202305231506/tools/bin/../lib/gcc/arm-none-eabi/11.3.1/../../../../arm-none-eabi/lib/thumb/v7e-m+fp/hard\libc_nano.a
END GROUP
START GROUP
LOAD F:/ST/STM32CubeIDE_1.12.0/STM32CubeIDE/plugins/com.st.stm32cube.ide.mcu.externaltools.gnu-tools-for-stm32.11.3.rel1.win32_1.1.0.202305231506/tools/bin/../lib/gcc/arm-none-eabi/11.3.1/thumb/v7e-m+fp/hard\libgcc.a
LOAD F:/ST/STM32CubeIDE_1.12.0/STM32CubeIDE/plugins/com.st.stm32cube.ide.mcu.externaltools.gnu-tools-for-stm32.11.3.rel1.win32_1.1.0.202305231506/tools/bin/../lib/gcc/arm-none-eabi/11.3.1/../../../../arm-none-eabi/lib/thumb/v7e-m+fp/hard\libc_nano.a
LOAD F:/ST/STM32CubeIDE_1.12.0/STM32CubeIDE/plugins/com.st.stm32cube.ide.mcu.externaltools.gnu-tools-for-stm32.11.3.rel1.win32_1.1.0.202305231506/tools/bin/../lib/gcc/arm-none-eabi/11.3.1/../../../../arm-none-eabi/lib/thumb/v7e-m+fp/hard\libnosys.a
END GROUP
START GROUP
LOAD F:/ST/STM32CubeIDE_1.12.0/STM32CubeIDE/plugins/com.st.stm32cube.ide.mcu.externaltools.gnu-tools-for-stm32.11.3.rel1.win32_1.1.0.202305231506/tools/bin/../lib/gcc/arm-none-eabi/11.3.1/thumb/v7e-m+fp/hard\libgcc.a
LOAD F:/ST/STM32CubeIDE_1.12.0/STM32CubeIDE/plugins/com.st.stm32cube.ide.mcu.externaltools.gnu-tools-for-stm32.11.3.rel1.win32_1.1.0.202305231506/tools/bin/../lib/gcc/arm-none-eabi/11.3.1/../../../../arm-none-eabi/lib/thumb/v7e-m+fp/hard\libc_nano.a
LOAD F:/ST/STM32CubeIDE_1.12.0/STM32CubeIDE/plugins/com.st.stm32cube.ide.mcu.externaltools.gnu-tools-for-stm32.11.3.rel1.win32_1.1.0.202305231506/tools/bin/../lib/gcc/arm-none-eabi/11.3.1/../../../../arm-none-eabi/lib/thumb/v7e-m+fp/hard\libnosys.a
END GROUP
LOAD F:/ST/STM32CubeIDE_1.12.0/STM32CubeIDE/plugins/com.st.stm32cube.ide.mcu.externaltools.gnu-tools-for-stm32.11.3.rel1.win32_1.1.0.202305231506/tools/bin/../lib/gcc/arm-none-eabi/11.3.1/thumb/v7e-m+fp/hard/crtend.o
LOAD F:/ST/STM32CubeIDE_1.12.0/STM32CubeIDE/plugins/com.st.stm32cube.ide.mcu.externaltools.gnu-tools-for-stm32.11.3.rel1.win32_1.1.0.202305231506/tools/bin/../lib/gcc/arm-none-eabi/11.3.1/thumb/v7e-m+fp/hard/crtn.o
                0x0000000020018000                _estack = (ORIGIN (RAM) + LENGTH (RAM))
                0x0000000000000400                _Min_Heap_Size = 0x400
                0x0000000000000800                _Min_Stack_Size = 0x800

.isr_vector     0x0000000008000000      0x188
                0x0000000008000000                . = ALIGN (0x4)
 *(.isr_vector)
 .isr_vector    0x0000000008000000      0x188 ./Core/Startup/startup_stm32l476rgtx.o
                0x0000000008000000                g_pfnVectors
                0x0000000008000188                . = ALIGN (0x4)

.text           0x0000000008000190    0x133a8
                0x0000000008000190                . = ALIGN (0x4)
 *(.text)
 .text          0x0000000008000190       0x40 F:/ST/STM32CubeIDE_1.12.0/STM32CubeIDE/plugins/com.st.stm32cube.ide.mcu.externaltools.gnu-tools-for-stm32.11.3.rel1.win32_1.1.0.202305231506/tools/bin/../lib/gcc/arm-none-eabi/11.3.1/thumb/v7e-m+fp/hard/crtbegin.o
 .text          0x00000000080001d0       0xa0 F:/ST/STM32CubeIDE_1.12.0/STM32CubeIDE/plugins/com.st.stm32cube.ide.mcu.externaltools.gnu-tools-for-stm32.11.3.rel1.win32_1.1.0.202305231506/tools/bin/../lib/gcc/arm-none-eabi/11.3.1/../../../../arm-none-eabi/lib/thumb/v7e-m+fp/hard\libc_nano.a(libc_a-memchr.o)
                0x00000000080001d0                memchr
 .text          0x0000000008000270       0x10 F:/ST/STM32CubeIDE_1.12.0/STM32CubeIDE/plugins/com.st.stm32cube.ide.mcu.externaltools.gnu-tools-for-stm32.11.3.rel1.win32_1.1.0.202305231506/tools/bin/../lib/gcc/arm-none-eabi/11.3.1/../../../../arm-none-eabi/lib/thumb/v7e-m+fp/hard\libc_nano.a(libc_a-strlen.o)
                0x0000000008000270                strlen
 .text          0x0000000008000280      0x378 F:/ST/STM32CubeIDE_1.12.0/STM32CubeIDE/plugins/com.st.stm32cube.ide.mcu.externaltools.gnu-tools-for-stm32.11.3.rel1.win32_1.1.0.202305231506/tools/bin/../lib/gcc/arm-none-eabi/11.3.1/thumb/v7e-m+fp/hard\libgcc.a(_arm_addsubdf3.o)
                0x0000000008000280                __aeabi_drsub
                0x0000000008000288                __aeabi_dsub
                0x0000000008000288                __subdf3
                0x000000000800028c                __aeabi_dadd
                0x000000000800028c                __adddf3
                0x0000000008000504                __floatunsidf
                0x0000000008000504                __aeabi_ui2d
                0x0000000008000524                __floatsidf
                0x0000000008000524                __aeabi_i2d
                0x0000000008000548                __aeabi_f2d
                0x0000000008000548                __extendsfdf2
                0x000000000800058c                __floatundidf
                0x000000000800058c                __aeabi_ul2d
                0x000000000800059c                __floatdidf
                0x000000000800059c                __aeabi_l2d
 .text          0x00000000080005f8      0x424 F:/ST/STM32CubeIDE_1.12.0/STM32CubeIDE/plugins/com.st.stm32cube.ide.mcu.externaltools.gnu-tools-for-stm32.11.3.rel1.win32_1.1.0.202305231506/tools/bin/../lib/gcc/arm-none-eabi/11.3.1/thumb/v7e-m+fp/hard\libgcc.a(_arm_muldivdf3.o)
                0x00000000080005f8                __aeabi_dmul
                0x00000000080005f8                __muldf3
                0x000000000800084c                __divdf3
                0x000000000800084c                __aeabi_ddiv
 .text          0x0000000008000a1c      0x110 F:/ST/STM32CubeIDE_1.12.0/STM32CubeIDE/plugins/com.st.stm32cube.ide.mcu.externaltools.gnu-tools-for-stm32.11.3.rel1.win32_1.1.0.202305231506/tools/bin/../lib/gcc/arm-none-eabi/11.3.1/thumb/v7e-m+fp/hard\libgcc.a(_arm_cmpdf2.o)
                0x0000000008000a1c                __gtdf2
                0x0000000008000a1c                __gedf2
                0x0000000008000a24                __ltdf2
                0x0000000008000a24                __ledf2
                0x0000000008000a2c                __nedf2
                0x0000000008000a2c                __eqdf2
                0x0000000008000a2c                __cmpdf2
                0x0000000008000aa8                __aeabi_cdrcmple
                0x0000000008000ab8                __aeabi_cdcmpeq
                0x0000000008000ab8                __aeabi_cdcmple
                0x0000000008000ac8                __aeabi_dcmpeq
                0x0000000008000adc                __aeabi_dcmplt
                0x0000000008000af0                __aeabi_dcmple
                0x0000000008000b04                __aeabi_dcmpge
                0x0000000008000b18                __aeabi_dcmpgt
 .text          0x0000000008000b2c       0x2c F:/ST/STM32CubeIDE_1.12.0/STM32CubeIDE/plugins/com.st.stm32cube.ide.mcu.externaltools.gnu-tools-for-stm32.11.3.rel1.win32_1.1.0.202305231506/tools/bin/../lib/gcc/arm-none-eabi/11.3.1/thumb/v7e-m+fp/hard\libgcc.a(_arm_unorddf2.o)
                0x0000000008000b2c                __unorddf2
                0x0000000008000b2c                __aeabi_dcmpun
 .text          0x0000000008000b58       0x50 F:/ST/STM32CubeIDE_1.12.0/STM32CubeIDE/plugins/com.st.stm32cube.ide.mcu.externaltools.gnu-tools-for-stm32.11.3.rel1.win32_1.1.0.202305231506/tools/bin/../lib/gcc/arm-none-eabi/11.3.1/thumb/v7e-m+fp/hard\libgcc.a(_arm_fixdfsi.o)
                0x0000000008000b58                __aeabi_d2iz
                0x0000000008000b58                __fixdfsi
 .text          0x0000000008000ba8       0x40 F:/ST/STM32CubeIDE_1.12.0/STM32CubeIDE/plugins/com.st.stm32cube.ide.mcu.externaltools.gnu-tools-for-stm32.11.3.rel1.win32_1.1.0.202305231506/tools/bin/../lib/gcc/arm-none-eabi/11.3.1/thumb/v7e-m+fp/hard\libgcc.a(_arm_fixunsdfsi.o)
                0x0000000008000ba8                __aeabi_d2uiz
                0x0000000008000ba8                __fixunsdfsi
 .text          0x0000000008000be8       0xa0 F:/ST/STM32CubeIDE_1.12.0/STM32CubeIDE/plugins/com.st.stm32cube.ide.mcu.externaltools.gnu-tools-for-stm32.11.3.rel1.win32_1.1.0.202305231506/tools/bin/../lib/gcc/arm-none-eabi/11.3.1/thumb/v7e-m+fp/hard\libgcc.a(_arm_truncdfsf2.o)
                0x0000000008000be8                __truncdfsf2
                0x0000000008000be8                __aeabi_d2f
 .text          0x0000000008000c88       0x30 F:/ST/STM32CubeIDE_1.12.0/STM32CubeIDE/plugins/com.st.stm32cube.ide.mcu.externaltools.gnu-tools-for-stm32.11.3.rel1.win32_1.1.0.202305231506/tools/bin/../lib/gcc/arm-none-eabi/11.3.1/thumb/v7e-m+fp/hard\libgcc.a(_fixdfdi.o)
                0x0000000008000c88                __fixdfdi
                0x0000000008000c88                __aeabi_d2lz
 .text          0x0000000008000cb8       0x3c F:/ST/STM32CubeIDE_1.12.0/STM32CubeIDE/plugins/com.st.stm32cube.ide.mcu.externaltools.gnu-tools-for-stm32.11.3.rel1.win32_1.1.0.202305231506/tools/bin/../lib/gcc/arm-none-eabi/11.3.1/thumb/v7e-m+fp/hard\libgcc.a(_fixunsdfdi.o)
                0x0000000008000cb8                __fixunsdfdi
                0x0000000008000cb8                __aeabi_d2ulz
 *(.text*)
 .text.LIS2MDL_ReadReg
                0x0000000008000cf4       0x34 ./Core/Src/lis2mdl.o
                0x0000000008000cf4                LIS2MDL_ReadReg
 .text.LIS2MDL_WriteReg
                0x0000000008000d28       0x34 ./Core/Src/lis2mdl.o
                0x0000000008000d28                LIS2MDL_WriteReg
 .text.LSM6DSO_ReadReg
                0x0000000008000d5c       0x34 ./Core/Src/lsm6dso.o
                0x0000000008000d5c                LSM6DSO_ReadReg
 .text.LSM6DSO_ReadRegs
                0x0000000008000d90       0x3c ./Core/Src/lsm6dso.o
                0x0000000008000d90                LSM6DSO_ReadRegs
 .text.LSM6DSO_WriteReg
                0x0000000008000dcc       0x34 ./Core/Src/lsm6dso.o
                0x0000000008000dcc                LSM6DSO_WriteReg
 .text.HAL_GPIO_EXTI_Callback
                0x0000000008000e00       0x16 ./Core/Src/main.o
                0x0000000008000e00                HAL_GPIO_EXTI_Callback
 *fill*         0x0000000008000e16        0x2 
 .text.main     0x0000000008000e18       0x48 ./Core/Src/main.o
                0x0000000008000e18                main
 .text.SystemClock_Config
                0x0000000008000e60       0xa2 ./Core/Src/main.o
                0x0000000008000e60                SystemClock_Config
 .text.PeriphCommonClock_Config
                0x0000000008000f02       0x5c ./Core/Src/main.o
                0x0000000008000f02                PeriphCommonClock_Config
 *fill*         0x0000000008000f5e        0x2 
 .text.MX_I2C3_Init
                0x0000000008000f60       0x80 ./Core/Src/main.o
 .text.MX_RTC_Init
                0x0000000008000fe0       0xb8 ./Core/Src/main.o
 .text.MX_SDMMC1_SD_Init
                0x0000000008001098       0x44 ./Core/Src/main.o
 .text.MX_DMA_Init
                0x00000000080010dc       0x4c ./Core/Src/main.o
 .text.MX_GPIO_Init
                0x0000000008001128       0xf4 ./Core/Src/main.o
 .text.Error_Handler
                0x000000000800121c        0xa ./Core/Src/main.o
                0x000000000800121c                Error_Handler
 .text.pawprint_init
                0x0000000008001226      0x432 ./Core/Src/pawprint.o
                0x0000000008001226                pawprint_init
 .text.pawprint_readFIFO
                0x0000000008001658      0x1f4 ./Core/Src/pawprint.o
                0x0000000008001658                pawprint_readFIFO
 .text.lsm6dso_from_fs2_to_mg
                0x000000000800184c       0x30 ./Core/Src/pawprint.o
                0x000000000800184c                lsm6dso_from_fs2_to_mg
 .text.st_fifo_decode
                0x000000000800187c      0xf98 ./Core/Src/st_fifo.o
                0x000000000800187c                st_fifo_decode
 .text.st_fifo_sort
                0x0000000008002814       0xb8 ./Core/Src/st_fifo.o
                0x0000000008002814                st_fifo_sort
 .text.st_fifo_get_sensor_occurrence
                0x00000000080028cc       0x54 ./Core/Src/st_fifo.o
                0x00000000080028cc                st_fifo_get_sensor_occurrence
 .text.st_fifo_extract_sensor
                0x0000000008002920       0x7e ./Core/Src/st_fifo.o
                0x0000000008002920                st_fifo_extract_sensor
 *fill*         0x000000000800299e        0x2 
 .text.is_tag_valid
                0x00000000080029a0       0x44 ./Core/Src/st_fifo.o
 .text.get_sensor_type
                0x00000000080029e4      0x150 ./Core/Src/st_fifo.o
 .text.get_compression_type
                0x0000000008002b34       0x7c ./Core/Src/st_fifo.o
 .text.bdr_get_index
                0x0000000008002bb0       0xc0 ./Core/Src/st_fifo.o
 .text.has_even_parity
                0x0000000008002c70       0x56 ./Core/Src/st_fifo.o
 .text.get_diff_2x
                0x0000000008002cc6       0x60 ./Core/Src/st_fifo.o
 .text.get_diff_3x
                0x0000000008002d26       0x9a ./Core/Src/st_fifo.o
 .text.HAL_MspInit
                0x0000000008002dc0       0x48 ./Core/Src/stm32l4xx_hal_msp.o
                0x0000000008002dc0                HAL_MspInit
 .text.HAL_I2C_MspInit
                0x0000000008002e08       0xbc ./Core/Src/stm32l4xx_hal_msp.o
                0x0000000008002e08                HAL_I2C_MspInit
 .text.HAL_RTC_MspInit
                0x0000000008002ec4       0x64 ./Core/Src/stm32l4xx_hal_msp.o
                0x0000000008002ec4                HAL_RTC_MspInit
 .text.HAL_SD_MspInit
                0x0000000008002f28      0x198 ./Core/Src/stm32l4xx_hal_msp.o
                0x0000000008002f28                HAL_SD_MspInit
 .text.NMI_Handler
                0x00000000080030c0        0x6 ./Core/Src/stm32l4xx_it.o
                0x00000000080030c0                NMI_Handler
 .text.HardFault_Handler
                0x00000000080030c6        0x6 ./Core/Src/stm32l4xx_it.o
                0x00000000080030c6                HardFault_Handler
 .text.MemManage_Handler
                0x00000000080030cc        0x6 ./Core/Src/stm32l4xx_it.o
                0x00000000080030cc                MemManage_Handler
 .text.BusFault_Handler
                0x00000000080030d2        0x6 ./Core/Src/stm32l4xx_it.o
                0x00000000080030d2                BusFault_Handler
 .text.UsageFault_Handler
                0x00000000080030d8        0x6 ./Core/Src/stm32l4xx_it.o
                0x00000000080030d8                UsageFault_Handler
 .text.SVC_Handler
                0x00000000080030de        0xe ./Core/Src/stm32l4xx_it.o
                0x00000000080030de                SVC_Handler
 .text.DebugMon_Handler
                0x00000000080030ec        0xe ./Core/Src/stm32l4xx_it.o
                0x00000000080030ec                DebugMon_Handler
 .text.PendSV_Handler
                0x00000000080030fa        0xe ./Core/Src/stm32l4xx_it.o
                0x00000000080030fa                PendSV_Handler
 .text.SysTick_Handler
                0x0000000008003108        0xc ./Core/Src/stm32l4xx_it.o
                0x0000000008003108                SysTick_Handler
 .text.EXTI2_IRQHandler
                0x0000000008003114        0xe ./Core/Src/stm32l4xx_it.o
                0x0000000008003114                EXTI2_IRQHandler
 .text.EXTI3_IRQHandler
                0x0000000008003122        0xe ./Core/Src/stm32l4xx_it.o
                0x0000000008003122                EXTI3_IRQHandler
 .text.SDMMC1_IRQHandler
                0x0000000008003130       0x14 ./Core/Src/stm32l4xx_it.o
                0x0000000008003130                SDMMC1_IRQHandler
 .text.DMA2_Channel4_IRQHandler
                0x0000000008003144       0x14 ./Core/Src/stm32l4xx_it.o
                0x0000000008003144                DMA2_Channel4_IRQHandler
 .text.DMA2_Channel5_IRQHandler
                0x0000000008003158       0x14 ./Core/Src/stm32l4xx_it.o
                0x0000000008003158                DMA2_Channel5_IRQHandler
 .text.OTG_FS_IRQHandler
                0x000000000800316c       0x14 ./Core/Src/stm32l4xx_it.o
                0x000000000800316c                OTG_FS_IRQHandler
 .text.STTS751_ReadReg
                0x0000000008003180       0x34 ./Core/Src/stts751.o
                0x0000000008003180                STTS751_ReadReg
 .text._getpid  0x00000000080031b4       0x10 ./Core/Src/syscalls.o
                0x00000000080031b4                _getpid
 .text._kill    0x00000000080031c4       0x20 ./Core/Src/syscalls.o
                0x00000000080031c4                _kill
 .text._exit    0x00000000080031e4       0x14 ./Core/Src/syscalls.o
                0x00000000080031e4                _exit
 .text._read    0x00000000080031f8       0x3a ./Core/Src/syscalls.o
                0x00000000080031f8                _read
 .text._write   0x0000000008003232       0x38 ./Core/Src/syscalls.o
                0x0000000008003232                _write
 .text._close   0x000000000800326a       0x18 ./Core/Src/syscalls.o
                0x000000000800326a                _close
 .text._fstat   0x0000000008003282       0x20 ./Core/Src/syscalls.o
                0x0000000008003282                _fstat
 .text._isatty  0x00000000080032a2       0x16 ./Core/Src/syscalls.o
                0x00000000080032a2                _isatty
 .text._lseek   0x00000000080032b8       0x1a ./Core/Src/syscalls.o
                0x00000000080032b8                _lseek
 *fill*         0x00000000080032d2        0x2 
 .text._sbrk    0x00000000080032d4       0x6c ./Core/Src/sysmem.o
                0x00000000080032d4                _sbrk
 .text.SystemInit
                0x0000000008003340       0x24 ./Core/Src/system_stm32l4xx.o
                0x0000000008003340                SystemInit
 .text.Reset_Handler
                0x0000000008003364       0x50 ./Core/Startup/startup_stm32l476rgtx.o
                0x0000000008003364                Reset_Handler
 .text.Default_Handler
                0x00000000080033b4        0x2 ./Core/Startup/startup_stm32l476rgtx.o
                0x00000000080033b4                RTC_Alarm_IRQHandler
                0x00000000080033b4                TIM8_TRG_COM_IRQHandler
                0x00000000080033b4                TIM8_CC_IRQHandler
                0x00000000080033b4                TIM1_CC_IRQHandler
                0x00000000080033b4                TSC_IRQHandler
                0x00000000080033b4                TAMP_STAMP_IRQHandler
                0x00000000080033b4                LPTIM2_IRQHandler
                0x00000000080033b4                DFSDM1_FLT1_IRQHandler
                0x00000000080033b4                I2C3_ER_IRQHandler
                0x00000000080033b4                DFSDM1_FLT2_IRQHandler
                0x00000000080033b4                EXTI0_IRQHandler
                0x00000000080033b4                I2C2_EV_IRQHandler
                0x00000000080033b4                CAN1_RX0_IRQHandler
                0x00000000080033b4                FPU_IRQHandler
                0x00000000080033b4                TIM1_UP_TIM16_IRQHandler
                0x00000000080033b4                ADC1_2_IRQHandler
                0x00000000080033b4                SPI1_IRQHandler
                0x00000000080033b4                TIM6_DAC_IRQHandler
                0x00000000080033b4                TIM8_UP_IRQHandler
                0x00000000080033b4                DMA2_Channel2_IRQHandler
                0x00000000080033b4                DMA1_Channel4_IRQHandler
                0x00000000080033b4                SAI2_IRQHandler
                0x00000000080033b4                DFSDM1_FLT3_IRQHandler
                0x00000000080033b4                USART3_IRQHandler
                0x00000000080033b4                DMA1_Channel7_IRQHandler
                0x00000000080033b4                CAN1_RX1_IRQHandler
                0x00000000080033b4                LCD_IRQHandler
                0x00000000080033b4                UART5_IRQHandler
                0x00000000080033b4                ADC3_IRQHandler
                0x00000000080033b4                TIM4_IRQHandler
                0x00000000080033b4                DMA2_Channel1_IRQHandler
                0x00000000080033b4                QUADSPI_IRQHandler
                0x00000000080033b4                I2C1_EV_IRQHandler
                0x00000000080033b4                DMA1_Channel6_IRQHandler
                0x00000000080033b4                UART4_IRQHandler
                0x00000000080033b4                TIM3_IRQHandler
                0x00000000080033b4                RCC_IRQHandler
                0x00000000080033b4                DMA1_Channel1_IRQHandler
                0x00000000080033b4                Default_Handler
                0x00000000080033b4                DMA2_Channel7_IRQHandler
                0x00000000080033b4                EXTI15_10_IRQHandler
                0x00000000080033b4                TIM7_IRQHandler
                0x00000000080033b4                TIM5_IRQHandler
                0x00000000080033b4                I2C3_EV_IRQHandler
                0x00000000080033b4                EXTI9_5_IRQHandler
                0x00000000080033b4                RTC_WKUP_IRQHandler
                0x00000000080033b4                PVD_PVM_IRQHandler
                0x00000000080033b4                SPI2_IRQHandler
                0x00000000080033b4                CAN1_TX_IRQHandler
                0x00000000080033b4                DMA1_Channel5_IRQHandler
                0x00000000080033b4                EXTI4_IRQHandler
                0x00000000080033b4                RNG_IRQHandler
                0x00000000080033b4                TIM1_TRG_COM_TIM17_IRQHandler
                0x00000000080033b4                DMA1_Channel3_IRQHandler
                0x00000000080033b4                COMP_IRQHandler
                0x00000000080033b4                WWDG_IRQHandler
                0x00000000080033b4                LPUART1_IRQHandler
                0x00000000080033b4                DMA2_Channel6_IRQHandler
                0x00000000080033b4                TIM2_IRQHandler
                0x00000000080033b4                EXTI1_IRQHandler
                0x00000000080033b4                USART2_IRQHandler
                0x00000000080033b4                DFSDM1_FLT0_IRQHandler
                0x00000000080033b4                I2C2_ER_IRQHandler
                0x00000000080033b4                DMA1_Channel2_IRQHandler
                0x00000000080033b4                TIM8_BRK_IRQHandler
                0x00000000080033b4                CAN1_SCE_IRQHandler
                0x00000000080033b4                FLASH_IRQHandler
                0x00000000080033b4                USART1_IRQHandler
                0x00000000080033b4                SPI3_IRQHandler
                0x00000000080033b4                I2C1_ER_IRQHandler
                0x00000000080033b4                FMC_IRQHandler
                0x00000000080033b4                SWPMI1_IRQHandler
                0x00000000080033b4                LPTIM1_IRQHandler
                0x00000000080033b4                SAI1_IRQHandler
                0x00000000080033b4                DMA2_Channel3_IRQHandler
                0x00000000080033b4                TIM1_BRK_TIM15_IRQHandler
 .text.HAL_Init
                0x00000000080033b6       0x30 ./Drivers/STM32L4xx_HAL_Driver/Src/stm32l4xx_hal.o
                0x00000000080033b6                HAL_Init
 *fill*         0x00000000080033e6        0x2 
 .text.HAL_InitTick
                0x00000000080033e8       0x78 ./Drivers/STM32L4xx_HAL_Driver/Src/stm32l4xx_hal.o
                0x00000000080033e8                HAL_InitTick
 .text.HAL_IncTick
                0x0000000008003460       0x28 ./Drivers/STM32L4xx_HAL_Driver/Src/stm32l4xx_hal.o
                0x0000000008003460                HAL_IncTick
 .text.HAL_GetTick
                0x0000000008003488       0x18 ./Drivers/STM32L4xx_HAL_Driver/Src/stm32l4xx_hal.o
                0x0000000008003488                HAL_GetTick
 .text.HAL_Delay
                0x00000000080034a0       0x48 ./Drivers/STM32L4xx_HAL_Driver/Src/stm32l4xx_hal.o
                0x00000000080034a0                HAL_Delay
 .text.__NVIC_SetPriorityGrouping
                0x00000000080034e8       0x48 ./Drivers/STM32L4xx_HAL_Driver/Src/stm32l4xx_hal_cortex.o
 .text.__NVIC_GetPriorityGrouping
                0x0000000008003530       0x1c ./Drivers/STM32L4xx_HAL_Driver/Src/stm32l4xx_hal_cortex.o
 .text.__NVIC_EnableIRQ
                0x000000000800354c       0x3c ./Drivers/STM32L4xx_HAL_Driver/Src/stm32l4xx_hal_cortex.o
 .text.__NVIC_SetPriority
                0x0000000008003588       0x54 ./Drivers/STM32L4xx_HAL_Driver/Src/stm32l4xx_hal_cortex.o
 .text.NVIC_EncodePriority
                0x00000000080035dc       0x66 ./Drivers/STM32L4xx_HAL_Driver/Src/stm32l4xx_hal_cortex.o
 *fill*         0x0000000008003642        0x2 
 .text.SysTick_Config
                0x0000000008003644       0x44 ./Drivers/STM32L4xx_HAL_Driver/Src/stm32l4xx_hal_cortex.o
 .text.HAL_NVIC_SetPriorityGrouping
                0x0000000008003688       0x16 ./Drivers/STM32L4xx_HAL_Driver/Src/stm32l4xx_hal_cortex.o
                0x0000000008003688                HAL_NVIC_SetPriorityGrouping
 .text.HAL_NVIC_SetPriority
                0x000000000800369e       0x38 ./Drivers/STM32L4xx_HAL_Driver/Src/stm32l4xx_hal_cortex.o
                0x000000000800369e                HAL_NVIC_SetPriority
 .text.HAL_NVIC_EnableIRQ
                0x00000000080036d6       0x1c ./Drivers/STM32L4xx_HAL_Driver/Src/stm32l4xx_hal_cortex.o
                0x00000000080036d6                HAL_NVIC_EnableIRQ
 .text.HAL_SYSTICK_Config
                0x00000000080036f2       0x18 ./Drivers/STM32L4xx_HAL_Driver/Src/stm32l4xx_hal_cortex.o
                0x00000000080036f2                HAL_SYSTICK_Config
 *fill*         0x000000000800370a        0x2 
 .text.HAL_DMA_Init
                0x000000000800370c      0x170 ./Drivers/STM32L4xx_HAL_Driver/Src/stm32l4xx_hal_dma.o
                0x000000000800370c                HAL_DMA_Init
 .text.HAL_DMA_Start_IT
                0x000000000800387c       0xc0 ./Drivers/STM32L4xx_HAL_Driver/Src/stm32l4xx_hal_dma.o
                0x000000000800387c                HAL_DMA_Start_IT
 .text.HAL_DMA_Abort_IT
                0x000000000800393c       0x82 ./Drivers/STM32L4xx_HAL_Driver/Src/stm32l4xx_hal_dma.o
                0x000000000800393c                HAL_DMA_Abort_IT
 .text.HAL_DMA_IRQHandler
                0x00000000080039be      0x15e ./Drivers/STM32L4xx_HAL_Driver/Src/stm32l4xx_hal_dma.o
                0x00000000080039be                HAL_DMA_IRQHandler
 .text.DMA_SetConfig
                0x0000000008003b1c       0x60 ./Drivers/STM32L4xx_HAL_Driver/Src/stm32l4xx_hal_dma.o
 .text.HAL_GPIO_Init
                0x0000000008003b7c      0x354 ./Drivers/STM32L4xx_HAL_Driver/Src/stm32l4xx_hal_gpio.o
                0x0000000008003b7c                HAL_GPIO_Init
 .text.HAL_GPIO_ReadPin
                0x0000000008003ed0       0x30 ./Drivers/STM32L4xx_HAL_Driver/Src/stm32l4xx_hal_gpio.o
                0x0000000008003ed0                HAL_GPIO_ReadPin
 .text.HAL_GPIO_EXTI_IRQHandler
                0x0000000008003f00       0x30 ./Drivers/STM32L4xx_HAL_Driver/Src/stm32l4xx_hal_gpio.o
                0x0000000008003f00                HAL_GPIO_EXTI_IRQHandler
 .text.HAL_I2C_Init
                0x0000000008003f30      0x136 ./Drivers/STM32L4xx_HAL_Driver/Src/stm32l4xx_hal_i2c.o
                0x0000000008003f30                HAL_I2C_Init
 *fill*         0x0000000008004066        0x2 
 .text.HAL_I2C_Mem_Write
                0x0000000008004068      0x228 ./Drivers/STM32L4xx_HAL_Driver/Src/stm32l4xx_hal_i2c.o
                0x0000000008004068                HAL_I2C_Mem_Write
 .text.HAL_I2C_Mem_Read
                0x0000000008004290      0x234 ./Drivers/STM32L4xx_HAL_Driver/Src/stm32l4xx_hal_i2c.o
                0x0000000008004290                HAL_I2C_Mem_Read
 .text.I2C_RequestMemoryWrite
                0x00000000080044c4       0xa8 ./Drivers/STM32L4xx_HAL_Driver/Src/stm32l4xx_hal_i2c.o
 .text.I2C_RequestMemoryRead
                0x000000000800456c       0xa8 ./Drivers/STM32L4xx_HAL_Driver/Src/stm32l4xx_hal_i2c.o
 .text.I2C_Flush_TXDR
                0x0000000008004614       0x48 ./Drivers/STM32L4xx_HAL_Driver/Src/stm32l4xx_hal_i2c.o
 .text.I2C_WaitOnFlagUntilTimeout
                0x000000000800465c       0x9e ./Drivers/STM32L4xx_HAL_Driver/Src/stm32l4xx_hal_i2c.o
 .text.I2C_WaitOnTXISFlagUntilTimeout
                0x00000000080046fa       0x8e ./Drivers/STM32L4xx_HAL_Driver/Src/stm32l4xx_hal_i2c.o
 .text.I2C_WaitOnSTOPFlagUntilTimeout
                0x0000000008004788       0x86 ./Drivers/STM32L4xx_HAL_Driver/Src/stm32l4xx_hal_i2c.o
 *fill*         0x000000000800480e        0x2 
 .text.I2C_IsErrorOccurred
                0x0000000008004810      0x1c0 ./Drivers/STM32L4xx_HAL_Driver/Src/stm32l4xx_hal_i2c.o
 .text.I2C_TransferConfig
                0x00000000080049d0       0x64 ./Drivers/STM32L4xx_HAL_Driver/Src/stm32l4xx_hal_i2c.o
 .text.HAL_I2CEx_ConfigAnalogFilter
                0x0000000008004a34       0x96 ./Drivers/STM32L4xx_HAL_Driver/Src/stm32l4xx_hal_i2c_ex.o
                0x0000000008004a34                HAL_I2CEx_ConfigAnalogFilter
 .text.HAL_I2CEx_ConfigDigitalFilter
                0x0000000008004aca       0x98 ./Drivers/STM32L4xx_HAL_Driver/Src/stm32l4xx_hal_i2c_ex.o
                0x0000000008004aca                HAL_I2CEx_ConfigDigitalFilter
 .text.HAL_PCD_Init
                0x0000000008004b62      0x248 ./Drivers/STM32L4xx_HAL_Driver/Src/stm32l4xx_hal_pcd.o
                0x0000000008004b62                HAL_PCD_Init
 .text.HAL_PCD_Start
                0x0000000008004daa       0x5e ./Drivers/STM32L4xx_HAL_Driver/Src/stm32l4xx_hal_pcd.o
                0x0000000008004daa                HAL_PCD_Start
 .text.HAL_PCD_IRQHandler
                0x0000000008004e08      0x926 ./Drivers/STM32L4xx_HAL_Driver/Src/stm32l4xx_hal_pcd.o
                0x0000000008004e08                HAL_PCD_IRQHandler
 .text.HAL_PCD_SetAddress
                0x000000000800572e       0x4a ./Drivers/STM32L4xx_HAL_Driver/Src/stm32l4xx_hal_pcd.o
                0x000000000800572e                HAL_PCD_SetAddress
 .text.HAL_PCD_EP_Open
                0x0000000008005778       0xd0 ./Drivers/STM32L4xx_HAL_Driver/Src/stm32l4xx_hal_pcd.o
                0x0000000008005778                HAL_PCD_EP_Open
 .text.HAL_PCD_EP_Close
                0x0000000008005848       0x94 ./Drivers/STM32L4xx_HAL_Driver/Src/stm32l4xx_hal_pcd.o
                0x0000000008005848                HAL_PCD_EP_Close
 .text.HAL_PCD_EP_Receive
                0x00000000080058dc       0x64 ./Drivers/STM32L4xx_HAL_Driver/Src/stm32l4xx_hal_pcd.o
                0x00000000080058dc                HAL_PCD_EP_Receive
 .text.HAL_PCD_EP_GetRxCount
                0x0000000008005940       0x30 ./Drivers/STM32L4xx_HAL_Driver/Src/stm32l4xx_hal_pcd.o
                0x0000000008005940                HAL_PCD_EP_GetRxCount
 .text.HAL_PCD_EP_Transmit
                0x0000000008005970       0x62 ./Drivers/STM32L4xx_HAL_Driver/Src/stm32l4xx_hal_pcd.o
                0x0000000008005970                HAL_PCD_EP_Transmit
 .text.HAL_PCD_EP_SetStall
                0x00000000080059d2       0xc4 ./Drivers/STM32L4xx_HAL_Driver/Src/stm32l4xx_hal_pcd.o
                0x00000000080059d2                HAL_PCD_EP_SetStall
 .text.HAL_PCD_EP_ClrStall
                0x0000000008005a96       0xac ./Drivers/STM32L4xx_HAL_Driver/Src/stm32l4xx_hal_pcd.o
                0x0000000008005a96                HAL_PCD_EP_ClrStall
 .text.HAL_PCD_EP_Abort
                0x0000000008005b42       0x62 ./Drivers/STM32L4xx_HAL_Driver/Src/stm32l4xx_hal_pcd.o
                0x0000000008005b42                HAL_PCD_EP_Abort
 .text.PCD_WriteEmptyTxFifo
                0x0000000008005ba4      0x110 ./Drivers/STM32L4xx_HAL_Driver/Src/stm32l4xx_hal_pcd.o
 .text.PCD_EP_OutXfrComplete_int
                0x0000000008005cb4       0x9c ./Drivers/STM32L4xx_HAL_Driver/Src/stm32l4xx_hal_pcd.o
 .text.PCD_EP_OutSetupPacket_int
                0x0000000008005d50       0x68 ./Drivers/STM32L4xx_HAL_Driver/Src/stm32l4xx_hal_pcd.o
 .text.HAL_PCDEx_SetTxFiFo
                0x0000000008005db8       0x8e ./Drivers/STM32L4xx_HAL_Driver/Src/stm32l4xx_hal_pcd_ex.o
                0x0000000008005db8                HAL_PCDEx_SetTxFiFo
 .text.HAL_PCDEx_SetRxFiFo
                0x0000000008005e46       0x22 ./Drivers/STM32L4xx_HAL_Driver/Src/stm32l4xx_hal_pcd_ex.o
                0x0000000008005e46                HAL_PCDEx_SetRxFiFo
 .text.HAL_PCDEx_ActivateLPM
                0x0000000008005e68       0x48 ./Drivers/STM32L4xx_HAL_Driver/Src/stm32l4xx_hal_pcd_ex.o
                0x0000000008005e68                HAL_PCDEx_ActivateLPM
 .text.HAL_PWREx_GetVoltageRange
                0x0000000008005eb0       0x1c ./Drivers/STM32L4xx_HAL_Driver/Src/stm32l4xx_hal_pwr_ex.o
                0x0000000008005eb0                HAL_PWREx_GetVoltageRange
 .text.HAL_PWREx_ControlVoltageScaling
                0x0000000008005ecc       0xac ./Drivers/STM32L4xx_HAL_Driver/Src/stm32l4xx_hal_pwr_ex.o
                0x0000000008005ecc                HAL_PWREx_ControlVoltageScaling
 .text.HAL_PWREx_EnableVddUSB
                0x0000000008005f78       0x20 ./Drivers/STM32L4xx_HAL_Driver/Src/stm32l4xx_hal_pwr_ex.o
                0x0000000008005f78                HAL_PWREx_EnableVddUSB
 .text.HAL_RCC_OscConfig
                0x0000000008005f98      0x7b8 ./Drivers/STM32L4xx_HAL_Driver/Src/stm32l4xx_hal_rcc.o
                0x0000000008005f98                HAL_RCC_OscConfig
 .text.HAL_RCC_ClockConfig
                0x0000000008006750      0x200 ./Drivers/STM32L4xx_HAL_Driver/Src/stm32l4xx_hal_rcc.o
                0x0000000008006750                HAL_RCC_ClockConfig
 .text.HAL_RCC_GetSysClockFreq
                0x0000000008006950      0x118 ./Drivers/STM32L4xx_HAL_Driver/Src/stm32l4xx_hal_rcc.o
                0x0000000008006950                HAL_RCC_GetSysClockFreq
 .text.HAL_RCC_GetHCLKFreq
                0x0000000008006a68       0x18 ./Drivers/STM32L4xx_HAL_Driver/Src/stm32l4xx_hal_rcc.o
                0x0000000008006a68                HAL_RCC_GetHCLKFreq
 .text.HAL_RCC_GetPCLK1Freq
                0x0000000008006a80       0x2c ./Drivers/STM32L4xx_HAL_Driver/Src/stm32l4xx_hal_rcc.o
                0x0000000008006a80                HAL_RCC_GetPCLK1Freq
 .text.HAL_RCC_GetPCLK2Freq
                0x0000000008006aac       0x2c ./Drivers/STM32L4xx_HAL_Driver/Src/stm32l4xx_hal_rcc.o
                0x0000000008006aac                HAL_RCC_GetPCLK2Freq
 .text.RCC_SetFlashLatencyFromMSIRange
                0x0000000008006ad8       0xc0 ./Drivers/STM32L4xx_HAL_Driver/Src/stm32l4xx_hal_rcc.o
 .text.HAL_RCCEx_PeriphCLKConfig
                0x0000000008006b98      0x5d4 ./Drivers/STM32L4xx_HAL_Driver/Src/stm32l4xx_hal_rcc_ex.o
                0x0000000008006b98                HAL_RCCEx_PeriphCLKConfig
 .text.HAL_RCCEx_GetPeriphCLKFreq
                0x000000000800716c      0xadc ./Drivers/STM32L4xx_HAL_Driver/Src/stm32l4xx_hal_rcc_ex.o
                0x000000000800716c                HAL_RCCEx_GetPeriphCLKFreq
 .text.RCCEx_PLLSAI1_Config
                0x0000000008007c48      0x1e8 ./Drivers/STM32L4xx_HAL_Driver/Src/stm32l4xx_hal_rcc_ex.o
 .text.RCCEx_PLLSAI2_Config
                0x0000000008007e30      0x1bc ./Drivers/STM32L4xx_HAL_Driver/Src/stm32l4xx_hal_rcc_ex.o
 .text.RCCEx_GetSAIxPeriphCLKFreq
                0x0000000008007fec      0x1e0 ./Drivers/STM32L4xx_HAL_Driver/Src/stm32l4xx_hal_rcc_ex.o
 .text.HAL_RTC_Init
                0x00000000080081cc      0x110 ./Drivers/STM32L4xx_HAL_Driver/Src/stm32l4xx_hal_rtc.o
                0x00000000080081cc                HAL_RTC_Init
 .text.HAL_RTC_SetTime
                0x00000000080082dc      0x13a ./Drivers/STM32L4xx_HAL_Driver/Src/stm32l4xx_hal_rtc.o
                0x00000000080082dc                HAL_RTC_SetTime
 .text.HAL_RTC_SetDate
                0x0000000008008416      0x10e ./Drivers/STM32L4xx_HAL_Driver/Src/stm32l4xx_hal_rtc.o
                0x0000000008008416                HAL_RTC_SetDate
 .text.HAL_RTC_WaitForSynchro
                0x0000000008008524       0x48 ./Drivers/STM32L4xx_HAL_Driver/Src/stm32l4xx_hal_rtc.o
                0x0000000008008524                HAL_RTC_WaitForSynchro
 .text.RTC_EnterInitMode
                0x000000000800856c       0x66 ./Drivers/STM32L4xx_HAL_Driver/Src/stm32l4xx_hal_rtc.o
                0x000000000800856c                RTC_EnterInitMode
 *fill*         0x00000000080085d2        0x2 
 .text.RTC_ExitInitMode
                0x00000000080085d4       0x7c ./Drivers/STM32L4xx_HAL_Driver/Src/stm32l4xx_hal_rtc.o
                0x00000000080085d4                RTC_ExitInitMode
 .text.RTC_ByteToBcd2
                0x0000000008008650       0x40 ./Drivers/STM32L4xx_HAL_Driver/Src/stm32l4xx_hal_rtc.o
                0x0000000008008650                RTC_ByteToBcd2
 .text.HAL_SD_Init
                0x0000000008008690       0x60 ./Drivers/STM32L4xx_HAL_Driver/Src/stm32l4xx_hal_sd.o
                0x0000000008008690                HAL_SD_Init
 .text.HAL_SD_InitCard
                0x00000000080086f0      0x14c ./Drivers/STM32L4xx_HAL_Driver/Src/stm32l4xx_hal_sd.o
                0x00000000080086f0                HAL_SD_InitCard
 .text.HAL_SD_ReadBlocks_DMA
                0x000000000800883c      0x190 ./Drivers/STM32L4xx_HAL_Driver/Src/stm32l4xx_hal_sd.o
                0x000000000800883c                HAL_SD_ReadBlocks_DMA
 .text.HAL_SD_WriteBlocks_DMA
                0x00000000080089cc      0x198 ./Drivers/STM32L4xx_HAL_Driver/Src/stm32l4xx_hal_sd.o
                0x00000000080089cc                HAL_SD_WriteBlocks_DMA
 .text.HAL_SD_IRQHandler
                0x0000000008008b64      0x2ec ./Drivers/STM32L4xx_HAL_Driver/Src/stm32l4xx_hal_sd.o
                0x0000000008008b64                HAL_SD_IRQHandler
 .text.HAL_SD_ErrorCallback
                0x0000000008008e50       0x14 ./Drivers/STM32L4xx_HAL_Driver/Src/stm32l4xx_hal_sd.o
                0x0000000008008e50                HAL_SD_ErrorCallback
 .text.HAL_SD_GetCardCSD
                0x0000000008008e64      0x348 ./Drivers/STM32L4xx_HAL_Driver/Src/stm32l4xx_hal_sd.o
                0x0000000008008e64                HAL_SD_GetCardCSD
 .text.HAL_SD_GetCardInfo
                0x00000000080091ac       0x58 ./Drivers/STM32L4xx_HAL_Driver/Src/stm32l4xx_hal_sd.o
                0x00000000080091ac                HAL_SD_GetCardInfo
 .text.HAL_SD_ConfigWideBusOperation
                0x0000000008009204      0x178 ./Drivers/STM32L4xx_HAL_Driver/Src/stm32l4xx_hal_sd.o
                0x0000000008009204                HAL_SD_ConfigWideBusOperation
 .text.HAL_SD_GetCardState
                0x000000000800937c       0x40 ./Drivers/STM32L4xx_HAL_Driver/Src/stm32l4xx_hal_sd.o
                0x000000000800937c                HAL_SD_GetCardState
 .text.SD_DMATransmitCplt
                0x00000000080093bc       0x2a ./Drivers/STM32L4xx_HAL_Driver/Src/stm32l4xx_hal_sd.o
 .text.SD_DMAReceiveCplt
                0x00000000080093e6       0x70 ./Drivers/STM32L4xx_HAL_Driver/Src/stm32l4xx_hal_sd.o
 *fill*         0x0000000008009456        0x2 
 .text.SD_DMAError
                0x0000000008009458       0x98 ./Drivers/STM32L4xx_HAL_Driver/Src/stm32l4xx_hal_sd.o
 .text.SD_DMATxAbort
                0x00000000080094f0       0x6e ./Drivers/STM32L4xx_HAL_Driver/Src/stm32l4xx_hal_sd.o
 .text.SD_DMARxAbort
                0x000000000800955e       0x6e ./Drivers/STM32L4xx_HAL_Driver/Src/stm32l4xx_hal_sd.o
 .text.SD_InitCard
                0x00000000080095cc      0x19c ./Drivers/STM32L4xx_HAL_Driver/Src/stm32l4xx_hal_sd.o
 .text.SD_PowerON
                0x0000000008009768      0x11c ./Drivers/STM32L4xx_HAL_Driver/Src/stm32l4xx_hal_sd.o
 .text.SD_SendStatus
                0x0000000008009884       0x50 ./Drivers/STM32L4xx_HAL_Driver/Src/stm32l4xx_hal_sd.o
 .text.SD_WideBus_Enable
                0x00000000080098d4       0x96 ./Drivers/STM32L4xx_HAL_Driver/Src/stm32l4xx_hal_sd.o
 .text.SD_WideBus_Disable
                0x000000000800996a       0x96 ./Drivers/STM32L4xx_HAL_Driver/Src/stm32l4xx_hal_sd.o
 .text.SD_FindSCR
                0x0000000008009a00      0x194 ./Drivers/STM32L4xx_HAL_Driver/Src/stm32l4xx_hal_sd.o
 .text.SD_Read_IT
                0x0000000008009b94       0xa2 ./Drivers/STM32L4xx_HAL_Driver/Src/stm32l4xx_hal_sd.o
 .text.SD_Write_IT
                0x0000000008009c36       0xaa ./Drivers/STM32L4xx_HAL_Driver/Src/stm32l4xx_hal_sd.o
 .text.SDMMC_Init
                0x0000000008009ce0       0x5a ./Drivers/STM32L4xx_HAL_Driver/Src/stm32l4xx_ll_sdmmc.o
                0x0000000008009ce0                SDMMC_Init
 .text.SDMMC_ReadFIFO
                0x0000000008009d3a       0x1a ./Drivers/STM32L4xx_HAL_Driver/Src/stm32l4xx_ll_sdmmc.o
                0x0000000008009d3a                SDMMC_ReadFIFO
 .text.SDMMC_WriteFIFO
                0x0000000008009d54       0x22 ./Drivers/STM32L4xx_HAL_Driver/Src/stm32l4xx_ll_sdmmc.o
                0x0000000008009d54                SDMMC_WriteFIFO
 .text.SDMMC_PowerState_ON
                0x0000000008009d76       0x1e ./Drivers/STM32L4xx_HAL_Driver/Src/stm32l4xx_ll_sdmmc.o
                0x0000000008009d76                SDMMC_PowerState_ON
 .text.SDMMC_GetPowerState
                0x0000000008009d94       0x1c ./Drivers/STM32L4xx_HAL_Driver/Src/stm32l4xx_ll_sdmmc.o
                0x0000000008009d94                SDMMC_GetPowerState
 .text.SDMMC_SendCommand
                0x0000000008009db0       0x54 ./Drivers/STM32L4xx_HAL_Driver/Src/stm32l4xx_ll_sdmmc.o
                0x0000000008009db0                SDMMC_SendCommand
 .text.SDMMC_GetCommandResponse
                0x0000000008009e04       0x1a ./Drivers/STM32L4xx_HAL_Driver/Src/stm32l4xx_ll_sdmmc.o
                0x0000000008009e04                SDMMC_GetCommandResponse
 .text.SDMMC_GetResponse
                0x0000000008009e1e       0x26 ./Drivers/STM32L4xx_HAL_Driver/Src/stm32l4xx_ll_sdmmc.o
                0x0000000008009e1e                SDMMC_GetResponse
 .text.SDMMC_ConfigData
                0x0000000008009e44       0x58 ./Drivers/STM32L4xx_HAL_Driver/Src/stm32l4xx_ll_sdmmc.o
                0x0000000008009e44                SDMMC_ConfigData
 .text.SDMMC_CmdBlockLength
                0x0000000008009e9c       0x44 ./Drivers/STM32L4xx_HAL_Driver/Src/stm32l4xx_ll_sdmmc.o
                0x0000000008009e9c                SDMMC_CmdBlockLength
 .text.SDMMC_CmdReadSingleBlock
                0x0000000008009ee0       0x44 ./Drivers/STM32L4xx_HAL_Driver/Src/stm32l4xx_ll_sdmmc.o
                0x0000000008009ee0                SDMMC_CmdReadSingleBlock
 .text.SDMMC_CmdReadMultiBlock
                0x0000000008009f24       0x44 ./Drivers/STM32L4xx_HAL_Driver/Src/stm32l4xx_ll_sdmmc.o
                0x0000000008009f24                SDMMC_CmdReadMultiBlock
 .text.SDMMC_CmdWriteSingleBlock
                0x0000000008009f68       0x44 ./Drivers/STM32L4xx_HAL_Driver/Src/stm32l4xx_ll_sdmmc.o
                0x0000000008009f68                SDMMC_CmdWriteSingleBlock
 .text.SDMMC_CmdWriteMultiBlock
                0x0000000008009fac       0x44 ./Drivers/STM32L4xx_HAL_Driver/Src/stm32l4xx_ll_sdmmc.o
                0x0000000008009fac                SDMMC_CmdWriteMultiBlock
 .text.SDMMC_CmdStopTransfer
                0x0000000008009ff0       0x44 ./Drivers/STM32L4xx_HAL_Driver/Src/stm32l4xx_ll_sdmmc.o
                0x0000000008009ff0                SDMMC_CmdStopTransfer
 .text.SDMMC_CmdSelDesel
                0x000000000800a034       0x46 ./Drivers/STM32L4xx_HAL_Driver/Src/stm32l4xx_ll_sdmmc.o
                0x000000000800a034                SDMMC_CmdSelDesel
 .text.SDMMC_CmdGoIdleState
                0x000000000800a07a       0x3c ./Drivers/STM32L4xx_HAL_Driver/Src/stm32l4xx_ll_sdmmc.o
                0x000000000800a07a                SDMMC_CmdGoIdleState
 .text.SDMMC_CmdOperCond
                0x000000000800a0b6       0x3e ./Drivers/STM32L4xx_HAL_Driver/Src/stm32l4xx_ll_sdmmc.o
                0x000000000800a0b6                SDMMC_CmdOperCond
 .text.SDMMC_CmdAppCommand
                0x000000000800a0f4       0x44 ./Drivers/STM32L4xx_HAL_Driver/Src/stm32l4xx_ll_sdmmc.o
                0x000000000800a0f4                SDMMC_CmdAppCommand
 .text.SDMMC_CmdAppOperCommand
                0x000000000800a138       0x46 ./Drivers/STM32L4xx_HAL_Driver/Src/stm32l4xx_ll_sdmmc.o
                0x000000000800a138                SDMMC_CmdAppOperCommand
 .text.SDMMC_CmdBusWidth
                0x000000000800a17e       0x44 ./Drivers/STM32L4xx_HAL_Driver/Src/stm32l4xx_ll_sdmmc.o
                0x000000000800a17e                SDMMC_CmdBusWidth
 .text.SDMMC_CmdSendSCR
                0x000000000800a1c2       0x42 ./Drivers/STM32L4xx_HAL_Driver/Src/stm32l4xx_ll_sdmmc.o
                0x000000000800a1c2                SDMMC_CmdSendSCR
 .text.SDMMC_CmdSendCID
                0x000000000800a204       0x3c ./Drivers/STM32L4xx_HAL_Driver/Src/stm32l4xx_ll_sdmmc.o
                0x000000000800a204                SDMMC_CmdSendCID
 .text.SDMMC_CmdSendCSD
                0x000000000800a240       0x3e ./Drivers/STM32L4xx_HAL_Driver/Src/stm32l4xx_ll_sdmmc.o
                0x000000000800a240                SDMMC_CmdSendCSD
 .text.SDMMC_CmdSetRelAdd
                0x000000000800a27e       0x42 ./Drivers/STM32L4xx_HAL_Driver/Src/stm32l4xx_ll_sdmmc.o
                0x000000000800a27e                SDMMC_CmdSetRelAdd
 .text.SDMMC_CmdSendStatus
                0x000000000800a2c0       0x44 ./Drivers/STM32L4xx_HAL_Driver/Src/stm32l4xx_ll_sdmmc.o
                0x000000000800a2c0                SDMMC_CmdSendStatus
 .text.SDMMC_GetCmdResp1
                0x000000000800a304      0x1dc ./Drivers/STM32L4xx_HAL_Driver/Src/stm32l4xx_ll_sdmmc.o
                0x000000000800a304                SDMMC_GetCmdResp1
 .text.SDMMC_GetCmdResp2
                0x000000000800a4e0       0x90 ./Drivers/STM32L4xx_HAL_Driver/Src/stm32l4xx_ll_sdmmc.o
                0x000000000800a4e0                SDMMC_GetCmdResp2
 .text.SDMMC_GetCmdResp3
                0x000000000800a570       0x7c ./Drivers/STM32L4xx_HAL_Driver/Src/stm32l4xx_ll_sdmmc.o
                0x000000000800a570                SDMMC_GetCmdResp3
 .text.SDMMC_GetCmdResp6
                0x000000000800a5ec       0xec ./Drivers/STM32L4xx_HAL_Driver/Src/stm32l4xx_ll_sdmmc.o
                0x000000000800a5ec                SDMMC_GetCmdResp6
 .text.SDMMC_GetCmdResp7
                0x000000000800a6d8       0x9c ./Drivers/STM32L4xx_HAL_Driver/Src/stm32l4xx_ll_sdmmc.o
                0x000000000800a6d8                SDMMC_GetCmdResp7
 .text.SDMMC_GetCmdError
                0x000000000800a774       0x58 ./Drivers/STM32L4xx_HAL_Driver/Src/stm32l4xx_ll_sdmmc.o
 .text.USB_CoreInit
                0x000000000800a7cc       0x58 ./Drivers/STM32L4xx_HAL_Driver/Src/stm32l4xx_ll_usb.o
                0x000000000800a7cc                USB_CoreInit
 .text.USB_SetTurnaroundTime
                0x000000000800a824      0x138 ./Drivers/STM32L4xx_HAL_Driver/Src/stm32l4xx_ll_usb.o
                0x000000000800a824                USB_SetTurnaroundTime
 .text.USB_EnableGlobalInt
                0x000000000800a95c       0x22 ./Drivers/STM32L4xx_HAL_Driver/Src/stm32l4xx_ll_usb.o
                0x000000000800a95c                USB_EnableGlobalInt
 .text.USB_DisableGlobalInt
                0x000000000800a97e       0x22 ./Drivers/STM32L4xx_HAL_Driver/Src/stm32l4xx_ll_usb.o
                0x000000000800a97e                USB_DisableGlobalInt
 .text.USB_SetCurrentMode
                0x000000000800a9a0       0x98 ./Drivers/STM32L4xx_HAL_Driver/Src/stm32l4xx_ll_usb.o
                0x000000000800a9a0                USB_SetCurrentMode
 .text.USB_DevInit
                0x000000000800aa38      0x284 ./Drivers/STM32L4xx_HAL_Driver/Src/stm32l4xx_ll_usb.o
                0x000000000800aa38                USB_DevInit
 .text.USB_FlushTxFifo
                0x000000000800acbc       0x68 ./Drivers/STM32L4xx_HAL_Driver/Src/stm32l4xx_ll_usb.o
                0x000000000800acbc                USB_FlushTxFifo
 .text.USB_FlushRxFifo
                0x000000000800ad24       0x60 ./Drivers/STM32L4xx_HAL_Driver/Src/stm32l4xx_ll_usb.o
                0x000000000800ad24                USB_FlushRxFifo
 .text.USB_SetDevSpeed
                0x000000000800ad84       0x32 ./Drivers/STM32L4xx_HAL_Driver/Src/stm32l4xx_ll_usb.o
                0x000000000800ad84                USB_SetDevSpeed
 .text.USB_GetDevSpeed
                0x000000000800adb6       0x3e ./Drivers/STM32L4xx_HAL_Driver/Src/stm32l4xx_ll_usb.o
                0x000000000800adb6                USB_GetDevSpeed
 .text.USB_ActivateEndpoint
                0x000000000800adf4      0x10e ./Drivers/STM32L4xx_HAL_Driver/Src/stm32l4xx_ll_usb.o
                0x000000000800adf4                USB_ActivateEndpoint
 *fill*         0x000000000800af02        0x2 
 .text.USB_DeactivateEndpoint
                0x000000000800af04      0x1b8 ./Drivers/STM32L4xx_HAL_Driver/Src/stm32l4xx_ll_usb.o
                0x000000000800af04                USB_DeactivateEndpoint
 .text.USB_EPStartXfer
                0x000000000800b0bc      0x464 ./Drivers/STM32L4xx_HAL_Driver/Src/stm32l4xx_ll_usb.o
                0x000000000800b0bc                USB_EPStartXfer
 .text.USB_EPStopXfer
                0x000000000800b520      0x154 ./Drivers/STM32L4xx_HAL_Driver/Src/stm32l4xx_ll_usb.o
                0x000000000800b520                USB_EPStopXfer
 .text.USB_WritePacket
                0x000000000800b674       0x74 ./Drivers/STM32L4xx_HAL_Driver/Src/stm32l4xx_ll_usb.o
                0x000000000800b674                USB_WritePacket
 .text.USB_ReadPacket
                0x000000000800b6e8       0xb0 ./Drivers/STM32L4xx_HAL_Driver/Src/stm32l4xx_ll_usb.o
                0x000000000800b6e8                USB_ReadPacket
 .text.USB_EPSetStall
                0x000000000800b798       0xdc ./Drivers/STM32L4xx_HAL_Driver/Src/stm32l4xx_ll_usb.o
                0x000000000800b798                USB_EPSetStall
 .text.USB_EPClearStall
                0x000000000800b874       0xcc ./Drivers/STM32L4xx_HAL_Driver/Src/stm32l4xx_ll_usb.o
                0x000000000800b874                USB_EPClearStall
 .text.USB_SetDevAddress
                0x000000000800b940       0x4c ./Drivers/STM32L4xx_HAL_Driver/Src/stm32l4xx_ll_usb.o
                0x000000000800b940                USB_SetDevAddress
 .text.USB_DevConnect
                0x000000000800b98c       0x42 ./Drivers/STM32L4xx_HAL_Driver/Src/stm32l4xx_ll_usb.o
                0x000000000800b98c                USB_DevConnect
 .text.USB_DevDisconnect
                0x000000000800b9ce       0x42 ./Drivers/STM32L4xx_HAL_Driver/Src/stm32l4xx_ll_usb.o
                0x000000000800b9ce                USB_DevDisconnect
 .text.USB_ReadInterrupts
                0x000000000800ba10       0x26 ./Drivers/STM32L4xx_HAL_Driver/Src/stm32l4xx_ll_usb.o
                0x000000000800ba10                USB_ReadInterrupts
 .text.USB_ReadDevAllOutEpInterrupt
                0x000000000800ba36       0x34 ./Drivers/STM32L4xx_HAL_Driver/Src/stm32l4xx_ll_usb.o
                0x000000000800ba36                USB_ReadDevAllOutEpInterrupt
 .text.USB_ReadDevAllInEpInterrupt
                0x000000000800ba6a       0x34 ./Drivers/STM32L4xx_HAL_Driver/Src/stm32l4xx_ll_usb.o
                0x000000000800ba6a                USB_ReadDevAllInEpInterrupt
 .text.USB_ReadDevOutEPInterrupt
                0x000000000800ba9e       0x3c ./Drivers/STM32L4xx_HAL_Driver/Src/stm32l4xx_ll_usb.o
                0x000000000800ba9e                USB_ReadDevOutEPInterrupt
 .text.USB_ReadDevInEPInterrupt
                0x000000000800bada       0x5c ./Drivers/STM32L4xx_HAL_Driver/Src/stm32l4xx_ll_usb.o
                0x000000000800bada                USB_ReadDevInEPInterrupt
 .text.USB_GetMode
                0x000000000800bb36       0x1c ./Drivers/STM32L4xx_HAL_Driver/Src/stm32l4xx_ll_usb.o
                0x000000000800bb36                USB_GetMode
 .text.USB_ActivateSetup
                0x000000000800bb52       0x46 ./Drivers/STM32L4xx_HAL_Driver/Src/stm32l4xx_ll_usb.o
                0x000000000800bb52                USB_ActivateSetup
 .text.USB_EP0_OutStart
                0x000000000800bb98       0x90 ./Drivers/STM32L4xx_HAL_Driver/Src/stm32l4xx_ll_usb.o
                0x000000000800bb98                USB_EP0_OutStart
 .text.USB_CoreReset
                0x000000000800bc28       0x68 ./Drivers/STM32L4xx_HAL_Driver/Src/stm32l4xx_ll_usb.o
 .text.MX_FATFS_Init
                0x000000000800bc90       0x24 ./FATFS/App/fatfs.o
                0x000000000800bc90                MX_FATFS_Init
 .text.BSP_SD_Init
                0x000000000800bcb4       0x4c ./FATFS/Target/bsp_driver_sd.o
                0x000000000800bcb4                BSP_SD_Init
 .text.BSP_SD_ReadBlocks_DMA
                0x000000000800bd00       0x34 ./FATFS/Target/bsp_driver_sd.o
                0x000000000800bd00                BSP_SD_ReadBlocks_DMA
 .text.BSP_SD_WriteBlocks_DMA
                0x000000000800bd34       0x34 ./FATFS/Target/bsp_driver_sd.o
                0x000000000800bd34                BSP_SD_WriteBlocks_DMA
 .text.BSP_SD_GetCardState
                0x000000000800bd68       0x20 ./FATFS/Target/bsp_driver_sd.o
                0x000000000800bd68                BSP_SD_GetCardState
 .text.BSP_SD_GetCardInfo
                0x000000000800bd88       0x1c ./FATFS/Target/bsp_driver_sd.o
                0x000000000800bd88                BSP_SD_GetCardInfo
 .text.HAL_SD_AbortCallback
                0x000000000800bda4       0x14 ./FATFS/Target/bsp_driver_sd.o
                0x000000000800bda4                HAL_SD_AbortCallback
 .text.HAL_SD_TxCpltCallback
                0x000000000800bdb8       0x14 ./FATFS/Target/bsp_driver_sd.o
                0x000000000800bdb8                HAL_SD_TxCpltCallback
 .text.HAL_SD_RxCpltCallback
                0x000000000800bdcc       0x14 ./FATFS/Target/bsp_driver_sd.o
                0x000000000800bdcc                HAL_SD_RxCpltCallback
 .text.BSP_SD_AbortCallback
                0x000000000800bde0        0xe ./FATFS/Target/bsp_driver_sd.o
                0x000000000800bde0                BSP_SD_AbortCallback
 .text.BSP_SD_IsDetected
                0x000000000800bdee       0x24 ./FATFS/Target/bsp_driver_sd.o
                0x000000000800bdee                BSP_SD_IsDetected
 *fill*         0x000000000800be12        0x2 
 .text.BSP_PlatformIsDetected
                0x000000000800be14       0x2c ./FATFS/Target/fatfs_platform.o
                0x000000000800be14                BSP_PlatformIsDetected
 .text.SD_CheckStatusWithTimeout
                0x000000000800be40       0x3a ./FATFS/Target/sd_diskio.o
 *fill*         0x000000000800be7a        0x2 
 .text.SD_CheckStatus
                0x000000000800be7c       0x3c ./FATFS/Target/sd_diskio.o
 .text.SD_initialize
                0x000000000800beb8       0x38 ./FATFS/Target/sd_diskio.o
                0x000000000800beb8                SD_initialize
 .text.SD_status
                0x000000000800bef0       0x1c ./FATFS/Target/sd_diskio.o
                0x000000000800bef0                SD_status
 .text.SD_read  0x000000000800bf0c       0xac ./FATFS/Target/sd_diskio.o
                0x000000000800bf0c                SD_read
 .text.SD_write
                0x000000000800bfb8       0xac ./FATFS/Target/sd_diskio.o
                0x000000000800bfb8                SD_write
 .text.SD_ioctl
                0x000000000800c064       0xb0 ./FATFS/Target/sd_diskio.o
                0x000000000800c064                SD_ioctl
 .text.BSP_SD_WriteCpltCallback
                0x000000000800c114       0x18 ./FATFS/Target/sd_diskio.o
                0x000000000800c114                BSP_SD_WriteCpltCallback
 .text.BSP_SD_ReadCpltCallback
                0x000000000800c12c       0x18 ./FATFS/Target/sd_diskio.o
                0x000000000800c12c                BSP_SD_ReadCpltCallback
 .text.USBD_CDC_Init
                0x000000000800c144      0x1f0 ./Middlewares/ST/STM32_USB_Device_Library/Class/CDC/Src/usbd_cdc.o
 .text.USBD_CDC_DeInit
                0x000000000800c334      0x104 ./Middlewares/ST/STM32_USB_Device_Library/Class/CDC/Src/usbd_cdc.o
 .text.USBD_CDC_Setup
                0x000000000800c438      0x1b8 ./Middlewares/ST/STM32_USB_Device_Library/Class/CDC/Src/usbd_cdc.o
 .text.USBD_CDC_DataIn
                0x000000000800c5f0       0xfe ./Middlewares/ST/STM32_USB_Device_Library/Class/CDC/Src/usbd_cdc.o
 .text.USBD_CDC_DataOut
                0x000000000800c6ee       0x70 ./Middlewares/ST/STM32_USB_Device_Library/Class/CDC/Src/usbd_cdc.o
 .text.USBD_CDC_EP0_RxReady
                0x000000000800c75e       0x76 ./Middlewares/ST/STM32_USB_Device_Library/Class/CDC/Src/usbd_cdc.o
 .text.USBD_CDC_GetFSCfgDesc
                0x000000000800c7d4       0x70 ./Middlewares/ST/STM32_USB_Device_Library/Class/CDC/Src/usbd_cdc.o
 .text.USBD_CDC_GetHSCfgDesc
                0x000000000800c844       0x70 ./Middlewares/ST/STM32_USB_Device_Library/Class/CDC/Src/usbd_cdc.o
 .text.USBD_CDC_GetOtherSpeedCfgDesc
                0x000000000800c8b4       0x70 ./Middlewares/ST/STM32_USB_Device_Library/Class/CDC/Src/usbd_cdc.o
 .text.USBD_CDC_GetDeviceQualifierDescriptor
                0x000000000800c924       0x20 ./Middlewares/ST/STM32_USB_Device_Library/Class/CDC/Src/usbd_cdc.o
                0x000000000800c924                USBD_CDC_GetDeviceQualifierDescriptor
 .text.USBD_CDC_RegisterInterface
                0x000000000800c944       0x34 ./Middlewares/ST/STM32_USB_Device_Library/Class/CDC/Src/usbd_cdc.o
                0x000000000800c944                USBD_CDC_RegisterInterface
 .text.USBD_CDC_SetTxBuffer
                0x000000000800c978       0x44 ./Middlewares/ST/STM32_USB_Device_Library/Class/CDC/Src/usbd_cdc.o
                0x000000000800c978                USBD_CDC_SetTxBuffer
 .text.USBD_CDC_SetRxBuffer
                0x000000000800c9bc       0x3a ./Middlewares/ST/STM32_USB_Device_Library/Class/CDC/Src/usbd_cdc.o
                0x000000000800c9bc                USBD_CDC_SetRxBuffer
 *fill*         0x000000000800c9f6        0x2 
 .text.USBD_CDC_ReceivePacket
                0x000000000800c9f8       0x6c ./Middlewares/ST/STM32_USB_Device_Library/Class/CDC/Src/usbd_cdc.o
                0x000000000800c9f8                USBD_CDC_ReceivePacket
 .text.USBD_Init
                0x000000000800ca64       0x60 ./Middlewares/ST/STM32_USB_Device_Library/Core/Src/usbd_core.o
                0x000000000800ca64                USBD_Init
 .text.USBD_RegisterClass
                0x000000000800cac4       0x6c ./Middlewares/ST/STM32_USB_Device_Library/Core/Src/usbd_core.o
                0x000000000800cac4                USBD_RegisterClass
 .text.USBD_Start
                0x000000000800cb30       0x18 ./Middlewares/ST/STM32_USB_Device_Library/Core/Src/usbd_core.o
                0x000000000800cb30                USBD_Start
 .text.USBD_RunTestMode
                0x000000000800cb48       0x16 ./Middlewares/ST/STM32_USB_Device_Library/Core/Src/usbd_core.o
                0x000000000800cb48                USBD_RunTestMode
 .text.USBD_SetClassConfig
                0x000000000800cb5e       0x38 ./Middlewares/ST/STM32_USB_Device_Library/Core/Src/usbd_core.o
                0x000000000800cb5e                USBD_SetClassConfig
 .text.USBD_ClrClassConfig
                0x000000000800cb96       0x34 ./Middlewares/ST/STM32_USB_Device_Library/Core/Src/usbd_core.o
                0x000000000800cb96                USBD_ClrClassConfig
 .text.USBD_LL_SetupStage
                0x000000000800cbca       0xaa ./Middlewares/ST/STM32_USB_Device_Library/Core/Src/usbd_core.o
                0x000000000800cbca                USBD_LL_SetupStage
 .text.USBD_LL_DataOutStage
                0x000000000800cc74      0x166 ./Middlewares/ST/STM32_USB_Device_Library/Core/Src/usbd_core.o
                0x000000000800cc74                USBD_LL_DataOutStage
 .text.USBD_LL_DataInStage
                0x000000000800cdda      0x164 ./Middlewares/ST/STM32_USB_Device_Library/Core/Src/usbd_core.o
                0x000000000800cdda                USBD_LL_DataInStage
 .text.USBD_LL_Reset
                0x000000000800cf3e       0xa4 ./Middlewares/ST/STM32_USB_Device_Library/Core/Src/usbd_core.o
                0x000000000800cf3e                USBD_LL_Reset
 .text.USBD_LL_SetSpeed
                0x000000000800cfe2       0x20 ./Middlewares/ST/STM32_USB_Device_Library/Core/Src/usbd_core.o
                0x000000000800cfe2                USBD_LL_SetSpeed
 .text.USBD_LL_Suspend
                0x000000000800d002       0x38 ./Middlewares/ST/STM32_USB_Device_Library/Core/Src/usbd_core.o
                0x000000000800d002                USBD_LL_Suspend
 .text.USBD_LL_Resume
                0x000000000800d03a       0x30 ./Middlewares/ST/STM32_USB_Device_Library/Core/Src/usbd_core.o
                0x000000000800d03a                USBD_LL_Resume
 .text.USBD_LL_SOF
                0x000000000800d06a       0x40 ./Middlewares/ST/STM32_USB_Device_Library/Core/Src/usbd_core.o
                0x000000000800d06a                USBD_LL_SOF
 .text.USBD_LL_IsoINIncomplete
                0x000000000800d0aa       0x64 ./Middlewares/ST/STM32_USB_Device_Library/Core/Src/usbd_core.o
                0x000000000800d0aa                USBD_LL_IsoINIncomplete
 .text.USBD_LL_IsoOUTIncomplete
                0x000000000800d10e       0x64 ./Middlewares/ST/STM32_USB_Device_Library/Core/Src/usbd_core.o
                0x000000000800d10e                USBD_LL_IsoOUTIncomplete
 .text.USBD_LL_DevConnected
                0x000000000800d172       0x16 ./Middlewares/ST/STM32_USB_Device_Library/Core/Src/usbd_core.o
                0x000000000800d172                USBD_LL_DevConnected
 .text.USBD_LL_DevDisconnected
                0x000000000800d188       0x46 ./Middlewares/ST/STM32_USB_Device_Library/Core/Src/usbd_core.o
                0x000000000800d188                USBD_LL_DevDisconnected
 .text.USBD_CoreFindIF
                0x000000000800d1ce       0x1a ./Middlewares/ST/STM32_USB_Device_Library/Core/Src/usbd_core.o
                0x000000000800d1ce                USBD_CoreFindIF
 .text.USBD_CoreFindEP
                0x000000000800d1e8       0x1a ./Middlewares/ST/STM32_USB_Device_Library/Core/Src/usbd_core.o
                0x000000000800d1e8                USBD_CoreFindEP
 .text.USBD_GetEpDesc
                0x000000000800d202       0x74 ./Middlewares/ST/STM32_USB_Device_Library/Core/Src/usbd_core.o
                0x000000000800d202                USBD_GetEpDesc
 .text.USBD_GetNextDesc
                0x000000000800d276       0x3a ./Middlewares/ST/STM32_USB_Device_Library/Core/Src/usbd_core.o
                0x000000000800d276                USBD_GetNextDesc
 .text.SWAPBYTE
                0x000000000800d2b0       0x3c ./Middlewares/ST/STM32_USB_Device_Library/Core/Src/usbd_ctlreq.o
 .text.USBD_StdDevReq
                0x000000000800d2ec       0xe4 ./Middlewares/ST/STM32_USB_Device_Library/Core/Src/usbd_ctlreq.o
                0x000000000800d2ec                USBD_StdDevReq
 .text.USBD_StdItfReq
                0x000000000800d3d0       0xd8 ./Middlewares/ST/STM32_USB_Device_Library/Core/Src/usbd_ctlreq.o
                0x000000000800d3d0                USBD_StdItfReq
 .text.USBD_StdEPReq
                0x000000000800d4a8      0x33a ./Middlewares/ST/STM32_USB_Device_Library/Core/Src/usbd_ctlreq.o
                0x000000000800d4a8                USBD_StdEPReq
 *fill*         0x000000000800d7e2        0x2 
 .text.USBD_GetDescriptor
                0x000000000800d7e4      0x328 ./Middlewares/ST/STM32_USB_Device_Library/Core/Src/usbd_ctlreq.o
 .text.USBD_SetAddress
                0x000000000800db0c       0x88 ./Middlewares/ST/STM32_USB_Device_Library/Core/Src/usbd_ctlreq.o
 .text.USBD_SetConfig
                0x000000000800db94      0x154 ./Middlewares/ST/STM32_USB_Device_Library/Core/Src/usbd_ctlreq.o
 .text.USBD_GetConfig
                0x000000000800dce8       0x6c ./Middlewares/ST/STM32_USB_Device_Library/Core/Src/usbd_ctlreq.o
 .text.USBD_GetStatus
                0x000000000800dd54       0x68 ./Middlewares/ST/STM32_USB_Device_Library/Core/Src/usbd_ctlreq.o
 .text.USBD_SetFeature
                0x000000000800ddbc       0x52 ./Middlewares/ST/STM32_USB_Device_Library/Core/Src/usbd_ctlreq.o
 .text.USBD_ClrFeature
                0x000000000800de0e       0x44 ./Middlewares/ST/STM32_USB_Device_Library/Core/Src/usbd_ctlreq.o
 .text.USBD_ParseSetupRequest
                0x000000000800de52       0x74 ./Middlewares/ST/STM32_USB_Device_Library/Core/Src/usbd_ctlreq.o
                0x000000000800de52                USBD_ParseSetupRequest
 .text.USBD_CtlError
                0x000000000800dec6       0x22 ./Middlewares/ST/STM32_USB_Device_Library/Core/Src/usbd_ctlreq.o
                0x000000000800dec6                USBD_CtlError
 .text.USBD_GetString
                0x000000000800dee8       0x8c ./Middlewares/ST/STM32_USB_Device_Library/Core/Src/usbd_ctlreq.o
                0x000000000800dee8                USBD_GetString
 .text.USBD_GetLen
                0x000000000800df74       0x34 ./Middlewares/ST/STM32_USB_Device_Library/Core/Src/usbd_ctlreq.o
 .text.USBD_CtlSendData
                0x000000000800dfa8       0x36 ./Middlewares/ST/STM32_USB_Device_Library/Core/Src/usbd_ioreq.o
                0x000000000800dfa8                USBD_CtlSendData
 .text.USBD_CtlContinueSendData
                0x000000000800dfde       0x22 ./Middlewares/ST/STM32_USB_Device_Library/Core/Src/usbd_ioreq.o
                0x000000000800dfde                USBD_CtlContinueSendData
 .text.USBD_CtlPrepareRx
                0x000000000800e000       0x3a ./Middlewares/ST/STM32_USB_Device_Library/Core/Src/usbd_ioreq.o
                0x000000000800e000                USBD_CtlPrepareRx
 .text.USBD_CtlContinueRx
                0x000000000800e03a       0x22 ./Middlewares/ST/STM32_USB_Device_Library/Core/Src/usbd_ioreq.o
                0x000000000800e03a                USBD_CtlContinueRx
 .text.USBD_CtlSendStatus
                0x000000000800e05c       0x26 ./Middlewares/ST/STM32_USB_Device_Library/Core/Src/usbd_ioreq.o
                0x000000000800e05c                USBD_CtlSendStatus
 .text.USBD_CtlReceiveStatus
                0x000000000800e082       0x26 ./Middlewares/ST/STM32_USB_Device_Library/Core/Src/usbd_ioreq.o
                0x000000000800e082                USBD_CtlReceiveStatus
 .text.FATFS_LinkDriverEx
                0x000000000800e0a8       0x98 ./Middlewares/Third_Party/FatFs/src/ff_gen_drv.o
                0x000000000800e0a8                FATFS_LinkDriverEx
 .text.FATFS_LinkDriver
                0x000000000800e140       0x1e ./Middlewares/Third_Party/FatFs/src/ff_gen_drv.o
                0x000000000800e140                FATFS_LinkDriver
 *fill*         0x000000000800e15e        0x2 
 .text.MX_USB_DEVICE_Init
                0x000000000800e160       0x60 ./USB_DEVICE/App/usb_device.o
                0x000000000800e160                MX_USB_DEVICE_Init
 .text.CDC_Init_FS
                0x000000000800e1c0       0x28 ./USB_DEVICE/App/usbd_cdc_if.o
 .text.CDC_DeInit_FS
                0x000000000800e1e8       0x10 ./USB_DEVICE/App/usbd_cdc_if.o
 .text.CDC_Control_FS
                0x000000000800e1f8       0xbc ./USB_DEVICE/App/usbd_cdc_if.o
 .text.CDC_Receive_FS
                0x000000000800e2b4       0x54 ./USB_DEVICE/App/usbd_cdc_if.o
 .text.CDC_TransmitCplt_FS
                0x000000000800e308       0x22 ./USB_DEVICE/App/usbd_cdc_if.o
 *fill*         0x000000000800e32a        0x2 
 .text.USBD_FS_DeviceDescriptor
                0x000000000800e32c       0x24 ./USB_DEVICE/App/usbd_desc.o
                0x000000000800e32c                USBD_FS_DeviceDescriptor
 .text.USBD_FS_LangIDStrDescriptor
                0x000000000800e350       0x24 ./USB_DEVICE/App/usbd_desc.o
                0x000000000800e350                USBD_FS_LangIDStrDescriptor
 .text.USBD_FS_ProductStrDescriptor
                0x000000000800e374       0x3c ./USB_DEVICE/App/usbd_desc.o
                0x000000000800e374                USBD_FS_ProductStrDescriptor
 .text.USBD_FS_ManufacturerStrDescriptor
                0x000000000800e3b0       0x28 ./USB_DEVICE/App/usbd_desc.o
                0x000000000800e3b0                USBD_FS_ManufacturerStrDescriptor
 .text.USBD_FS_SerialStrDescriptor
                0x000000000800e3d8       0x24 ./USB_DEVICE/App/usbd_desc.o
                0x000000000800e3d8                USBD_FS_SerialStrDescriptor
 .text.USBD_FS_ConfigStrDescriptor
                0x000000000800e3fc       0x3c ./USB_DEVICE/App/usbd_desc.o
                0x000000000800e3fc                USBD_FS_ConfigStrDescriptor
 .text.USBD_FS_InterfaceStrDescriptor
                0x000000000800e438       0x3c ./USB_DEVICE/App/usbd_desc.o
                0x000000000800e438                USBD_FS_InterfaceStrDescriptor
 .text.USBD_FS_USR_BOSDescriptor
                0x000000000800e474       0x24 ./USB_DEVICE/App/usbd_desc.o
                0x000000000800e474                USBD_FS_USR_BOSDescriptor
 .text.Get_SerialNum
                0x000000000800e498       0x58 ./USB_DEVICE/App/usbd_desc.o
 .text.IntToUnicode
                0x000000000800e4f0       0x7e ./USB_DEVICE/App/usbd_desc.o
 *fill*         0x000000000800e56e        0x2 
 .text.HAL_PCD_MspInit
                0x000000000800e570       0xcc ./USB_DEVICE/Target/usbd_conf.o
                0x000000000800e570                HAL_PCD_MspInit
 .text.HAL_PCD_SetupStageCallback
                0x000000000800e63c       0x24 ./USB_DEVICE/Target/usbd_conf.o
                0x000000000800e63c                HAL_PCD_SetupStageCallback
 .text.HAL_PCD_DataOutStageCallback
                0x000000000800e660       0x36 ./USB_DEVICE/Target/usbd_conf.o
                0x000000000800e660                HAL_PCD_DataOutStageCallback
 .text.HAL_PCD_DataInStageCallback
                0x000000000800e696       0x34 ./USB_DEVICE/Target/usbd_conf.o
                0x000000000800e696                HAL_PCD_DataInStageCallback
 .text.HAL_PCD_SOFCallback
                0x000000000800e6ca       0x1c ./USB_DEVICE/Target/usbd_conf.o
                0x000000000800e6ca                HAL_PCD_SOFCallback
 .text.HAL_PCD_ResetCallback
                0x000000000800e6e6       0x3c ./USB_DEVICE/Target/usbd_conf.o
                0x000000000800e6e6                HAL_PCD_ResetCallback
 *fill*         0x000000000800e722        0x2 
 .text.HAL_PCD_SuspendCallback
                0x000000000800e724       0x4c ./USB_DEVICE/Target/usbd_conf.o
                0x000000000800e724                HAL_PCD_SuspendCallback
 .text.HAL_PCD_ResumeCallback
                0x000000000800e770       0x50 ./USB_DEVICE/Target/usbd_conf.o
                0x000000000800e770                HAL_PCD_ResumeCallback
 .text.HAL_PCD_ISOOUTIncompleteCallback
                0x000000000800e7c0       0x24 ./USB_DEVICE/Target/usbd_conf.o
                0x000000000800e7c0                HAL_PCD_ISOOUTIncompleteCallback
 .text.HAL_PCD_ISOINIncompleteCallback
                0x000000000800e7e4       0x24 ./USB_DEVICE/Target/usbd_conf.o
                0x000000000800e7e4                HAL_PCD_ISOINIncompleteCallback
 .text.HAL_PCD_ConnectCallback
                0x000000000800e808       0x1c ./USB_DEVICE/Target/usbd_conf.o
                0x000000000800e808                HAL_PCD_ConnectCallback
 .text.HAL_PCD_DisconnectCallback
                0x000000000800e824       0x1c ./USB_DEVICE/Target/usbd_conf.o
                0x000000000800e824                HAL_PCD_DisconnectCallback
 .text.USBD_LL_Init
                0x000000000800e840       0x98 ./USB_DEVICE/Target/usbd_conf.o
                0x000000000800e840                USBD_LL_Init
 .text.USBD_LL_Start
                0x000000000800e8d8       0x64 ./USB_DEVICE/Target/usbd_conf.o
                0x000000000800e8d8                USBD_LL_Start
 .text.USBD_LL_OpenEP
                0x000000000800e93c       0x7c ./USB_DEVICE/Target/usbd_conf.o
                0x000000000800e93c                USBD_LL_OpenEP
 .text.USBD_LL_CloseEP
                0x000000000800e9b8       0x6c ./USB_DEVICE/Target/usbd_conf.o
                0x000000000800e9b8                USBD_LL_CloseEP
 .text.USBD_LL_StallEP
                0x000000000800ea24       0x6c ./USB_DEVICE/Target/usbd_conf.o
                0x000000000800ea24                USBD_LL_StallEP
 .text.USBD_LL_ClearStallEP
                0x000000000800ea90       0x6c ./USB_DEVICE/Target/usbd_conf.o
                0x000000000800ea90                USBD_LL_ClearStallEP
 .text.USBD_LL_IsStallEP
                0x000000000800eafc       0x58 ./USB_DEVICE/Target/usbd_conf.o
                0x000000000800eafc                USBD_LL_IsStallEP
 .text.USBD_LL_SetUSBAddress
                0x000000000800eb54       0x6c ./USB_DEVICE/Target/usbd_conf.o
                0x000000000800eb54                USBD_LL_SetUSBAddress
 .text.USBD_LL_Transmit
                0x000000000800ebc0       0x70 ./USB_DEVICE/Target/usbd_conf.o
                0x000000000800ebc0                USBD_LL_Transmit
 .text.USBD_LL_PrepareReceive
                0x000000000800ec30       0x70 ./USB_DEVICE/Target/usbd_conf.o
                0x000000000800ec30                USBD_LL_PrepareReceive
 .text.USBD_LL_GetRxDataSize
                0x000000000800eca0       0x26 ./USB_DEVICE/Target/usbd_conf.o
                0x000000000800eca0                USBD_LL_GetRxDataSize
 *fill*         0x000000000800ecc6        0x2 
 .text.HAL_PCDEx_LPM_Callback
                0x000000000800ecc8       0x9c ./USB_DEVICE/Target/usbd_conf.o
                0x000000000800ecc8                HAL_PCDEx_LPM_Callback
 .text.USBD_static_malloc
                0x000000000800ed64       0x1c ./USB_DEVICE/Target/usbd_conf.o
                0x000000000800ed64                USBD_static_malloc
 .text.USBD_static_free
                0x000000000800ed80       0x14 ./USB_DEVICE/Target/usbd_conf.o
                0x000000000800ed80                USBD_static_free
 .text.SystemClockConfig_Resume
                0x000000000800ed94        0xc ./USB_DEVICE/Target/usbd_conf.o
 .text.__cvt    0x000000000800eda0       0xc4 F:/ST/STM32CubeIDE_1.12.0/STM32CubeIDE/plugins/com.st.stm32cube.ide.mcu.externaltools.gnu-tools-for-stm32.11.3.rel1.win32_1.1.0.202305231506/tools/bin/../lib/gcc/arm-none-eabi/11.3.1/../../../../arm-none-eabi/lib/thumb/v7e-m+fp/hard\libc_nano.a(libc_a-nano-vfprintf_float.o)
                0x000000000800eda0                __cvt
 .text.__exponent
                0x000000000800ee64       0x7c F:/ST/STM32CubeIDE_1.12.0/STM32CubeIDE/plugins/com.st.stm32cube.ide.mcu.externaltools.gnu-tools-for-stm32.11.3.rel1.win32_1.1.0.202305231506/tools/bin/../lib/gcc/arm-none-eabi/11.3.1/../../../../arm-none-eabi/lib/thumb/v7e-m+fp/hard\libc_nano.a(libc_a-nano-vfprintf_float.o)
                0x000000000800ee64                __exponent
 .text._printf_float
                0x000000000800eee0      0x46c F:/ST/STM32CubeIDE_1.12.0/STM32CubeIDE/plugins/com.st.stm32cube.ide.mcu.externaltools.gnu-tools-for-stm32.11.3.rel1.win32_1.1.0.202305231506/tools/bin/../lib/gcc/arm-none-eabi/11.3.1/../../../../arm-none-eabi/lib/thumb/v7e-m+fp/hard\libc_nano.a(libc_a-nano-vfprintf_float.o)
                0x000000000800eee0                _printf_float
 .text._printf_common
                0x000000000800f34c       0xda F:/ST/STM32CubeIDE_1.12.0/STM32CubeIDE/plugins/com.st.stm32cube.ide.mcu.externaltools.gnu-tools-for-stm32.11.3.rel1.win32_1.1.0.202305231506/tools/bin/../lib/gcc/arm-none-eabi/11.3.1/../../../../arm-none-eabi/lib/thumb/v7e-m+fp/hard\libc_nano.a(libc_a-nano-vfprintf_i.o)
                0x000000000800f34c                _printf_common
 *fill*         0x000000000800f426        0x2 
 .text._printf_i
                0x000000000800f428      0x244 F:/ST/STM32CubeIDE_1.12.0/STM32CubeIDE/plugins/com.st.stm32cube.ide.mcu.externaltools.gnu-tools-for-stm32.11.3.rel1.win32_1.1.0.202305231506/tools/bin/../lib/gcc/arm-none-eabi/11.3.1/../../../../arm-none-eabi/lib/thumb/v7e-m+fp/hard\libc_nano.a(libc_a-nano-vfprintf_i.o)
                0x000000000800f428                _printf_i
 .text._scanf_float
                0x000000000800f66c      0x420 F:/ST/STM32CubeIDE_1.12.0/STM32CubeIDE/plugins/com.st.stm32cube.ide.mcu.externaltools.gnu-tools-for-stm32.11.3.rel1.win32_1.1.0.202305231506/tools/bin/../lib/gcc/arm-none-eabi/11.3.1/../../../../arm-none-eabi/lib/thumb/v7e-m+fp/hard\libc_nano.a(libc_a-nano-vfscanf_float.o)
                0x000000000800f66c                _scanf_float
 .text.std      0x000000000800fa8c       0x48 F:/ST/STM32CubeIDE_1.12.0/STM32CubeIDE/plugins/com.st.stm32cube.ide.mcu.externaltools.gnu-tools-for-stm32.11.3.rel1.win32_1.1.0.202305231506/tools/bin/../lib/gcc/arm-none-eabi/11.3.1/../../../../arm-none-eabi/lib/thumb/v7e-m+fp/hard\libc_nano.a(libc_a-findfp.o)
 .text.stdio_exit_handler
                0x000000000800fad4       0x18 F:/ST/STM32CubeIDE_1.12.0/STM32CubeIDE/plugins/com.st.stm32cube.ide.mcu.externaltools.gnu-tools-for-stm32.11.3.rel1.win32_1.1.0.202305231506/tools/bin/../lib/gcc/arm-none-eabi/11.3.1/../../../../arm-none-eabi/lib/thumb/v7e-m+fp/hard\libc_nano.a(libc_a-findfp.o)
 .text.cleanup_stdio
                0x000000000800faec       0x40 F:/ST/STM32CubeIDE_1.12.0/STM32CubeIDE/plugins/com.st.stm32cube.ide.mcu.externaltools.gnu-tools-for-stm32.11.3.rel1.win32_1.1.0.202305231506/tools/bin/../lib/gcc/arm-none-eabi/11.3.1/../../../../arm-none-eabi/lib/thumb/v7e-m+fp/hard\libc_nano.a(libc_a-findfp.o)
 .text.global_stdio_init.part.0
                0x000000000800fb2c       0x3c F:/ST/STM32CubeIDE_1.12.0/STM32CubeIDE/plugins/com.st.stm32cube.ide.mcu.externaltools.gnu-tools-for-stm32.11.3.rel1.win32_1.1.0.202305231506/tools/bin/../lib/gcc/arm-none-eabi/11.3.1/../../../../arm-none-eabi/lib/thumb/v7e-m+fp/hard\libc_nano.a(libc_a-findfp.o)
 .text.__sfp_lock_acquire
                0x000000000800fb68        0xc F:/ST/STM32CubeIDE_1.12.0/STM32CubeIDE/plugins/com.st.stm32cube.ide.mcu.externaltools.gnu-tools-for-stm32.11.3.rel1.win32_1.1.0.202305231506/tools/bin/../lib/gcc/arm-none-eabi/11.3.1/../../../../arm-none-eabi/lib/thumb/v7e-m+fp/hard\libc_nano.a(libc_a-findfp.o)
                0x000000000800fb68                __sfp_lock_acquire
 .text.__sfp_lock_release
                0x000000000800fb74        0xc F:/ST/STM32CubeIDE_1.12.0/STM32CubeIDE/plugins/com.st.stm32cube.ide.mcu.externaltools.gnu-tools-for-stm32.11.3.rel1.win32_1.1.0.202305231506/tools/bin/../lib/gcc/arm-none-eabi/11.3.1/../../../../arm-none-eabi/lib/thumb/v7e-m+fp/hard\libc_nano.a(libc_a-findfp.o)
                0x000000000800fb74                __sfp_lock_release
 .text.__sinit  0x000000000800fb80       0x30 F:/ST/STM32CubeIDE_1.12.0/STM32CubeIDE/plugins/com.st.stm32cube.ide.mcu.externaltools.gnu-tools-for-stm32.11.3.rel1.win32_1.1.0.202305231506/tools/bin/../lib/gcc/arm-none-eabi/11.3.1/../../../../arm-none-eabi/lib/thumb/v7e-m+fp/hard\libc_nano.a(libc_a-findfp.o)
                0x000000000800fb80                __sinit
 .text._fwalk_sglue
                0x000000000800fbb0       0x3c F:/ST/STM32CubeIDE_1.12.0/STM32CubeIDE/plugins/com.st.stm32cube.ide.mcu.externaltools.gnu-tools-for-stm32.11.3.rel1.win32_1.1.0.202305231506/tools/bin/../lib/gcc/arm-none-eabi/11.3.1/../../../../arm-none-eabi/lib/thumb/v7e-m+fp/hard\libc_nano.a(libc_a-fwalk.o)
                0x000000000800fbb0                _fwalk_sglue
 .text.sprintf  0x000000000800fbec       0x40 F:/ST/STM32CubeIDE_1.12.0/STM32CubeIDE/plugins/com.st.stm32cube.ide.mcu.externaltools.gnu-tools-for-stm32.11.3.rel1.win32_1.1.0.202305231506/tools/bin/../lib/gcc/arm-none-eabi/11.3.1/../../../../arm-none-eabi/lib/thumb/v7e-m+fp/hard\libc_nano.a(libc_a-sprintf.o)
                0x000000000800fbec                siprintf
                0x000000000800fbec                sprintf
 .text.__sread  0x000000000800fc2c       0x22 F:/ST/STM32CubeIDE_1.12.0/STM32CubeIDE/plugins/com.st.stm32cube.ide.mcu.externaltools.gnu-tools-for-stm32.11.3.rel1.win32_1.1.0.202305231506/tools/bin/../lib/gcc/arm-none-eabi/11.3.1/../../../../arm-none-eabi/lib/thumb/v7e-m+fp/hard\libc_nano.a(libc_a-stdio.o)
                0x000000000800fc2c                __sread
 .text.__swrite
                0x000000000800fc4e       0x38 F:/ST/STM32CubeIDE_1.12.0/STM32CubeIDE/plugins/com.st.stm32cube.ide.mcu.externaltools.gnu-tools-for-stm32.11.3.rel1.win32_1.1.0.202305231506/tools/bin/../lib/gcc/arm-none-eabi/11.3.1/../../../../arm-none-eabi/lib/thumb/v7e-m+fp/hard\libc_nano.a(libc_a-stdio.o)
                0x000000000800fc4e                __swrite
 .text.__sseek  0x000000000800fc86       0x24 F:/ST/STM32CubeIDE_1.12.0/STM32CubeIDE/plugins/com.st.stm32cube.ide.mcu.externaltools.gnu-tools-for-stm32.11.3.rel1.win32_1.1.0.202305231506/tools/bin/../lib/gcc/arm-none-eabi/11.3.1/../../../../arm-none-eabi/lib/thumb/v7e-m+fp/hard\libc_nano.a(libc_a-stdio.o)
                0x000000000800fc86                __sseek
 .text.__sclose
                0x000000000800fcaa        0x8 F:/ST/STM32CubeIDE_1.12.0/STM32CubeIDE/plugins/com.st.stm32cube.ide.mcu.externaltools.gnu-tools-for-stm32.11.3.rel1.win32_1.1.0.202305231506/tools/bin/../lib/gcc/arm-none-eabi/11.3.1/../../../../arm-none-eabi/lib/thumb/v7e-m+fp/hard\libc_nano.a(libc_a-stdio.o)
                0x000000000800fcaa                __sclose
 .text.memset   0x000000000800fcb2       0x10 F:/ST/STM32CubeIDE_1.12.0/STM32CubeIDE/plugins/com.st.stm32cube.ide.mcu.externaltools.gnu-tools-for-stm32.11.3.rel1.win32_1.1.0.202305231506/tools/bin/../lib/gcc/arm-none-eabi/11.3.1/../../../../arm-none-eabi/lib/thumb/v7e-m+fp/hard\libc_nano.a(libc_a-memset.o)
                0x000000000800fcb2                memset
 *fill*         0x000000000800fcc2        0x2 
 .text._localeconv_r
                0x000000000800fcc4        0x8 F:/ST/STM32CubeIDE_1.12.0/STM32CubeIDE/plugins/com.st.stm32cube.ide.mcu.externaltools.gnu-tools-for-stm32.11.3.rel1.win32_1.1.0.202305231506/tools/bin/../lib/gcc/arm-none-eabi/11.3.1/../../../../arm-none-eabi/lib/thumb/v7e-m+fp/hard\libc_nano.a(libc_a-localeconv.o)
                0x000000000800fcc4                _localeconv_r
 .text._close_r
                0x000000000800fccc       0x20 F:/ST/STM32CubeIDE_1.12.0/STM32CubeIDE/plugins/com.st.stm32cube.ide.mcu.externaltools.gnu-tools-for-stm32.11.3.rel1.win32_1.1.0.202305231506/tools/bin/../lib/gcc/arm-none-eabi/11.3.1/../../../../arm-none-eabi/lib/thumb/v7e-m+fp/hard\libc_nano.a(libc_a-closer.o)
                0x000000000800fccc                _close_r
 .text._lseek_r
                0x000000000800fcec       0x24 F:/ST/STM32CubeIDE_1.12.0/STM32CubeIDE/plugins/com.st.stm32cube.ide.mcu.externaltools.gnu-tools-for-stm32.11.3.rel1.win32_1.1.0.202305231506/tools/bin/../lib/gcc/arm-none-eabi/11.3.1/../../../../arm-none-eabi/lib/thumb/v7e-m+fp/hard\libc_nano.a(libc_a-lseekr.o)
                0x000000000800fcec                _lseek_r
 .text._read_r  0x000000000800fd10       0x24 F:/ST/STM32CubeIDE_1.12.0/STM32CubeIDE/plugins/com.st.stm32cube.ide.mcu.externaltools.gnu-tools-for-stm32.11.3.rel1.win32_1.1.0.202305231506/tools/bin/../lib/gcc/arm-none-eabi/11.3.1/../../../../arm-none-eabi/lib/thumb/v7e-m+fp/hard\libc_nano.a(libc_a-readr.o)
                0x000000000800fd10                _read_r
 .text._write_r
                0x000000000800fd34       0x24 F:/ST/STM32CubeIDE_1.12.0/STM32CubeIDE/plugins/com.st.stm32cube.ide.mcu.externaltools.gnu-tools-for-stm32.11.3.rel1.win32_1.1.0.202305231506/tools/bin/../lib/gcc/arm-none-eabi/11.3.1/../../../../arm-none-eabi/lib/thumb/v7e-m+fp/hard\libc_nano.a(libc_a-writer.o)
                0x000000000800fd34                _write_r
 .text.__errno  0x000000000800fd58        0xc F:/ST/STM32CubeIDE_1.12.0/STM32CubeIDE/plugins/com.st.stm32cube.ide.mcu.externaltools.gnu-tools-for-stm32.11.3.rel1.win32_1.1.0.202305231506/tools/bin/../lib/gcc/arm-none-eabi/11.3.1/../../../../arm-none-eabi/lib/thumb/v7e-m+fp/hard\libc_nano.a(libc_a-errno.o)
                0x000000000800fd58                __errno
 .text.__libc_init_array
                0x000000000800fd64       0x48 F:/ST/STM32CubeIDE_1.12.0/STM32CubeIDE/plugins/com.st.stm32cube.ide.mcu.externaltools.gnu-tools-for-stm32.11.3.rel1.win32_1.1.0.202305231506/tools/bin/../lib/gcc/arm-none-eabi/11.3.1/../../../../arm-none-eabi/lib/thumb/v7e-m+fp/hard\libc_nano.a(libc_a-init.o)
                0x000000000800fd64                __libc_init_array
 .text.__retarget_lock_acquire_recursive
                0x000000000800fdac        0x2 F:/ST/STM32CubeIDE_1.12.0/STM32CubeIDE/plugins/com.st.stm32cube.ide.mcu.externaltools.gnu-tools-for-stm32.11.3.rel1.win32_1.1.0.202305231506/tools/bin/../lib/gcc/arm-none-eabi/11.3.1/../../../../arm-none-eabi/lib/thumb/v7e-m+fp/hard\libc_nano.a(libc_a-lock.o)
                0x000000000800fdac                __retarget_lock_acquire_recursive
 .text.__retarget_lock_release_recursive
                0x000000000800fdae        0x2 F:/ST/STM32CubeIDE_1.12.0/STM32CubeIDE/plugins/com.st.stm32cube.ide.mcu.externaltools.gnu-tools-for-stm32.11.3.rel1.win32_1.1.0.202305231506/tools/bin/../lib/gcc/arm-none-eabi/11.3.1/../../../../arm-none-eabi/lib/thumb/v7e-m+fp/hard\libc_nano.a(libc_a-lock.o)
                0x000000000800fdae                __retarget_lock_release_recursive
 .text.memcpy   0x000000000800fdb0       0x1c F:/ST/STM32CubeIDE_1.12.0/STM32CubeIDE/plugins/com.st.stm32cube.ide.mcu.externaltools.gnu-tools-for-stm32.11.3.rel1.win32_1.1.0.202305231506/tools/bin/../lib/gcc/arm-none-eabi/11.3.1/../../../../arm-none-eabi/lib/thumb/v7e-m+fp/hard\libc_nano.a(libc_a-memcpy-stub.o)
                0x000000000800fdb0                memcpy
 .text.nanf     0x000000000800fdcc        0xc F:/ST/STM32CubeIDE_1.12.0/STM32CubeIDE/plugins/com.st.stm32cube.ide.mcu.externaltools.gnu-tools-for-stm32.11.3.rel1.win32_1.1.0.202305231506/tools/bin/../lib/gcc/arm-none-eabi/11.3.1/../../../../arm-none-eabi/lib/thumb/v7e-m+fp/hard\libc_nano.a(libm_a-sf_nan.o)
                0x000000000800fdcc                nanf
 .text.quorem   0x000000000800fdd8      0x110 F:/ST/STM32CubeIDE_1.12.0/STM32CubeIDE/plugins/com.st.stm32cube.ide.mcu.externaltools.gnu-tools-for-stm32.11.3.rel1.win32_1.1.0.202305231506/tools/bin/../lib/gcc/arm-none-eabi/11.3.1/../../../../arm-none-eabi/lib/thumb/v7e-m+fp/hard\libc_nano.a(libc_a-dtoa.o)
 .text._dtoa_r  0x000000000800fee8      0xbe4 F:/ST/STM32CubeIDE_1.12.0/STM32CubeIDE/plugins/com.st.stm32cube.ide.mcu.externaltools.gnu-tools-for-stm32.11.3.rel1.win32_1.1.0.202305231506/tools/bin/../lib/gcc/arm-none-eabi/11.3.1/../../../../arm-none-eabi/lib/thumb/v7e-m+fp/hard\libc_nano.a(libc_a-dtoa.o)
                0x000000000800fee8                _dtoa_r
 .text._free_r  0x0000000008010acc       0x98 F:/ST/STM32CubeIDE_1.12.0/STM32CubeIDE/plugins/com.st.stm32cube.ide.mcu.externaltools.gnu-tools-for-stm32.11.3.rel1.win32_1.1.0.202305231506/tools/bin/../lib/gcc/arm-none-eabi/11.3.1/../../../../arm-none-eabi/lib/thumb/v7e-m+fp/hard\libc_nano.a(libc_a-freer.o)
                0x0000000008010acc                _free_r
 .text.malloc   0x0000000008010b64       0x10 F:/ST/STM32CubeIDE_1.12.0/STM32CubeIDE/plugins/com.st.stm32cube.ide.mcu.externaltools.gnu-tools-for-stm32.11.3.rel1.win32_1.1.0.202305231506/tools/bin/../lib/gcc/arm-none-eabi/11.3.1/../../../../arm-none-eabi/lib/thumb/v7e-m+fp/hard\libc_nano.a(libc_a-malloc.o)
                0x0000000008010b64                malloc
 .text.sbrk_aligned
                0x0000000008010b74       0x40 F:/ST/STM32CubeIDE_1.12.0/STM32CubeIDE/plugins/com.st.stm32cube.ide.mcu.externaltools.gnu-tools-for-stm32.11.3.rel1.win32_1.1.0.202305231506/tools/bin/../lib/gcc/arm-none-eabi/11.3.1/../../../../arm-none-eabi/lib/thumb/v7e-m+fp/hard\libc_nano.a(libc_a-mallocr.o)
 .text._malloc_r
                0x0000000008010bb4      0x100 F:/ST/STM32CubeIDE_1.12.0/STM32CubeIDE/plugins/com.st.stm32cube.ide.mcu.externaltools.gnu-tools-for-stm32.11.3.rel1.win32_1.1.0.202305231506/tools/bin/../lib/gcc/arm-none-eabi/11.3.1/../../../../arm-none-eabi/lib/thumb/v7e-m+fp/hard\libc_nano.a(libc_a-mallocr.o)
                0x0000000008010bb4                _malloc_r
 .text.__malloc_lock
                0x0000000008010cb4        0xc F:/ST/STM32CubeIDE_1.12.0/STM32CubeIDE/plugins/com.st.stm32cube.ide.mcu.externaltools.gnu-tools-for-stm32.11.3.rel1.win32_1.1.0.202305231506/tools/bin/../lib/gcc/arm-none-eabi/11.3.1/../../../../arm-none-eabi/lib/thumb/v7e-m+fp/hard\libc_nano.a(libc_a-mlock.o)
                0x0000000008010cb4                __malloc_lock
 .text.__malloc_unlock
                0x0000000008010cc0        0xc F:/ST/STM32CubeIDE_1.12.0/STM32CubeIDE/plugins/com.st.stm32cube.ide.mcu.externaltools.gnu-tools-for-stm32.11.3.rel1.win32_1.1.0.202305231506/tools/bin/../lib/gcc/arm-none-eabi/11.3.1/../../../../arm-none-eabi/lib/thumb/v7e-m+fp/hard\libc_nano.a(libc_a-mlock.o)
                0x0000000008010cc0                __malloc_unlock
 .text._Balloc  0x0000000008010ccc       0x80 F:/ST/STM32CubeIDE_1.12.0/STM32CubeIDE/plugins/com.st.stm32cube.ide.mcu.externaltools.gnu-tools-for-stm32.11.3.rel1.win32_1.1.0.202305231506/tools/bin/../lib/gcc/arm-none-eabi/11.3.1/../../../../arm-none-eabi/lib/thumb/v7e-m+fp/hard\libc_nano.a(libc_a-mprec.o)
                0x0000000008010ccc                _Balloc
 .text._Bfree   0x0000000008010d4c       0x44 F:/ST/STM32CubeIDE_1.12.0/STM32CubeIDE/plugins/com.st.stm32cube.ide.mcu.externaltools.gnu-tools-for-stm32.11.3.rel1.win32_1.1.0.202305231506/tools/bin/../lib/gcc/arm-none-eabi/11.3.1/../../../../arm-none-eabi/lib/thumb/v7e-m+fp/hard\libc_nano.a(libc_a-mprec.o)
                0x0000000008010d4c                _Bfree
 .text.__multadd
                0x0000000008010d90       0x8c F:/ST/STM32CubeIDE_1.12.0/STM32CubeIDE/plugins/com.st.stm32cube.ide.mcu.externaltools.gnu-tools-for-stm32.11.3.rel1.win32_1.1.0.202305231506/tools/bin/../lib/gcc/arm-none-eabi/11.3.1/../../../../arm-none-eabi/lib/thumb/v7e-m+fp/hard\libc_nano.a(libc_a-mprec.o)
                0x0000000008010d90                __multadd