../Core/Src/main.c:79:6:HAL_GPIO_EXTI_Callback	16	static
../Core/Src/main.c:105:5:main	8	static
../Core/Src/main.c:187:6:SystemClock_Config	96	static
../Core/Src/main.c:237:13:MX_I2C3_Init	8	static
../Core/Src/main.c:285:13:MX_RTC_Init	32	static
../Core/Src/main.c:349:13:MX_SDMMC1_SD_Init	4	static
../Core/Src/main.c:375:13:MX_DMA_Init	16	static
../Core/Src/main.c:393:13:MX_GPIO_Init	48	static
../Core/Src/main.c:436:6:WriteFile	1152	static
../Core/Src/main.c:454:6:Error_Handler	4	static,ignoring_inline_asm
